###############################################################################
#
# IAR ELF Linker V8.32.1.169/W32 for ARM                  10/Feb/2022  13:48:18
# Copyright 2007-2018 IAR Systems AB.
#
#    Output file  =  
#        C:\Users\Ahmad\WorkSpace\PosheshHayeNanoSakhtar\LCD_BOARD_Firmware\Panel\Panel_V.14_LTDC_NEW_4.3_(V13-Modified)\EWARM\Panel_V10\Exe\Panel_V10.out
#    Map file     =  
#        C:\Users\Ahmad\WorkSpace\PosheshHayeNanoSakhtar\LCD_BOARD_Firmware\Panel\Panel_V.14_LTDC_NEW_4.3_(V13-Modified)\EWARM\Panel_V10\List\Panel_V10.map
#    Command line =  
#        -f C:\Users\Ahmad\AppData\Local\Temp\EW3101.tmp
#        ("C:\Users\Ahmad\WorkSpace\PosheshHayeNanoSakhtar\LCD_BOARD_Firmware\Panel\Panel_V.14_LTDC_NEW_4.3_(V13-Modified)\EWARM\Panel_V10\Obj\app_touchgfx.o"
#        "C:\Users\Ahmad\WorkSpace\PosheshHayeNanoSakhtar\LCD_BOARD_Firmware\Panel\Panel_V.14_LTDC_NEW_4.3_(V13-Modified)\EWARM\Panel_V10\Obj\ApplicationFontProvider.o"
#        "C:\Users\Ahmad\WorkSpace\PosheshHayeNanoSakhtar\LCD_BOARD_Firmware\Panel\Panel_V.14_LTDC_NEW_4.3_(V13-Modified)\EWARM\Panel_V10\Obj\BitmapDatabase.o"
#        "C:\Users\Ahmad\WorkSpace\PosheshHayeNanoSakhtar\LCD_BOARD_Firmware\Panel\Panel_V.14_LTDC_NEW_4.3_(V13-Modified)\EWARM\Panel_V10\Obj\CachedFont.o"
#        "C:\Users\Ahmad\WorkSpace\PosheshHayeNanoSakhtar\LCD_BOARD_Firmware\Panel\Panel_V.14_LTDC_NEW_4.3_(V13-Modified)\EWARM\Panel_V10\Obj\cmsis_os.o"
#        "C:\Users\Ahmad\WorkSpace\PosheshHayeNanoSakhtar\LCD_BOARD_Firmware\Panel\Panel_V.14_LTDC_NEW_4.3_(V13-Modified)\EWARM\Panel_V10\Obj\croutine.o"
#        "C:\Users\Ahmad\WorkSpace\PosheshHayeNanoSakhtar\LCD_BOARD_Firmware\Panel\Panel_V.14_LTDC_NEW_4.3_(V13-Modified)\EWARM\Panel_V10\Obj\CustomContainer1.o"
#        "C:\Users\Ahmad\WorkSpace\PosheshHayeNanoSakhtar\LCD_BOARD_Firmware\Panel\Panel_V.14_LTDC_NEW_4.3_(V13-Modified)\EWARM\Panel_V10\Obj\CustomContainer1Base.o"
#        "C:\Users\Ahmad\WorkSpace\PosheshHayeNanoSakhtar\LCD_BOARD_Firmware\Panel\Panel_V.14_LTDC_NEW_4.3_(V13-Modified)\EWARM\Panel_V10\Obj\CustomContainer2.o"
#        "C:\Users\Ahmad\WorkSpace\PosheshHayeNanoSakhtar\LCD_BOARD_Firmware\Panel\Panel_V.14_LTDC_NEW_4.3_(V13-Modified)\EWARM\Panel_V10\Obj\CustomContainer2Base.o"
#        "C:\Users\Ahmad\WorkSpace\PosheshHayeNanoSakhtar\LCD_BOARD_Firmware\Panel\Panel_V.14_LTDC_NEW_4.3_(V13-Modified)\EWARM\Panel_V10\Obj\delay.o"
#        "C:\Users\Ahmad\WorkSpace\PosheshHayeNanoSakhtar\LCD_BOARD_Firmware\Panel\Panel_V.14_LTDC_NEW_4.3_(V13-Modified)\EWARM\Panel_V10\Obj\event_groups.o"
#        "C:\Users\Ahmad\WorkSpace\PosheshHayeNanoSakhtar\LCD_BOARD_Firmware\Panel\Panel_V.14_LTDC_NEW_4.3_(V13-Modified)\EWARM\Panel_V10\Obj\Font_times_8_4bpp_0.o"
#        "C:\Users\Ahmad\WorkSpace\PosheshHayeNanoSakhtar\LCD_BOARD_Firmware\Panel\Panel_V.14_LTDC_NEW_4.3_(V13-Modified)\EWARM\Panel_V10\Obj\Font_timesbd_28_4bpp_0.o"
#        "C:\Users\Ahmad\WorkSpace\PosheshHayeNanoSakhtar\LCD_BOARD_Firmware\Panel\Panel_V.14_LTDC_NEW_4.3_(V13-Modified)\EWARM\Panel_V10\Obj\Font_verdana_10_4bpp_0.o"
#        "C:\Users\Ahmad\WorkSpace\PosheshHayeNanoSakhtar\LCD_BOARD_Firmware\Panel\Panel_V.14_LTDC_NEW_4.3_(V13-Modified)\EWARM\Panel_V10\Obj\Font_verdana_11_4bpp_0.o"
#        "C:\Users\Ahmad\WorkSpace\PosheshHayeNanoSakhtar\LCD_BOARD_Firmware\Panel\Panel_V.14_LTDC_NEW_4.3_(V13-Modified)\EWARM\Panel_V10\Obj\Font_verdana_17_4bpp_0.o"
#        "C:\Users\Ahmad\WorkSpace\PosheshHayeNanoSakhtar\LCD_BOARD_Firmware\Panel\Panel_V.14_LTDC_NEW_4.3_(V13-Modified)\EWARM\Panel_V10\Obj\Font_verdana_20_4bpp_0.o"
#        "C:\Users\Ahmad\WorkSpace\PosheshHayeNanoSakhtar\LCD_BOARD_Firmware\Panel\Panel_V.14_LTDC_NEW_4.3_(V13-Modified)\EWARM\Panel_V10\Obj\Font_verdana_40_4bpp_0.o"
#        "C:\Users\Ahmad\WorkSpace\PosheshHayeNanoSakhtar\LCD_BOARD_Firmware\Panel\Panel_V.14_LTDC_NEW_4.3_(V13-Modified)\EWARM\Panel_V10\Obj\Font_verdana_7_4bpp_0.o"
#        "C:\Users\Ahmad\WorkSpace\PosheshHayeNanoSakhtar\LCD_BOARD_Firmware\Panel\Panel_V.14_LTDC_NEW_4.3_(V13-Modified)\EWARM\Panel_V10\Obj\FontCache.o"
#        "C:\Users\Ahmad\WorkSpace\PosheshHayeNanoSakhtar\LCD_BOARD_Firmware\Panel\Panel_V.14_LTDC_NEW_4.3_(V13-Modified)\EWARM\Panel_V10\Obj\freertos.o"
#        "C:\Users\Ahmad\WorkSpace\PosheshHayeNanoSakhtar\LCD_BOARD_Firmware\Panel\Panel_V.14_LTDC_NEW_4.3_(V13-Modified)\EWARM\Panel_V10\Obj\FrontendApplication.o"
#        "C:\Users\Ahmad\WorkSpace\PosheshHayeNanoSakhtar\LCD_BOARD_Firmware\Panel\Panel_V.14_LTDC_NEW_4.3_(V13-Modified)\EWARM\Panel_V10\Obj\FrontendApplicationBase.o"
#        "C:\Users\Ahmad\WorkSpace\PosheshHayeNanoSakhtar\LCD_BOARD_Firmware\Panel\Panel_V.14_LTDC_NEW_4.3_(V13-Modified)\EWARM\Panel_V10\Obj\GeneratedFont.o"
#        "C:\Users\Ahmad\WorkSpace\PosheshHayeNanoSakhtar\LCD_BOARD_Firmware\Panel\Panel_V.14_LTDC_NEW_4.3_(V13-Modified)\EWARM\Panel_V10\Obj\heap_4.o"
#        "C:\Users\Ahmad\WorkSpace\PosheshHayeNanoSakhtar\LCD_BOARD_Firmware\Panel\Panel_V.14_LTDC_NEW_4.3_(V13-Modified)\EWARM\Panel_V10\Obj\image_Blue_Buttons_Round_Edge_small.o"
#        "C:\Users\Ahmad\WorkSpace\PosheshHayeNanoSakhtar\LCD_BOARD_Firmware\Panel\Panel_V.14_LTDC_NEW_4.3_(V13-Modified)\EWARM\Panel_V10\Obj\image_Blue_Buttons_Round_Edge_small_pressed.o"
#        "C:\Users\Ahmad\WorkSpace\PosheshHayeNanoSakhtar\LCD_BOARD_Firmware\Panel\Panel_V.14_LTDC_NEW_4.3_(V13-Modified)\EWARM\Panel_V10\Obj\image_Blue_Icons_Down_arrow_32.o"
#        "C:\Users\Ahmad\WorkSpace\PosheshHayeNanoSakhtar\LCD_BOARD_Firmware\Panel\Panel_V.14_LTDC_NEW_4.3_(V13-Modified)\EWARM\Panel_V10\Obj\image_Blue_Textures_church.o"
#        "C:\Users\Ahmad\WorkSpace\PosheshHayeNanoSakhtar\LCD_BOARD_Firmware\Panel\Panel_V.14_LTDC_NEW_4.3_(V13-Modified)\EWARM\Panel_V10\Obj\image_touchgfx_logo.o"
#        "C:\Users\Ahmad\WorkSpace\PosheshHayeNanoSakhtar\LCD_BOARD_Firmware\Panel\Panel_V.14_LTDC_NEW_4.3_(V13-Modified)\EWARM\Panel_V10\Obj\Kerning_times_8_4bpp.o"
#        "C:\Users\Ahmad\WorkSpace\PosheshHayeNanoSakhtar\LCD_BOARD_Firmware\Panel\Panel_V.14_LTDC_NEW_4.3_(V13-Modified)\EWARM\Panel_V10\Obj\Kerning_timesbd_28_4bpp.o"
#        "C:\Users\Ahmad\WorkSpace\PosheshHayeNanoSakhtar\LCD_BOARD_Firmware\Panel\Panel_V.14_LTDC_NEW_4.3_(V13-Modified)\EWARM\Panel_V10\Obj\Kerning_verdana_10_4bpp.o"
#        "C:\Users\Ahmad\WorkSpace\PosheshHayeNanoSakhtar\LCD_BOARD_Firmware\Panel\Panel_V.14_LTDC_NEW_4.3_(V13-Modified)\EWARM\Panel_V10\Obj\Kerning_verdana_11_4bpp.o"
#        "C:\Users\Ahmad\WorkSpace\PosheshHayeNanoSakhtar\LCD_BOARD_Firmware\Panel\Panel_V.14_LTDC_NEW_4.3_(V13-Modified)\EWARM\Panel_V10\Obj\Kerning_verdana_17_4bpp.o"
#        "C:\Users\Ahmad\WorkSpace\PosheshHayeNanoSakhtar\LCD_BOARD_Firmware\Panel\Panel_V.14_LTDC_NEW_4.3_(V13-Modified)\EWARM\Panel_V10\Obj\Kerning_verdana_20_4bpp.o"
#        "C:\Users\Ahmad\WorkSpace\PosheshHayeNanoSakhtar\LCD_BOARD_Firmware\Panel\Panel_V.14_LTDC_NEW_4.3_(V13-Modified)\EWARM\Panel_V10\Obj\Kerning_verdana_40_4bpp.o"
#        "C:\Users\Ahmad\WorkSpace\PosheshHayeNanoSakhtar\LCD_BOARD_Firmware\Panel\Panel_V.14_LTDC_NEW_4.3_(V13-Modified)\EWARM\Panel_V10\Obj\Kerning_verdana_7_4bpp.o"
#        "C:\Users\Ahmad\WorkSpace\PosheshHayeNanoSakhtar\LCD_BOARD_Firmware\Panel\Panel_V.14_LTDC_NEW_4.3_(V13-Modified)\EWARM\Panel_V10\Obj\LanguageGb.o"
#        "C:\Users\Ahmad\WorkSpace\PosheshHayeNanoSakhtar\LCD_BOARD_Firmware\Panel\Panel_V.14_LTDC_NEW_4.3_(V13-Modified)\EWARM\Panel_V10\Obj\list.o"
#        "C:\Users\Ahmad\WorkSpace\PosheshHayeNanoSakhtar\LCD_BOARD_Firmware\Panel\Panel_V.14_LTDC_NEW_4.3_(V13-Modified)\EWARM\Panel_V10\Obj\LogoScreenPresenter.o"
#        "C:\Users\Ahmad\WorkSpace\PosheshHayeNanoSakhtar\LCD_BOARD_Firmware\Panel\Panel_V.14_LTDC_NEW_4.3_(V13-Modified)\EWARM\Panel_V10\Obj\LogoScreenView.o"
#        "C:\Users\Ahmad\WorkSpace\PosheshHayeNanoSakhtar\LCD_BOARD_Firmware\Panel\Panel_V.14_LTDC_NEW_4.3_(V13-Modified)\EWARM\Panel_V10\Obj\LogoScreenViewBase.o"
#        "C:\Users\Ahmad\WorkSpace\PosheshHayeNanoSakhtar\LCD_BOARD_Firmware\Panel\Panel_V.14_LTDC_NEW_4.3_(V13-Modified)\EWARM\Panel_V10\Obj\main.o"
#        "C:\Users\Ahmad\WorkSpace\PosheshHayeNanoSakhtar\LCD_BOARD_Firmware\Panel\Panel_V.14_LTDC_NEW_4.3_(V13-Modified)\EWARM\Panel_V10\Obj\MainScreenPresenter.o"
#        "C:\Users\Ahmad\WorkSpace\PosheshHayeNanoSakhtar\LCD_BOARD_Firmware\Panel\Panel_V.14_LTDC_NEW_4.3_(V13-Modified)\EWARM\Panel_V10\Obj\MainScreenView.o"
#        "C:\Users\Ahmad\WorkSpace\PosheshHayeNanoSakhtar\LCD_BOARD_Firmware\Panel\Panel_V.14_LTDC_NEW_4.3_(V13-Modified)\EWARM\Panel_V10\Obj\MainScreenViewBase.o"
#        "C:\Users\Ahmad\WorkSpace\PosheshHayeNanoSakhtar\LCD_BOARD_Firmware\Panel\Panel_V.14_LTDC_NEW_4.3_(V13-Modified)\EWARM\Panel_V10\Obj\Model.o"
#        "C:\Users\Ahmad\WorkSpace\PosheshHayeNanoSakhtar\LCD_BOARD_Firmware\Panel\Panel_V.14_LTDC_NEW_4.3_(V13-Modified)\EWARM\Panel_V10\Obj\OSWrappers.o"
#        "C:\Users\Ahmad\WorkSpace\PosheshHayeNanoSakhtar\LCD_BOARD_Firmware\Panel\Panel_V.14_LTDC_NEW_4.3_(V13-Modified)\EWARM\Panel_V10\Obj\port.o"
#        "C:\Users\Ahmad\WorkSpace\PosheshHayeNanoSakhtar\LCD_BOARD_Firmware\Panel\Panel_V.14_LTDC_NEW_4.3_(V13-Modified)\EWARM\Panel_V10\Obj\portasm.o"
#        "C:\Users\Ahmad\WorkSpace\PosheshHayeNanoSakhtar\LCD_BOARD_Firmware\Panel\Panel_V.14_LTDC_NEW_4.3_(V13-Modified)\EWARM\Panel_V10\Obj\queue.o"
#        "C:\Users\Ahmad\WorkSpace\PosheshHayeNanoSakhtar\LCD_BOARD_Firmware\Panel\Panel_V.14_LTDC_NEW_4.3_(V13-Modified)\EWARM\Panel_V10\Obj\Screen1Presenter.o"
#        "C:\Users\Ahmad\WorkSpace\PosheshHayeNanoSakhtar\LCD_BOARD_Firmware\Panel\Panel_V.14_LTDC_NEW_4.3_(V13-Modified)\EWARM\Panel_V10\Obj\Screen1View.o"
#        "C:\Users\Ahmad\WorkSpace\PosheshHayeNanoSakhtar\LCD_BOARD_Firmware\Panel\Panel_V.14_LTDC_NEW_4.3_(V13-Modified)\EWARM\Panel_V10\Obj\Screen1ViewBase.o"
#        "C:\Users\Ahmad\WorkSpace\PosheshHayeNanoSakhtar\LCD_BOARD_Firmware\Panel\Panel_V.14_LTDC_NEW_4.3_(V13-Modified)\EWARM\Panel_V10\Obj\startup_stm32f429xx.o"
#        "C:\Users\Ahmad\WorkSpace\PosheshHayeNanoSakhtar\LCD_BOARD_Firmware\Panel\Panel_V.14_LTDC_NEW_4.3_(V13-Modified)\EWARM\Panel_V10\Obj\STM32DMA.o"
#        "C:\Users\Ahmad\WorkSpace\PosheshHayeNanoSakhtar\LCD_BOARD_Firmware\Panel\Panel_V.14_LTDC_NEW_4.3_(V13-Modified)\EWARM\Panel_V10\Obj\stm32f4xx_hal.o"
#        "C:\Users\Ahmad\WorkSpace\PosheshHayeNanoSakhtar\LCD_BOARD_Firmware\Panel\Panel_V.14_LTDC_NEW_4.3_(V13-Modified)\EWARM\Panel_V10\Obj\stm32f4xx_hal_cortex.o"
#        "C:\Users\Ahmad\WorkSpace\PosheshHayeNanoSakhtar\LCD_BOARD_Firmware\Panel\Panel_V.14_LTDC_NEW_4.3_(V13-Modified)\EWARM\Panel_V10\Obj\stm32f4xx_hal_crc.o"
#        "C:\Users\Ahmad\WorkSpace\PosheshHayeNanoSakhtar\LCD_BOARD_Firmware\Panel\Panel_V.14_LTDC_NEW_4.3_(V13-Modified)\EWARM\Panel_V10\Obj\stm32f4xx_hal_dma.o"
#        "C:\Users\Ahmad\WorkSpace\PosheshHayeNanoSakhtar\LCD_BOARD_Firmware\Panel\Panel_V.14_LTDC_NEW_4.3_(V13-Modified)\EWARM\Panel_V10\Obj\stm32f4xx_hal_dma2d.o"
#        "C:\Users\Ahmad\WorkSpace\PosheshHayeNanoSakhtar\LCD_BOARD_Firmware\Panel\Panel_V.14_LTDC_NEW_4.3_(V13-Modified)\EWARM\Panel_V10\Obj\stm32f4xx_hal_dma_ex.o"
#        "C:\Users\Ahmad\WorkSpace\PosheshHayeNanoSakhtar\LCD_BOARD_Firmware\Panel\Panel_V.14_LTDC_NEW_4.3_(V13-Modified)\EWARM\Panel_V10\Obj\stm32f4xx_hal_dsi.o"
#        "C:\Users\Ahmad\WorkSpace\PosheshHayeNanoSakhtar\LCD_BOARD_Firmware\Panel\Panel_V.14_LTDC_NEW_4.3_(V13-Modified)\EWARM\Panel_V10\Obj\stm32f4xx_hal_exti.o"
#        "C:\Users\Ahmad\WorkSpace\PosheshHayeNanoSakhtar\LCD_BOARD_Firmware\Panel\Panel_V.14_LTDC_NEW_4.3_(V13-Modified)\EWARM\Panel_V10\Obj\stm32f4xx_hal_flash.o"
#        "C:\Users\Ahmad\WorkSpace\PosheshHayeNanoSakhtar\LCD_BOARD_Firmware\Panel\Panel_V.14_LTDC_NEW_4.3_(V13-Modified)\EWARM\Panel_V10\Obj\stm32f4xx_hal_flash_ex.o"
#        "C:\Users\Ahmad\WorkSpace\PosheshHayeNanoSakhtar\LCD_BOARD_Firmware\Panel\Panel_V.14_LTDC_NEW_4.3_(V13-Modified)\EWARM\Panel_V10\Obj\stm32f4xx_hal_flash_ramfunc.o"
#        "C:\Users\Ahmad\WorkSpace\PosheshHayeNanoSakhtar\LCD_BOARD_Firmware\Panel\Panel_V.14_LTDC_NEW_4.3_(V13-Modified)\EWARM\Panel_V10\Obj\stm32f4xx_hal_gpio.o"
#        "C:\Users\Ahmad\WorkSpace\PosheshHayeNanoSakhtar\LCD_BOARD_Firmware\Panel\Panel_V.14_LTDC_NEW_4.3_(V13-Modified)\EWARM\Panel_V10\Obj\stm32f4xx_hal_ltdc.o"
#        "C:\Users\Ahmad\WorkSpace\PosheshHayeNanoSakhtar\LCD_BOARD_Firmware\Panel\Panel_V.14_LTDC_NEW_4.3_(V13-Modified)\EWARM\Panel_V10\Obj\stm32f4xx_hal_ltdc_ex.o"
#        "C:\Users\Ahmad\WorkSpace\PosheshHayeNanoSakhtar\LCD_BOARD_Firmware\Panel\Panel_V.14_LTDC_NEW_4.3_(V13-Modified)\EWARM\Panel_V10\Obj\stm32f4xx_hal_msp.o"
#        "C:\Users\Ahmad\WorkSpace\PosheshHayeNanoSakhtar\LCD_BOARD_Firmware\Panel\Panel_V.14_LTDC_NEW_4.3_(V13-Modified)\EWARM\Panel_V10\Obj\stm32f4xx_hal_pwr.o"
#        "C:\Users\Ahmad\WorkSpace\PosheshHayeNanoSakhtar\LCD_BOARD_Firmware\Panel\Panel_V.14_LTDC_NEW_4.3_(V13-Modified)\EWARM\Panel_V10\Obj\stm32f4xx_hal_pwr_ex.o"
#        "C:\Users\Ahmad\WorkSpace\PosheshHayeNanoSakhtar\LCD_BOARD_Firmware\Panel\Panel_V.14_LTDC_NEW_4.3_(V13-Modified)\EWARM\Panel_V10\Obj\stm32f4xx_hal_rcc.o"
#        "C:\Users\Ahmad\WorkSpace\PosheshHayeNanoSakhtar\LCD_BOARD_Firmware\Panel\Panel_V.14_LTDC_NEW_4.3_(V13-Modified)\EWARM\Panel_V10\Obj\stm32f4xx_hal_rcc_ex.o"
#        "C:\Users\Ahmad\WorkSpace\PosheshHayeNanoSakhtar\LCD_BOARD_Firmware\Panel\Panel_V.14_LTDC_NEW_4.3_(V13-Modified)\EWARM\Panel_V10\Obj\stm32f4xx_hal_sdram.o"
#        "C:\Users\Ahmad\WorkSpace\PosheshHayeNanoSakhtar\LCD_BOARD_Firmware\Panel\Panel_V.14_LTDC_NEW_4.3_(V13-Modified)\EWARM\Panel_V10\Obj\stm32f4xx_hal_tim.o"
#        "C:\Users\Ahmad\WorkSpace\PosheshHayeNanoSakhtar\LCD_BOARD_Firmware\Panel\Panel_V.14_LTDC_NEW_4.3_(V13-Modified)\EWARM\Panel_V10\Obj\stm32f4xx_hal_tim_ex.o"
#        "C:\Users\Ahmad\WorkSpace\PosheshHayeNanoSakhtar\LCD_BOARD_Firmware\Panel\Panel_V.14_LTDC_NEW_4.3_(V13-Modified)\EWARM\Panel_V10\Obj\stm32f4xx_hal_timebase_tim.o"
#        "C:\Users\Ahmad\WorkSpace\PosheshHayeNanoSakhtar\LCD_BOARD_Firmware\Panel\Panel_V.14_LTDC_NEW_4.3_(V13-Modified)\EWARM\Panel_V10\Obj\stm32f4xx_it.o"
#        "C:\Users\Ahmad\WorkSpace\PosheshHayeNanoSakhtar\LCD_BOARD_Firmware\Panel\Panel_V.14_LTDC_NEW_4.3_(V13-Modified)\EWARM\Panel_V10\Obj\stm32f4xx_ll_fmc.o"
#        "C:\Users\Ahmad\WorkSpace\PosheshHayeNanoSakhtar\LCD_BOARD_Firmware\Panel\Panel_V.14_LTDC_NEW_4.3_(V13-Modified)\EWARM\Panel_V10\Obj\STM32TouchController.o"
#        "C:\Users\Ahmad\WorkSpace\PosheshHayeNanoSakhtar\LCD_BOARD_Firmware\Panel\Panel_V.14_LTDC_NEW_4.3_(V13-Modified)\EWARM\Panel_V10\Obj\stream_buffer.o"
#        "C:\Users\Ahmad\WorkSpace\PosheshHayeNanoSakhtar\LCD_BOARD_Firmware\Panel\Panel_V.14_LTDC_NEW_4.3_(V13-Modified)\EWARM\Panel_V10\Obj\system_stm32f4xx.o"
#        "C:\Users\Ahmad\WorkSpace\PosheshHayeNanoSakhtar\LCD_BOARD_Firmware\Panel\Panel_V.14_LTDC_NEW_4.3_(V13-Modified)\EWARM\Panel_V10\Obj\Table_times_8_4bpp.o"
#        "C:\Users\Ahmad\WorkSpace\PosheshHayeNanoSakhtar\LCD_BOARD_Firmware\Panel\Panel_V.14_LTDC_NEW_4.3_(V13-Modified)\EWARM\Panel_V10\Obj\Table_timesbd_28_4bpp.o"
#        "C:\Users\Ahmad\WorkSpace\PosheshHayeNanoSakhtar\LCD_BOARD_Firmware\Panel\Panel_V.14_LTDC_NEW_4.3_(V13-Modified)\EWARM\Panel_V10\Obj\Table_verdana_10_4bpp.o"
#        "C:\Users\Ahmad\WorkSpace\PosheshHayeNanoSakhtar\LCD_BOARD_Firmware\Panel\Panel_V.14_LTDC_NEW_4.3_(V13-Modified)\EWARM\Panel_V10\Obj\Table_verdana_11_4bpp.o"
#        "C:\Users\Ahmad\WorkSpace\PosheshHayeNanoSakhtar\LCD_BOARD_Firmware\Panel\Panel_V.14_LTDC_NEW_4.3_(V13-Modified)\EWARM\Panel_V10\Obj\Table_verdana_17_4bpp.o"
#        "C:\Users\Ahmad\WorkSpace\PosheshHayeNanoSakhtar\LCD_BOARD_Firmware\Panel\Panel_V.14_LTDC_NEW_4.3_(V13-Modified)\EWARM\Panel_V10\Obj\Table_verdana_20_4bpp.o"
#        "C:\Users\Ahmad\WorkSpace\PosheshHayeNanoSakhtar\LCD_BOARD_Firmware\Panel\Panel_V.14_LTDC_NEW_4.3_(V13-Modified)\EWARM\Panel_V10\Obj\Table_verdana_40_4bpp.o"
#        "C:\Users\Ahmad\WorkSpace\PosheshHayeNanoSakhtar\LCD_BOARD_Firmware\Panel\Panel_V.14_LTDC_NEW_4.3_(V13-Modified)\EWARM\Panel_V10\Obj\Table_verdana_7_4bpp.o"
#        "C:\Users\Ahmad\WorkSpace\PosheshHayeNanoSakhtar\LCD_BOARD_Firmware\Panel\Panel_V.14_LTDC_NEW_4.3_(V13-Modified)\EWARM\Panel_V10\Obj\tasks.o"
#        "C:\Users\Ahmad\WorkSpace\PosheshHayeNanoSakhtar\LCD_BOARD_Firmware\Panel\Panel_V.14_LTDC_NEW_4.3_(V13-Modified)\EWARM\Panel_V10\Obj\Texts.o"
#        "C:\Users\Ahmad\WorkSpace\PosheshHayeNanoSakhtar\LCD_BOARD_Firmware\Panel\Panel_V.14_LTDC_NEW_4.3_(V13-Modified)\EWARM\Panel_V10\Obj\timers.o"
#        "C:\Users\Ahmad\WorkSpace\PosheshHayeNanoSakhtar\LCD_BOARD_Firmware\Panel\Panel_V.14_LTDC_NEW_4.3_(V13-Modified)\EWARM\Panel_V10\Obj\TouchGFXConfiguration.o"
#        "C:\Users\Ahmad\WorkSpace\PosheshHayeNanoSakhtar\LCD_BOARD_Firmware\Panel\Panel_V.14_LTDC_NEW_4.3_(V13-Modified)\EWARM\Panel_V10\Obj\TouchGFXGeneratedHAL.o"
#        "C:\Users\Ahmad\WorkSpace\PosheshHayeNanoSakhtar\LCD_BOARD_Firmware\Panel\Panel_V.14_LTDC_NEW_4.3_(V13-Modified)\EWARM\Panel_V10\Obj\TouchGFXGPIO.o"
#        "C:\Users\Ahmad\WorkSpace\PosheshHayeNanoSakhtar\LCD_BOARD_Firmware\Panel\Panel_V.14_LTDC_NEW_4.3_(V13-Modified)\EWARM\Panel_V10\Obj\TouchGFXHAL.o"
#        "C:\Users\Ahmad\WorkSpace\PosheshHayeNanoSakhtar\LCD_BOARD_Firmware\Panel\Panel_V.14_LTDC_NEW_4.3_(V13-Modified)\EWARM\Panel_V10\Obj\TypedTextDatabase.o"
#        "C:\Users\Ahmad\WorkSpace\PosheshHayeNanoSakhtar\LCD_BOARD_Firmware\Panel\Panel_V.14_LTDC_NEW_4.3_(V13-Modified)\EWARM\Panel_V10\Obj\UnmappedDataFont.o"
#        "C:\Users\Ahmad\WorkSpace\PosheshHayeNanoSakhtar\LCD_BOARD_Firmware\Panel\Panel_V.14_LTDC_NEW_4.3_(V13-Modified)\EWARM\Panel_V10\Obj\xpt2046.o"
#        --redirect _Printf=_PrintfFull --redirect _Scanf=_ScanfFull
#        --no_out_extension -o
#        "C:\Users\Ahmad\WorkSpace\PosheshHayeNanoSakhtar\LCD_BOARD_Firmware\Panel\Panel_V.14_LTDC_NEW_4.3_(V13-Modified)\EWARM\Panel_V10\Exe\Panel_V10.out"
#        --map
#        "C:\Users\Ahmad\WorkSpace\PosheshHayeNanoSakhtar\LCD_BOARD_Firmware\Panel\Panel_V.14_LTDC_NEW_4.3_(V13-Modified)\EWARM\Panel_V10\List\Panel_V10.map"
#        --config
#        "C:\Users\Ahmad\WorkSpace\PosheshHayeNanoSakhtar\LCD_BOARD_Firmware\Panel\Panel_V.14_LTDC_NEW_4.3_(V13-Modified)\EWARM/stm32f429xx_flash.icf"
#        --semihosting
#        "C:\Users\Ahmad\WorkSpace\PosheshHayeNanoSakhtar\LCD_BOARD_Firmware\Panel\Panel_V.14_LTDC_NEW_4.3_(V13-Modified)\EWARM/../Middlewares/ST/touchgfx/lib/core/cortex_m4f/IAR8.x/touchgfx_core.a"
#        --entry __iar_program_start --vfe --text_out locale)
#
###############################################################################

*******************************************************************************
*** RUNTIME MODEL ATTRIBUTES
***

CppFlavor                     = *
__CPP_Exceptions              = Disabled
__CPP_Language                = C++14
__Heap_Handler                = Basic
__SystemLibrary               = DLib
__dlib_dynamic_initialization = normal
__dlib_version                = 6


*******************************************************************************
*** HEAP SELECTION
***

The basic heap was selected because no calls to memory allocation
functions were found in the application outside of system library
functions, and there are calls to deallocation functions in the
application.


*******************************************************************************
*** PLACEMENT SUMMARY
***

"A0":  place at 0x800'0000 { ro section .intvec };
"P1":  place in [from 0x800'0000 to 0x81f'ffff] { ro };
define block CSTACK with size = 1K, alignment = 8 { };
define block HEAP with size = 512, alignment = 8 { };
"P2":  place in [from 0x2000'0000 to 0x2002'ffff] {
          rw, block CSTACK, block HEAP };
initialize by copy { rw };

  Section                 Kind         Address     Size  Object
  -------                 ----         -------     ----  ------
"A0":                                             0x1ac
  .intvec                 ro code   0x800'0000    0x1ac  startup_stm32f429xx.o [1]
                                  - 0x800'01ac    0x1ac

"P1":                                           0x49e3a
  ExtFlashSection         const     0x800'01ac  0x10000  image_touchgfx_logo.o [1]
  ExtFlashSection         const     0x801'01ac   0x9f60  image_Blue_Buttons_Round_Edge_small.o [1]
  ExtFlashSection         const     0x801'a10c   0x9f60  image_Blue_Buttons_Round_Edge_small_pressed.o [1]
  .text                   ro code   0x802'406c   0x5a5e  MainScreenViewBase.o [1]
  .text                   ro code   0x802'9aca      0x4  MainScreenViewBase.o [1]
  .text                   ro code   0x802'9ace     0x7a  lz77_init_single.o [5]
  .text                   ro code   0x802'9b48     0x30  Screen1ViewBase.o [1]
  .text                   ro code   0x802'9b78     0x24  MainScreenViewBase.o [1]
  .text                   ro code   0x802'9b9c     0x1c  MainScreenViewBase.o [1]
  .text                   ro code   0x802'9bb8    0xd0c  GraphElements.o [7]
  .text                   ro code   0x802'a8c4      0x4  Screen1ViewBase.o [1]
  .text                   ro code   0x802'a8c8     0x2c  MainScreenViewBase.o [1]
  .text                   ro code   0x802'a8f4     0x14  MainScreenViewBase.o [1]
  .text                   ro code   0x802'a908     0x14  MainScreenViewBase.o [1]
  .text                   ro code   0x802'a91c     0x14  MainScreenViewBase.o [1]
  .text                   ro code   0x802'a930     0x14  MainScreenViewBase.o [1]
  .text                   ro code   0x802'a944     0x5c  MainScreenViewBase.o [1]
  .text                   ro code   0x802'a9a0     0x48  MainScreenViewBase.o [1]
  .text                   ro code   0x802'a9e8     0x18  MainScreenViewBase.o [1]
  .text                   ro code   0x802'aa00    0x818  Circle.o [7]
  .text                   ro code   0x802'b218    0x39c  SlideMenu.o [7]
  .text                   ro code   0x802'b5b4    0x1d8  CustomContainer1.o [1]
  .text                   ro code   0x802'b78c     0x20  MainScreenViewBase.o [1]
  .text                   ro code   0x802'b7ac     0xf4  CanvasWidgetRenderer.o [7]
  .text                   ro code   0x802'b8a0     0x1c  Screen1ViewBase.o [1]
  .text                   ro code   0x802'b8bc     0x40  Screen1ViewBase.o [1]
  .text                   ro code   0x802'b8fc      0x4  Screen1ViewBase.o [1]
  .text                   ro code   0x802'b900      0x4  MainScreenViewBase.o [1]
  .text                   ro code   0x802'b904      0x4  MainScreenViewBase.o [1]
  .text                   ro code   0x802'b908    0x8a0  AbstractDataGraph.o [7]
  .text                   ro code   0x802'c1a8      0x6  MainScreenViewBase.o [1]
  .text                   ro code   0x802'c1ae     0x3a  zero_init3.o [5]
  .text                   ro code   0x802'c1e8    0xf68  GraphLabels.o [7]
  .text                   ro code   0x802'd150      0xc  MainScreenViewBase.o [1]
  .text                   ro code   0x802'd15c     0x26  MainScreenViewBase.o [1]
  .text                   ro code   0x802'd182     0x1e  UnmappedDataFont.o [1]
  .text                   ro code   0x802'd1a0    0x214  CanvasWidget.o [7]
  .text                   ro code   0x802'd3b4     0x10  MainScreenViewBase.o [1]
  .text                   ro code   0x802'd3c4      0x6  MainScreenViewBase.o [1]
  .text                   ro code   0x802'd3ca     0x16  MainScreenViewBase.o [1]
  .text                   ro code   0x802'd3e0     0x1a  Screen1ViewBase.o [1]
  .text                   ro code   0x802'd3fa     0x1a  LCD16bpp.o [7]
  .text                   ro code   0x802'd414    0x47c  TextArea.o [7]
  .text                   ro code   0x802'd890      0x4  MainScreenViewBase.o [1]
  .text                   ro code   0x802'd894     0x24  ABIassert.o [6]
  .text                   ro code   0x802'd8b8    0x188  Texts.o [1]
  .text                   ro code   0x802'da40    0x73a  Unicode.o [7]
  .text                   ro code   0x802'e17a      0x4  MainScreenViewBase.o [1]
  .text                   ro code   0x802'e17e     0x22  MainScreenViewBase.o [1]
  .text                   ro code   0x802'e1a0     0x12  MainScreenViewBase.o [1]
  .text                   ro code   0x802'e1b2     0x12  MainScreenViewBase.o [1]
  .text                   ro code   0x802'e1c4     0x22  MainScreenViewBase.o [1]
  .text                   ro code   0x802'e1e6      0x4  Screen1ViewBase.o [1]
  .text                   ro code   0x802'e1ea      0x6  MainScreenViewBase.o [1]
  .text                   ro code   0x802'e1f0      0x6  Screen1ViewBase.o [1]
  .text                   ro code   0x802'e1f6      0xe  FrontendApplicationBase.o [1]
  .text                   ro code   0x802'e204    0x180  Drawable.o [7]
  .text                   ro code   0x802'e384     0x18  MainScreenViewBase.o [1]
  .text                   ro code   0x802'e39c     0x14  memset.o [5]
  .text                   ro code   0x802'e3b0      0x4  Screen1ViewBase.o [1]
  .text                   ro code   0x802'e3b4      0x4  MainScreenViewBase.o [1]
  .text                   ro code   0x802'e3b8     0x92  GraphWrapAndClear.o [7]
  .text                   ro code   0x802'e44a      0xa  TouchGFXConfiguration.o [1]
  .text                   ro code   0x802'e454     0xa6  ABImemcpy.o [5]
  .text                   ro code   0x802'e4fa     0x86  GraphElements.o [7]
  .text                   ro code   0x802'e580     0x18  GraphElements.o [7]
  .text                   ro code   0x802'e598     0x1c  Screen1ViewBase.o [1]
  .text                   ro code   0x802'e5b4    0x4dc  Canvas.o [7]
  .text                   ro code   0x802'ea90     0x90  GraphElements.o [7]
  .text                   ro code   0x802'eb20     0x14  GraphElements.o [7]
  .text                   ro code   0x802'eb34    0x15a  Utils.o [7]
  .text                   ro code   0x802'ec8e     0x2a  GraphElements.o [7]
  .text                   ro code   0x802'ecb8      0x4  MainScreenViewBase.o [1]
  .text                   ro code   0x802'ecbc      0x4  MainScreenViewBase.o [1]
  .text                   ro code   0x802'ecc0      0x4  MainScreenViewBase.o [1]
  .text                   ro code   0x802'ecc4      0x6  STM32DMA.o [1]
  .text                   ro code   0x802'ecca      0xa  TouchGFXHAL.o [1]
  .text                   ro code   0x802'ecd4    0x248  Container.o [7]
  .text                   ro code   0x802'ef1c      0x4  MainScreenViewBase.o [1]
  .text                   ro code   0x802'ef20     0x78  Circle.o [7]
  .text                   ro code   0x802'ef98     0x64  Circle.o [7]
  .text                   ro code   0x802'effc      0x4  Screen1ViewBase.o [1]
  .text                   ro code   0x802'f000     0x2c  SlideMenu.o [7]
  .text                   ro code   0x802'f02c     0x34  Screen1ViewBase.o [1]
  .text                   ro code   0x802'f060     0x3c  LogoScreenViewBase.o [1]
  .text                   ro code   0x802'f09c    0xf48  Application.o [7]
  .text                   ro code   0x802'ffe4     0xf4  Image.o [7]
  .text                   ro code   0x803'00d8     0x20  SlideMenu.o [7]
  .text                   ro code   0x803'00f8     0x12  MainScreenViewBase.o [1]
  .text                   ro code   0x803'010a     0x5a  SlideMenu.o [7]
  .text                   ro code   0x803'0164     0xfa  Model.o [1]
  .text                   ro code   0x803'025e      0xa  UnmappedDataFont.o [1]
  .text                   ro code   0x803'0268   0x14a0  CustomContainer1Base.o [1]
  .text                   ro code   0x803'1708      0x2  CustomContainer1Base.o [1]
  .text                   ro code   0x803'170a      0x2  CustomContainer1Base.o [1]
  .text                   ro code   0x803'170c      0x2  CustomContainer1Base.o [1]
  .text                   ro code   0x803'170e      0x2  CustomContainer1Base.o [1]
  .text                   ro code   0x803'1710      0x2  CustomContainer1Base.o [1]
  .text                   ro code   0x803'1712      0x2  CustomContainer1Base.o [1]
  .text                   ro code   0x803'1714      0x2  CustomContainer1Base.o [1]
  .text                   ro code   0x803'1716      0x2  CustomContainer1Base.o [1]
  .text                   ro code   0x803'1718      0x2  CustomContainer1Base.o [1]
  .text                   ro code   0x803'171a      0x2  CustomContainer1Base.o [1]
  .text                   ro code   0x803'171c      0x2  CustomContainer1Base.o [1]
  .text                   ro code   0x803'171e      0x2  CustomContainer1Base.o [1]
  .text                   ro code   0x803'1720      0x2  CustomContainer1Base.o [1]
  .text                   ro code   0x803'1722      0x2  CustomContainer1Base.o [1]
  .text                   ro code   0x803'1724      0x2  CustomContainer1Base.o [1]
  .text                   ro code   0x803'1726      0x2  CustomContainer1Base.o [1]
  .text                   ro code   0x803'1728      0x2  CustomContainer1Base.o [1]
  .text                   ro code   0x803'172a      0x2  MainScreenViewBase.o [1]
  .text                   ro code   0x803'172c      0x4  MainScreenViewBase.o [1]
  .text                   ro code   0x803'1730     0x1a  Screen1ViewBase.o [1]
  .text                   ro code   0x803'174a      0x6  FrontendApplicationBase.o [1]
  .text                   ro code   0x803'1750      0xc  TouchGFXGeneratedHAL.o [1]
  .text                   ro code   0x803'175c     0x18  MainScreenViewBase.o [1]
  .text                   ro code   0x803'1774     0x4e  AbstractDataGraph.o [7]
  .text                   ro code   0x803'17c2     0x28  AbstractDataGraph.o [7]
  .text                   ro code   0x803'17ea      0x4  STM32DMA.o [1]
  .text                   ro code   0x803'17ee      0xc  TouchGFXConfiguration.o [1]
  .text                   ro code   0x803'17fa     0x44  CanvasWidget.o [7]
  .text                   ro code   0x803'183e     0x36  TextAreaWithWildcard.o [7]
  .text                   ro code   0x803'1874    0xaea  TextProvider.o [7]
  .text                   ro code   0x803'235e      0x6  STM32DMA.o [1]
  .text                   ro code   0x803'2364    0x86c  LCD.o [7]
  .text                   ro code   0x803'2bd0      0x6  abort.o [2]
  .text                   ro code   0x803'2bd6    0x1d2  Font.o [7]
  .text                   ro code   0x803'2da8     0x44  TypedTextDatabase.o [1]
  .text                   ro code   0x803'2dec     0x1c  Texts.o [1]
  .text                   ro code   0x803'2e08      0x4  MainScreenViewBase.o [1]
  .text                   ro code   0x803'2e0c    0x634  Screen.o [7]
  .text                   ro code   0x803'3440     0x66  ABImemset.o [5]
  .text                   ro code   0x803'34a6      0xc  Screen1ViewBase.o [1]
  .text                   ro code   0x803'34b2      0x6  STM32DMA.o [1]
  .text                   ro code   0x803'34b8     0x30  RenderingBuffer.o [7]
  .text                   ro code   0x803'34e8    0xfd8  Outline.o [7]
  .text                   ro code   0x803'44c0     0xdc  Scanline.o [7]
  .text                   ro code   0x803'459c     0xe4  DisplayTransformation.o [7]
  .text                   ro code   0x803'4680    0x184  Canvas.o [7]
  .text                   ro code   0x803'4804     0x68  MainScreenViewBase.o [1]
  .text                   ro code   0x803'486c     0x14  MainScreenViewBase.o [1]
  .text                   ro code   0x803'4880     0x34  Screen1ViewBase.o [1]
  .text                   ro code   0x803'48b4      0x4  Screen1ViewBase.o [1]
  .text                   ro code   0x803'48b8     0x1c  Application.o [7]
  .text                   ro code   0x803'48d4     0x88  stm32_crc_lock.o [7]
  .text                   ro code   0x803'495c     0x30  Application.o [7]
  .text                   ro code   0x803'498c     0x44  Bitmap.o [7]
  .text                   ro code   0x803'49d0     0x4c  Application.o [7]
  .text                   ro code   0x803'4a1c      0x6  ABImemclr4.o [5]
  .text                   ro code   0x803'4a22      0x6  TouchGFXConfiguration.o [1]
  .text                   ro code   0x803'4a28    0x464  Bitmap.o [7]
  .text                   ro code   0x803'4e8c     0x94  SlideMenu.o [7]
  .text                   ro code   0x803'4f20      0x4  MainScreenViewBase.o [1]
  .text                   ro code   0x803'4f24     0x20  CustomContainer1Base.o [1]
  .text                   ro code   0x803'4f44      0x4  MainScreenViewBase.o [1]
  .text                   ro code   0x803'4f48      0x4  MainScreenViewBase.o [1]
  .text                   ro code   0x803'4f4c      0x2  MainScreenViewBase.o [1]
  .text                   ro code   0x803'4f4e     0x74  LCD.o [7]
  .text                   ro code   0x803'4fc2      0x6  UnmappedDataFont.o [1]
  .text                   ro code   0x803'4fc8     0x14  exit.o [6]
  .text                   ro code   0x803'4fdc     0x58  Table_verdana_20_4bpp.o [1]
  .text                   ro code   0x803'5034     0x58  Table_verdana_40_4bpp.o [1]
  .text                   ro code   0x803'508c     0x5c  Table_verdana_10_4bpp.o [1]
  .text                   ro code   0x803'50e8     0x5c  Table_timesbd_28_4bpp.o [1]
  .text                   ro code   0x803'5144     0x5c  Table_verdana_7_4bpp.o [1]
  .text                   ro code   0x803'51a0     0x5c  Table_verdana_11_4bpp.o [1]
  .text                   ro code   0x803'51fc     0x5c  Table_verdana_17_4bpp.o [1]
  .text                   ro code   0x803'5258     0x58  Table_times_8_4bpp.o [1]
  .text                   ro code   0x803'52b0     0x3e  Screen.o [7]
  .text                   ro code   0x803'52ee     0x28  Screen.o [7]
  .text                   ro code   0x803'5316     0x28  Screen.o [7]
  .text                   ro code   0x803'533e      0x6  Circle.o [7]
  .text                   ro code   0x803'5344     0x20  Screen.o [7]
  .text                   ro code   0x803'5364     0x1c  Screen.o [7]
  .text                   ro code   0x803'5380      0x6  ABImemclr.o [5]
  .text                   ro code   0x803'5386     0x12  Screen1ViewBase.o [1]
  .text                   ro code   0x803'5398     0x26  Canvas.o [7]
  .text                   ro code   0x803'53be     0x7c  Canvas.o [7]
  .text                   ro code   0x803'543a      0x4  MainScreenViewBase.o [1]
  .text                   ro code   0x803'543e      0x4  MainScreenViewBase.o [1]
  .text                   ro code   0x803'5442      0x4  MainScreenViewBase.o [1]
  .text                   ro code   0x803'5446      0x2  FrontendApplicationBase.o [1]
  .text                   ro code   0x803'5448     0x30  Screen1ViewBase.o [1]
  .text                   ro code   0x803'5478     0x28  cxxabi.o [3]
  .text                   ro code   0x803'54a0     0x32  ABImemset48.o [5]
  .text                   ro code   0x803'54d2      0x2  FrontendApplicationBase.o [1]
  .text                   ro code   0x803'54d4     0xb4  GeneratedFont.o [1]
  .text                   ro code   0x803'5588      0xe  MainScreenViewBase.o [1]
  .text                   ro code   0x803'5596      0x2  FrontendApplicationBase.o [1]
  .text                   ro code   0x803'5598     0x2c  MainScreenViewBase.o [1]
  .text                   ro code   0x803'55c4      0x6  Screen1ViewBase.o [1]
  .text                   ro code   0x803'55ca      0x2  FrontendApplicationBase.o [1]
  .text                   ro code   0x803'55cc    0x12a  ConstFont.o [7]
  .text                   ro code   0x803'56f6      0x2  FrontendApplicationBase.o [1]
  ExtFlashSection         const     0x803'56f8   0x4e20  image_Blue_Textures_church.o [1]
  .text                   ro code   0x803'a518   0x162c  LCD16bpp.o [7]
  .text                   ro code   0x803'bb44    0x840  HAL.o [7]
  .text                   ro code   0x803'c384     0xac  OSWrappers.o [1]
  .text                   ro code   0x803'c430      0x6  TouchGFXGPIO.o [1]
  .text                   ro code   0x803'c436      0x2  LogoScreenPresenter.o [1]
  .text                   ro code   0x803'c438    0x16c  Gestures.o [7]
  .text                   ro code   0x803'c5a4    0x23a  DMA.o [7]
  .text                   ro code   0x803'c7de      0x2  LogoScreenView.o [1]
  .text                   ro code   0x803'c7e0     0x24  HAL.o [7]
  .text                   ro code   0x803'c804    0x1fc  TouchCalibration.o [7]
  .text                   ro code   0x803'ca00    0x198  cmsis_os.o [1]
  .text                   ro code   0x803'cb98      0xc  memcpy.o [5]
  .text                   ro code   0x803'cba4    0x974  tasks.o [1]
  .text                   ro code   0x803'd518    0x754  queue.o [1]
  .text                   ro code   0x803'dc6c    0x1dc  heap_4.o [1]
  .text                   ro code   0x803'de48     0x92  list.o [1]
  .text                   ro code   0x803'deda      0x2  LogoScreenViewBase.o [1]
  .text                   ro code   0x803'dedc    0x214  port.o [1]
  .text                   ro code   0x803'e0f0     0x18  freertos.o [1]
  CODE                    ro code   0x803'e108     0xb0  portasm.o [1]
  ExtFlashSection         const     0x803'e1b8    0x7f8  image_Blue_Icons_Down_arrow_32.o [1]
  .text                   ro code   0x803'e9b0    0x660  main.o [1]
  .text                   ro code   0x803'f010     0x9c  stm32f4xx_hal_sdram.o [1]
  .text                   ro code   0x803'f0ac     0x28  stm32f4xx_hal.o [1]
  .text                   ro code   0x803'f0d4     0x34  stm32f4xx_hal.o [1]
  .text                   ro code   0x803'f108      0x8  app_touchgfx.o [1]
  .text                   ro code   0x803'f110    0x214  stm32f4xx_hal_gpio.o [1]
  .text                   ro code   0x803'f324    0x33c  stm32f4xx_hal_rcc.o [1]
  .text                   ro code   0x803'f660     0x70  stm32f4xx_hal_pwr_ex.o [1]
  .text                   ro code   0x803'f6d0    0x1e4  stm32f4xx_hal_rcc.o [1]
  .text                   ro code   0x803'f8b4    0x25c  stm32f4xx_hal_rcc_ex.o [1]
  .text                   ro code   0x803'fb10     0x22  stm32f4xx_hal_crc.o [1]
  .text                   ro code   0x803'fb32      0x2  LogoScreenViewBase.o [1]
  .text                   ro code   0x803'fb34    0x224  stm32f4xx_hal_dma2d.o [1]
  .text                   ro code   0x803'fd58    0x3b8  stm32f4xx_hal_ltdc.o [1]
  .text                   ro code   0x804'0110     0x10  stm32f4xx_hal.o [1]
  .text                   ro code   0x804'0120    0x36c  stm32f4xx_hal_msp.o [1]
  .text                   ro code   0x804'048c    0x14c  stm32f4xx_ll_fmc.o [1]
  .text                   ro code   0x804'05d8      0xc  stm32f4xx_hal.o [1]
  .text                   ro code   0x804'05e4     0xc0  stm32f4xx_hal_cortex.o [1]
  .text                   ro code   0x804'06a4     0x80  stm32f4xx_hal_timebase_tim.o [1]
  .text                   ro code   0x804'0724     0x80  TouchGFXConfiguration.o [1]
  .text                   ro code   0x804'07a4    0x230  I64DivMod.o [5]
  .text                   ro code   0x804'09d4      0x2  stm32f4xx_hal_dma2d.o [1]
  .text                   ro code   0x804'09d6      0x2  stm32f4xx_hal_dma2d.o [1]
  .text                   ro code   0x804'09d8      0x2  stm32f4xx_hal_ltdc.o [1]
  .text                   ro code   0x804'09da      0x2  MainScreenPresenter.o [1]
  .text                   ro code   0x804'09dc    0x194  TouchGFXGeneratedHAL.o [1]
  .text                   ro code   0x804'0b70      0x2  stm32f4xx_hal_ltdc.o [1]
  .text                   ro code   0x804'0b72      0x2  MainScreenViewBase.o [1]
  .text                   ro code   0x804'0b74    0x286  stm32f4xx_hal_tim.o [1]
  .text                   ro code   0x804'0dfa      0x2  MainScreenViewBase.o [1]
  .text                   ro code   0x804'0dfc    0x3a8  STM32DMA.o [1]
  .text                   ro code   0x804'11a4     0x20  TouchGFXConfiguration.o [1]
  .text                   ro code   0x804'11c4      0xc  BitmapDatabase.o [1]
  .text                   ro code   0x804'11d0      0xc  TouchGFXConfiguration.o [1]
  .text                   ro code   0x804'11dc      0xc  FontManager.o [7]
  .text                   ro code   0x804'11e8     0x24  TouchGFXConfiguration.o [1]
  .text                   ro code   0x804'120c     0x24  TouchGFXHAL.o [1]
  .text                   ro code   0x804'1230      0x2  I64DivZer.o [5]
  .text                   ro code   0x804'1232      0x4  TouchGFXGeneratedHAL.o [1]
  .text                   ro code   0x804'1236      0x2  MainScreenViewBase.o [1]
  .text                   ro code   0x804'1238     0x44  TouchGFXGeneratedHAL.o [1]
  .text                   ro code   0x804'127c      0x6  TouchGFXGeneratedHAL.o [1]
  .text                   ro code   0x804'1282      0xc  TouchGFXGeneratedHAL.o [1]
  .text                   ro code   0x804'128e      0x6  TouchGFXGeneratedHAL.o [1]
  .text                   ro code   0x804'1294      0x2  stm32f4xx_hal_tim.o [1]
  .text                   ro code   0x804'1296      0x2  stm32f4xx_hal_tim.o [1]
  .text                   ro code   0x804'1298      0x2  stm32f4xx_hal_tim.o [1]
  .text                   ro code   0x804'129a      0x2  stm32f4xx_hal_tim_ex.o [1]
  .text                   ro code   0x804'129c      0x2  stm32f4xx_hal_tim.o [1]
  .text                   ro code   0x804'129e      0x2  stm32f4xx_hal_tim_ex.o [1]
  .text                   ro code   0x804'12a0      0x8  STM32DMA.o [1]
  .text                   ro code   0x804'12a8      0x4  STM32DMA.o [1]
  .text                   ro code   0x804'12ac     0x40  STM32DMA.o [1]
  .text                   ro code   0x804'12ec     0x38  STM32DMA.o [1]
  .text                   ro code   0x804'1324     0x10  TouchGFXConfiguration.o [1]
  .text                   ro code   0x804'1334     0x64  TouchGFXConfiguration.o [1]
  .text                   ro code   0x804'1398      0xa  STM32DMA.o [1]
  .text                   ro code   0x804'13a2      0x2  MainScreenViewBase.o [1]
  .text                   ro code   0x804'13a4     0x20  TouchGFXConfiguration.o [1]
  .text                   ro code   0x804'13c4      0xc  TouchGFXConfiguration.o [1]
  .text                   ro code   0x804'13d0     0x14  TouchGFXConfiguration.o [1]
  .text                   ro code   0x804'13e4     0x14  TouchGFXConfiguration.o [1]
  .text                   ro code   0x804'13f8     0x14  TouchGFXConfiguration.o [1]
  .text                   ro code   0x804'140c     0x18  FrontendApplication.o [1]
  .text                   ro code   0x804'1424      0x6  TouchGFXConfiguration.o [1]
  .text                   ro code   0x804'142a     0x10  TouchGFXConfiguration.o [1]
  .text                   ro code   0x804'143a      0x2  MainScreenViewBase.o [1]
  .text                   ro code   0x804'143c     0x1c  TouchGFXConfiguration.o [1]
  .text                   ro code   0x804'1458      0x8  AbstractPartition.o [7]
  .text                   ro code   0x804'1460     0xe4  FrontendApplicationBase.o [1]
  .text                   ro code   0x804'1544     0xac  TouchGFXConfiguration.o [1]
  .text                   ro code   0x804'15f0      0xc  TouchGFXConfiguration.o [1]
  .text                   ro code   0x804'15fc      0x4  FrontendApplicationBase.o [1]
  .text                   ro code   0x804'1600     0x28  FrontendApplicationBase.o [1]
  LCD16bpp_enableTextureMapperAll
                          ro code   0x804'1628     0x2a  LCD16bpp.o [7]
  .text                   ro code   0x804'1652      0x2  Screen1Presenter.o [1]
  .text                   ro code   0x804'1654     0x20  FrontendApplicationBase.o [1]
  .text                   ro code   0x804'1674     0x1a  FrontendApplicationBase.o [1]
  .text                   ro code   0x804'168e      0x2  Screen1Presenter.o [1]
  .text                   ro code   0x804'1690    0x180  FrontendApplicationBase.o [1]
  .text                   ro code   0x804'1810    0x180  FrontendApplicationBase.o [1]
  .text                   ro code   0x804'1990     0x12  TouchGFXConfiguration.o [1]
  .text                   ro code   0x804'19a2      0x2  Screen1Presenter.o [1]
  .text                   ro code   0x804'19a4     0x18  TouchGFXConfiguration.o [1]
  .text                   ro code   0x804'19bc     0x28  FrontendApplicationBase.o [1]
  .text                   ro code   0x804'19e4      0x4  FrontendApplicationBase.o [1]
  LCD16bpp_enableTextureMapperA4
                          ro code   0x804'19e8     0x12  LCD16bpp.o [7]
  LCD16bpp_enableTextureMapperARGB8888
                          ro code   0x804'19fa     0x12  LCD16bpp.o [7]
  LCD16bpp_enableTextureMapperL8_ARGB8888
                          ro code   0x804'1a0c     0x12  LCD16bpp.o [7]
  LCD16bpp_enableTextureMapperL8_RGB565
                          ro code   0x804'1a1e     0x12  LCD16bpp.o [7]
  LCD16bpp_enableTextureMapperL8_RGB888
                          ro code   0x804'1a30     0x12  LCD16bpp.o [7]
  LCD16bpp_enableTextureMapperRGB565
                          ro code   0x804'1a42     0x1e  LCD16bpp.o [7]
  .text                   ro code   0x804'1a60      0x2  FrontendApplicationBase.o [1]
  .text                   ro code   0x804'1a62      0x6  FrontendApplicationBase.o [1]
  .text                   ro code   0x804'1a68      0x4  FrontendApplicationBase.o [1]
  .text                   ro code   0x804'1a6c     0x14  FrontendApplicationBase.o [1]
  .text                   ro code   0x804'1a80      0x6  FrontendApplicationBase.o [1]
  .text                   ro code   0x804'1a86      0x2  Screen1ViewBase.o [1]
  .text                   ro code   0x804'1a88     0x20  LogoScreenView.o [1]
  .text                   ro code   0x804'1aa8      0x6  FrontendApplicationBase.o [1]
  .text                   ro code   0x804'1aae      0x2  Screen1ViewBase.o [1]
  .text                   ro code   0x804'1ab0     0x2c  LogoScreenPresenter.o [1]
  .text                   ro code   0x804'1adc      0x4  FrontendApplicationBase.o [1]
  .text                   ro code   0x804'1ae0      0x4  FrontendApplicationBase.o [1]
  .text                   ro code   0x804'1ae4      0x4  FrontendApplicationBase.o [1]
  .text                   ro code   0x804'1ae8      0x6  FrontendApplicationBase.o [1]
  .text                   ro code   0x804'1aee      0x2  Screen1ViewBase.o [1]
  .text                   ro code   0x804'1af0     0x74  FrontendApplicationBase.o [1]
  .text                   ro code   0x804'1b64      0x6  FrontendApplicationBase.o [1]
  .text                   ro code   0x804'1b6a      0x2  Screen1ViewBase.o [1]
  .text                   ro code   0x804'1b6c    0x550  MainScreenView.o [1]
  .text                   ro code   0x804'20bc      0x6  FrontendApplicationBase.o [1]
  .text                   ro code   0x804'20c2      0x2  Application.o [7]
  .text                   ro code   0x804'20c4     0x2c  MainScreenPresenter.o [1]
  .text                   ro code   0x804'20f0      0x4  FrontendApplicationBase.o [1]
  .text                   ro code   0x804'20f4     0x14  TouchGFXConfiguration.o [1]
  .text                   ro code   0x804'2108      0x2  FrontendApplicationBase.o [1]
  .text                   ro code   0x804'210a      0x2  Application.o [7]
  LCD16bpp_enableTextureMapperA4_BilinearInterpolation
                          ro code   0x804'210c     0x10  LCD16bpp.o [7]
  LCD16bpp_enableTextureMapperA4_NearestNeighbor
                          ro code   0x804'211c     0x10  LCD16bpp.o [7]
  LCD16bpp_enableTextureMapperARGB8888_BilinearInterpolation
                          ro code   0x804'212c     0x10  LCD16bpp.o [7]
  LCD16bpp_enableTextureMapperARGB8888_NearestNeighbor
                          ro code   0x804'213c     0x10  LCD16bpp.o [7]
  LCD16bpp_enableTextureMapperL8_ARGB8888_BilinearInterpolation
                          ro code   0x804'214c     0x10  LCD16bpp.o [7]
  LCD16bpp_enableTextureMapperL8_ARGB8888_NearestNeighbor
                          ro code   0x804'215c     0x10  LCD16bpp.o [7]
  LCD16bpp_enableTextureMapperL8_RGB565_BilinearInterpolation
                          ro code   0x804'216c     0x10  LCD16bpp.o [7]
  LCD16bpp_enableTextureMapperL8_RGB565_NearestNeighbor
                          ro code   0x804'217c     0x10  LCD16bpp.o [7]
  LCD16bpp_enableTextureMapperL8_RGB888_BilinearInterpolation
                          ro code   0x804'218c     0x10  LCD16bpp.o [7]
  LCD16bpp_enableTextureMapperL8_RGB888_NearestNeighbor
                          ro code   0x804'219c     0x10  LCD16bpp.o [7]
  LCD16bpp_enableTextureMapperRGB565_Opaque_BilinearInterpolation
                          ro code   0x804'21ac     0x10  LCD16bpp.o [7]
  LCD16bpp_enableTextureMapperRGB565_Opaque_NearestNeighbor
                          ro code   0x804'21bc     0x10  LCD16bpp.o [7]
  LCD16bpp_enableTextureMapperRGB565_NonOpaque_BilinearInterpolation
                          ro code   0x804'21cc     0x10  LCD16bpp.o [7]
  LCD16bpp_enableTextureMapperRGB565_NonOpaque_NearestNeighbor
                          ro code   0x804'21dc     0x10  LCD16bpp.o [7]
  .text                   ro code   0x804'21ec      0x4  FrontendApplicationBase.o [1]
  .text                   ro code   0x804'21f0    0x174  LogoScreenViewBase.o [1]
  .text                   ro code   0x804'2364      0x2  Screen1ViewBase.o [1]
  .text                   ro code   0x804'2366      0x4  Screen1Presenter.o [1]
  .text                   ro code   0x804'236a      0x4  Screen1Presenter.o [1]
  .text                   ro code   0x804'236e      0x2  Application.o [7]
  .text                   ro code   0x804'2370     0x20  FrontendApplicationBase.o [1]
  .text                   ro code   0x804'2390     0x14  FrontendApplicationBase.o [1]
  .text                   ro code   0x804'23a4      0x2  MainScreenViewBase.o [1]
  .text                   ro code   0x804'23a6      0x2  MainScreenViewBase.o [1]
  .text                   ro code   0x804'23a8      0x2  MainScreenViewBase.o [1]
  .text                   ro code   0x804'23aa      0x2  MainScreenViewBase.o [1]
  .text                   ro code   0x804'23ac      0x2  MainScreenViewBase.o [1]
  .text                   ro code   0x804'23ae      0x2  MainScreenViewBase.o [1]
  .text                   ro code   0x804'23b0      0x2  MainScreenViewBase.o [1]
  .text                   ro code   0x804'23b2      0x2  MainScreenViewBase.o [1]
  .text                   ro code   0x804'23b4      0x2  MainScreenViewBase.o [1]
  .text                   ro code   0x804'23b6      0x2  Application.o [7]
  .text                   ro code   0x804'23b8     0x10  FrontendApplicationBase.o [1]
  .text                   ro code   0x804'23c8      0x4  LogoScreenViewBase.o [1]
  .text                   ro code   0x804'23cc    0x2a0  ButtonWithLabel.o [7]
  .text                   ro code   0x804'266c     0x20  LogoScreenViewBase.o [1]
  .text                   ro code   0x804'268c    0x12c  Button.o [7]
  .text                   ro code   0x804'27b8     0x16  LogoScreenViewBase.o [1]
  .text                   ro code   0x804'27ce      0x4  LogoScreenViewBase.o [1]
  .text                   ro code   0x804'27d2      0x4  LogoScreenViewBase.o [1]
  .text                   ro code   0x804'27d6      0x4  LogoScreenViewBase.o [1]
  .text                   ro code   0x804'27da      0x4  LogoScreenViewBase.o [1]
  .text                   ro code   0x804'27de      0x2  Application.o [7]
  .text                   ro code   0x804'27e0      0xc  Screen1Presenter.o [1]
  .text                   ro code   0x804'27ec     0x10  Screen1Presenter.o [1]
  .text                   ro code   0x804'27fc      0x4  FrontendApplicationBase.o [1]
  .text                   ro code   0x804'2800     0x18  LogoScreenViewBase.o [1]
  .text                   ro code   0x804'2818      0x4  LogoScreenViewBase.o [1]
  .text                   ro code   0x804'281c      0x6  LogoScreenViewBase.o [1]
  .text                   ro code   0x804'2822      0x2  Screen.o [7]
  .text                   ro code   0x804'2824     0xcc  LogoScreenViewBase.o [1]
  .text                   ro code   0x804'28f0      0x2  FrontendApplicationBase.o [1]
  .text                   ro code   0x804'28f2      0x2  LogoScreenViewBase.o [1]
  FontFlashSection        const     0x804'28f4    0x410  Font_verdana_10_4bpp_0.o [1]
  .rodata                 const     0x804'2d04    0x3fc  LCD16bpp.o [7]
  FontFlashSection        const     0x804'3100    0x380  Font_verdana_20_4bpp_0.o [1]
  FontFlashSection        const     0x804'3480    0x30c  Font_verdana_11_4bpp_0.o [1]
  .rodata                 const     0x804'378c    0x2c8  Bitmap.o [7]
  FontFlashSection        const     0x804'3a54    0x2c8  Font_verdana_17_4bpp_0.o [1]
  FontFlashSection        const     0x804'3d1c    0x278  Table_verdana_10_4bpp.o [1]
  TextFlashSection        const     0x804'3f94    0x260  Texts.o [1]
  .rodata                 const     0x804'41f4    0x218  HAL.o [7]
  FontFlashSection        const     0x804'440c    0x1f0  Font_timesbd_28_4bpp_0.o [1]
  FontFlashSection        const     0x804'45fc    0x1c0  Table_verdana_11_4bpp.o [1]
  .text                   ro code   0x804'47bc    0x1be  xpt2046.o [1]
  .rodata                 const     0x804'497a      0x1  unwind_debug.o [6]
  .text                   ro code   0x804'497c     0x40  delay.o [1]
  .text                   ro code   0x804'49bc    0x18c  PainterRGB565.o [7]
  .text                   ro code   0x804'4b48    0x180  TextAreaWithWildcard.o [7]
  .text                   ro code   0x804'4cc8    0x17a  EasingEquations.o [7]
  .text                   ro code   0x804'4e44    0x16c  BoxWithBorder.o [7]
  .text                   ro code   0x804'4fb0     0x68  Box.o [7]
  .text                   ro code   0x804'5018    0x132  AbstractPainterRGB565.o [7]
  .rodata                 const     0x804'514c    0x124  MainScreenViewBase.o [1]
  .rodata                 const     0x804'5270    0x124  AbstractDataGraph.o [7]
  .rodata                 const     0x804'5394    0x124  GraphWrapAndClear.o [7]
  FontFlashSection        const     0x804'54b8    0x118  Font_verdana_40_4bpp_0.o [1]
  TextFlashSection        const     0x804'55d0    0x10c  LanguageGb.o [1]
  .rodata                 const     0x804'56dc    0x108  OSWrappers.o [1]
  .rodata                 const     0x804'57e4    0x100  SlideMenu.o [7]
  .rodata                 const     0x804'58e4     0xfc  CanvasWidgetRenderer.o [7]
  FontFlashSection        const     0x804'59e0     0xfc  Table_verdana_7_4bpp.o [1]
  .rodata                 const     0x804'5adc     0xf8  Container.o [7]
  .rodata                 const     0x804'5bd4     0xf0  AbstractDataGraph.o [7]
  .text                   ro code   0x804'5cc4     0xf0  FrontendApplicationBase.o [1]
  .text                   ro code   0x804'5db4      0x2  FrontendApplicationBase.o [1]
  .text                   ro code   0x804'5db8     0xf0  TextAreaWithWildcard.o [7]
  .rodata                 const     0x804'5ea8     0xd8  MainScreenViewBase.o [1]
  .rodata                 const     0x804'5f80     0xd0  CustomContainer1.o [1]
  .rodata                 const     0x804'6050     0xd0  CustomContainer1Base.o [1]
  .rodata                 const     0x804'6120     0xd0  DMA.o [7]
  .rodata                 const     0x804'61f0     0xc0  Texts.o [1]
  .rodata                 const     0x804'62b0     0xc0  Texts.o [1]
  .rodata                 const     0x804'6370     0xc0  Texts.o [1]
  .rodata                 const     0x804'6430     0xc0  Canvas.o [7]
  .rodata                 const     0x804'64f0     0xbc  FrontendApplicationBase.o [1]
  .rodata                 const     0x804'65ac     0xbc  FrontendApplicationBase.o [1]
  .rodata                 const     0x804'6668     0xbc  MainScreenViewBase.o [1]
  .rodata                 const     0x804'6724     0xbc  TouchGFXGeneratedHAL.o [1]
  .rodata                 const     0x804'67e0     0xbc  TouchGFXHAL.o [1]
  .rodata                 const     0x804'689c     0xb8  Screen1ViewBase.o [1]
  .rodata                 const     0x804'6954     0xb8  TouchGFXHAL.o [1]
  .rodata                 const     0x804'6a0c     0xb8  Circle.o [7]
  .rodata                 const     0x804'6ac4     0xa4  FrontendApplicationBase.o [1]
  .rodata                 const     0x804'6b68     0xa4  FrontendApplicationBase.o [1]
  .rodata                 const     0x804'6c0c     0xa4  FrontendApplicationBase.o [1]
  .rodata                 const     0x804'6cb0     0xa4  FrontendApplicationBase.o [1]
  FontFlashSection        const     0x804'6d54     0x9c  Table_verdana_17_4bpp.o [1]
  FontFlashSection        const     0x804'6df0     0x9c  Table_verdana_20_4bpp.o [1]
  FontFlashSection        const     0x804'6e8c     0x98  Font_verdana_7_4bpp_0.o [1]
  .rodata                 const     0x804'6f24     0x94  MainScreenViewBase.o [1]
  .rodata                 const     0x804'6fb8     0x94  MainScreenViewBase.o [1]
  .rodata                 const     0x804'704c     0x94  MainScreenViewBase.o [1]
  .rodata                 const     0x804'70e0     0x90  FrontendApplicationBase.o [1]
  .rodata                 const     0x804'7170     0x90  FrontendApplicationBase.o [1]
  .rodata                 const     0x804'7200     0x90  LCD16bpp.o [7]
  .rodata                 const     0x804'7290     0x90  SlideMenu.o [7]
  .rodata                 const     0x804'7320     0x90  CanvasWidget.o [7]
  .rodata                 const     0x804'73b0     0x88  Container.o [7]
  .rodata                 const     0x804'7438     0x88  TextProvider.o [7]
  .rodata                 const     0x804'74c0     0x88  TextProvider.o [7]
  .rodata                 const     0x804'7548     0x88  TextProvider.o [7]
  .rodata                 const     0x804'75d0     0x88  TextProvider.o [7]
  .rodata                 const     0x804'7658     0x88  TextProvider.o [7]
  .rodata                 const     0x804'76e0     0x88  TextProvider.o [7]
  .rodata                 const     0x804'7768     0x88  TextProvider.o [7]
  .rodata                 const     0x804'77f0     0x88  TextProvider.o [7]
  .rodata                 const     0x804'7878     0x88  GraphLabels.o [7]
  .rodata                 const     0x804'7900     0x88  GraphLabels.o [7]
  .rodata                 const     0x804'7988     0x88  GraphLabels.o [7]
  .rodata                 const     0x804'7a10     0x88  GraphLabels.o [7]
  .rodata                 const     0x804'7a98     0x88  GraphElements.o [7]
  .rodata                 const     0x804'7b20     0x88  GraphElements.o [7]
  .rodata                 const     0x804'7ba8     0x88  GraphElements.o [7]
  .rodata                 const     0x804'7c30     0x88  GraphElements.o [7]
  TextFlashSection        const     0x804'7cb8     0x88  TypedTextDatabase.o [1]
  .rodata                 const     0x804'7d40     0x84  STM32DMA.o [1]
  .rodata                 const     0x804'7dc4     0x84  STM32DMA.o [1]
  .rodata                 const     0x804'7e48     0x84  STM32DMA.o [1]
  .rodata                 const     0x804'7ecc     0x84  Application.o [7]
  .rodata                 const     0x804'7f50     0x84  Application.o [7]
  .rodata                 const     0x804'7fd4     0x84  Button.o [7]
  .rodata                 const     0x804'8058     0x80  Application.o [7]
  .rodata                 const     0x804'80d8     0x80  GraphElements.o [7]
  .rodata                 const     0x804'8158     0x80  GraphElements.o [7]
  .rodata                 const     0x804'81d8     0x7c  CanvasWidget.o [7]
  .rodata                 const     0x804'8254     0x7c  Circle.o [7]
  .rodata                 const     0x804'82d0     0x78  TextArea.o [7]
  .rodata                 const     0x804'8348     0x78  TextAreaWithWildcard.o [7]
  .rodata                 const     0x804'83c0     0x70  ButtonWithLabel.o [7]
  .rodata                 const     0x804'8430     0x70  Button.o [7]
  .text                   ro code   0x804'84a0     0x70  TextAreaWithWildcard.o [7]
  .rodata                 const     0x804'8510     0x6c  AbstractDataGraph.o [7]
  .rodata                 const     0x804'857c     0x6c  AbstractButton.o [7]
  .rodata                 const     0x804'85e8     0x68  Image.o [7]
  .text                   ro code   0x804'8650     0x68  TouchGFXHAL.o [1]
  .rodata                 const     0x804'86b8     0x64  BitmapDatabase.o [1]
  .rodata                 const     0x804'871c     0x64  FrontendApplicationBase.o [1]
  .rodata                 const     0x804'8780     0x64  BoxWithBorder.o [7]
  .rodata                 const     0x804'87e4     0x64  Box.o [7]
  .rodata                 const     0x804'8848     0x60  main.o [1]
  .rodata                 const     0x804'88a8     0x60  MainScreenViewBase.o [1]
  .text                   ro code   0x804'8908     0x60  system_stm32f4xx.o [1]
  .rodata                 const     0x804'8968     0x5c  MainScreenView.o [1]
  .rodata                 const     0x804'89c4     0x5c  MainScreenViewBase.o [1]
  .text                   ro code   0x804'8a20     0x58  TouchGFXHAL.o [1]
  .rodata                 const     0x804'8a78     0x54  GeneratedFont.o [1]
  .rodata                 const     0x804'8acc     0x54  MainScreenViewBase.o [1]
  .rodata                 const     0x804'8b20     0x54  LCD16bpp.o [7]
  .text                   ro code   0x804'8b74     0x52  MainScreenViewBase.o [1]
  .text                   ro code   0x804'8bc6      0x6  MainScreenViewBase.o [1]
  .text                   ro code   0x804'8bcc      0x4  MainScreenViewBase.o [1]
  .text                   ro code   0x804'8bd0      0xc  MainScreenViewBase.o [1]
  .rodata                 const     0x804'8bdc     0x50  STM32DMA.o [1]
  .rodata                 const     0x804'8c2c     0x48  Screen.o [7]
  FontFlashSection        const     0x804'8c74     0x48  Table_timesbd_28_4bpp.o [1]
  .rodata                 const     0x804'8cbc     0x44  FrontendApplication.o [1]
  .rodata                 const     0x804'8d00     0x44  FrontendApplicationBase.o [1]
  .rodata                 const     0x804'8d44     0x44  FrontendApplicationBase.o [1]
  .rodata                 const     0x804'8d88     0x44  MainScreenViewBase.o [1]
  .rodata                 const     0x804'8dcc     0x44  Screen1ViewBase.o [1]
  .rodata                 const     0x804'8e10     0x44  Application.o [7]
  .rodata                 const     0x804'8e54     0x44  LCD16bpp.o [7]
  .text                   ro code   0x804'8e98     0x40  AbstractButton.o [7]
  .rodata                 const     0x804'8ed8     0x3c  Button.o [7]
  .text                   ro code   0x804'8f14     0x3c  MainScreenViewBase.o [1]
  .text                   ro code   0x804'8f50      0x2  MainScreenViewBase.o [1]
  .rodata                 const     0x804'8f54     0x38  TouchGFXHAL.o [1]
  .rodata                 const     0x804'8f8c     0x34  LogoScreenView.o [1]
  .rodata                 const     0x804'8fc0     0x34  LogoScreenViewBase.o [1]
  .rodata                 const     0x804'8ff4     0x34  LogoScreenViewBase.o [1]
  .rodata                 const     0x804'9028     0x34  MainScreenViewBase.o [1]
  .rodata                 const     0x804'905c     0x34  TouchGFXConfiguration.o [1]
  .rodata                 const     0x804'9090     0x34  TouchGFXConfiguration.o [1]
  .rodata                 const     0x804'90c4     0x34  TouchGFXConfiguration.o [1]
  .rodata                 const     0x804'90f8     0x34  Screen.o [7]
  .text                   ro code   0x804'912c     0x34  FrontendApplicationBase.o [1]
  .text                   ro code   0x804'9160      0x2  FrontendApplicationBase.o [1]
  .rodata                 const     0x804'9164     0x30  Application.o [7]
  .rodata                 const     0x804'9194     0x30  Application.o [7]
  .text                   ro code   0x804'91c4     0x2e  FrontendApplicationBase.o [1]
  .text                   ro code   0x804'91f2      0x6  FrontendApplicationBase.o [1]
  .text                   ro code   0x804'91f8      0x6  FrontendApplicationBase.o [1]
  .rodata                 const     0x804'9200     0x2c  FrontendApplicationBase.o [1]
  .text                   ro code   0x804'922c     0x2c  LCD16bpp.o [7]
  .rodata                 const     0x804'9258     0x28  LogoScreenPresenter.o [1]
  .rodata                 const     0x804'9280     0x28  MainScreenPresenter.o [1]
  .rodata                 const     0x804'92a8     0x28  Application.o [7]
  .rodata                 const     0x804'92d0     0x28  PainterRGB565.o [7]
  .rodata                 const     0x804'92f8     0x28  AbstractPainterRGB565.o [7]
  .text                   ro code   0x804'9320     0x28  FrontendApplicationBase.o [1]
  .text                   ro code   0x804'9348     0x28  data_init.o [5]
  .rodata                 const     0x804'9370     0x24  FrontendApplicationBase.o [1]
  .rodata                 const     0x804'9394     0x24  FrontendApplicationBase.o [1]
  .rodata                 const     0x804'93b8     0x24  DMA.o [7]
  .text                   ro code   0x804'93dc     0x24  CustomContainer1Base.o [1]
  .text                   ro code   0x804'9400     0x24  FrontendApplicationBase.o [1]
  .text                   ro code   0x804'9424     0x24  LogoScreenViewBase.o [1]
  .text                   ro code   0x804'9448     0x24  MainScreenViewBase.o [1]
  .text                   ro code   0x804'946c     0x24  MainScreenViewBase.o [1]
  .text                   ro code   0x804'9490     0x24  stm32f4xx_it.o [1]
  .text                   ro code   0x804'94b4     0x22  fpinit_M.o [4]
  .iar.init_table         const     0x804'94d8     0x24  - Linker created -
  .text                   ro code   0x804'94fc     0x20  CustomContainer1Base.o [1]
  .text                   ro code   0x804'951c     0x20  FrontendApplicationBase.o [1]
  .text                   ro code   0x804'953c     0x20  LogoScreenViewBase.o [1]
  .text                   ro code   0x804'955c     0x20  MainScreenViewBase.o [1]
  .text                   ro code   0x804'957c     0x20  STM32TouchController.o [1]
  .text                   ro code   0x804'959c     0x20  SlideMenu.o [7]
  .text                   ro code   0x804'95bc     0x20  SlideMenu.o [7]
  .text                   ro code   0x804'95dc     0x20  AbstractButton.o [7]
  .text                   ro code   0x804'95fc     0x20  cmain_call_ctors.o [5]
  .text                   ro code   0x804'961c     0x18  cppinit.o [2]
  .text                   ro code   0x804'9634     0x1e  cmain.o [5]
  .text                   ro code   0x804'9652      0x4  low_level_init.o [2]
  .text                   ro code   0x804'9656      0x4  exit.o [2]
  .text                   ro code   0x804'965c      0xa  cexit.o [5]
  .rodata                 const     0x804'9668     0x1c  main.o [1]
  .rodata                 const     0x804'9684     0x1c  STM32DMA.o [1]
  .rodata                 const     0x804'96a0     0x1c  STM32DMA.o [1]
  .text                   ro code   0x804'96bc     0x1c  FrontendApplicationBase.o [1]
  .text                   ro code   0x804'96d8     0x1c  FrontendApplicationBase.o [1]
  .text                   ro code   0x804'96f4      0x6  FrontendApplicationBase.o [1]
  .text                   ro code   0x804'96fa      0x6  FrontendApplicationBase.o [1]
  .text                   ro code   0x804'9700     0x1c  MainScreenViewBase.o [1]
  .rodata                 const     0x804'971c     0x18  CustomContainer1Base.o [1]
  .rodata                 const     0x804'9734     0x18  FrontendApplicationBase.o [1]
  .rodata                 const     0x804'974c     0x18  FrontendApplicationBase.o [1]
  .rodata                 const     0x804'9764     0x18  FrontendApplicationBase.o [1]
  .rodata                 const     0x804'977c     0x18  LogoScreenViewBase.o [1]
  .rodata                 const     0x804'9794     0x18  MainScreenViewBase.o [1]
  .rodata                 const     0x804'97ac     0x18  Screen1Presenter.o [1]
  .rodata                 const     0x804'97c4     0x18  STM32TouchController.o [1]
  .rodata                 const     0x804'97dc     0x18  SlideMenu.o [7]
  .rodata                 const     0x804'97f4     0x18  SlideMenu.o [7]
  .text                   ro code   0x804'980c     0x18  FrontendApplicationBase.o [1]
  .text                   ro code   0x804'9824     0x18  SlideMenu.o [7]
  .text                   ro code   0x804'983c     0x18  SlideMenu.o [7]
  .text                   ro code   0x804'9854     0x16  FrontendApplication.o [1]
  .text                   ro code   0x804'986a     0x16  TouchGFXHAL.o [1]
  .rodata                 const     0x804'9880     0x14  ApplicationFontProvider.o [1]
  .rodata                 const     0x804'9894     0x14  TouchGFXConfiguration.o [1]
  .rodata                 const     0x804'98a8     0x14  TouchGFXConfiguration.o [1]
  .rodata                 const     0x804'98bc     0x14  TextProvider.o [7]
  .rodata                 const     0x804'98d0     0x14  TextProvider.o [7]
  .rodata                 const     0x804'98e4     0x14  LCD16bpp.o [7]
  .rodata                 const     0x804'98f8     0x14  LCD16bpp.o [7]
  .rodata                 const     0x804'990c     0x14  LCD16bpp.o [7]
  .rodata                 const     0x804'9920     0x14  LCD16bpp.o [7]
  .rodata                 const     0x804'9934     0x14  LCD16bpp.o [7]
  .rodata                 const     0x804'9948     0x14  LCD16bpp.o [7]
  .rodata                 const     0x804'995c     0x14  LCD16bpp.o [7]
  .rodata                 const     0x804'9970     0x14  LCD16bpp.o [7]
  .rodata                 const     0x804'9984     0x14  LCD16bpp.o [7]
  .rodata                 const     0x804'9998     0x14  LCD16bpp.o [7]
  .rodata                 const     0x804'99ac     0x14  LCD16bpp.o [7]
  .rodata                 const     0x804'99c0     0x14  LCD16bpp.o [7]
  .rodata                 const     0x804'99d4     0x14  LCD16bpp.o [7]
  .rodata                 const     0x804'99e8     0x14  LCD16bpp.o [7]
  .rodata                 const     0x804'99fc     0x14  LCD16bpp.o [7]
  .rodata                 const     0x804'9a10     0x14  LCD16bpp.o [7]
  .rodata                 const     0x804'9a24     0x14  LCD16bpp.o [7]
  .rodata                 const     0x804'9a38     0x14  LCD16bpp.o [7]
  .rodata                 const     0x804'9a4c     0x14  LCD16bpp.o [7]
  .rodata                 const     0x804'9a60     0x14  LCD16bpp.o [7]
  .rodata                 const     0x804'9a74     0x14  LCD16bpp.o [7]
  .rodata                 const     0x804'9a88     0x14  LCD16bpp.o [7]
  .rodata                 const     0x804'9a9c     0x14  LCD16bpp.o [7]
  .rodata                 const     0x804'9ab0     0x14  LCD16bpp.o [7]
  .rodata                 const     0x804'9ac4     0x14  LCD16bpp.o [7]
  .rodata                 const     0x804'9ad8     0x14  LCD16bpp.o [7]
  .rodata                 const     0x804'9aec     0x14  LCD16bpp.o [7]
  .rodata                 const     0x804'9b00     0x14  LCD16bpp.o [7]
  .rodata                 const     0x804'9b14     0x14  Gestures.o [7]
  .rodata                 const     0x804'9b28     0x14  Gestures.o [7]
  .rodata                 const     0x804'9b3c     0x14  Gestures.o [7]
  .text                   ro code   0x804'9b50     0x14  TouchGFXHAL.o [1]
  .text                   ro code   0x804'9b64     0x14  TextAreaWithWildcard.o [7]
  FontSearchFlashSection  const     0x804'9b78     0x14  Kerning_verdana_17_4bpp.o [1]
  .text                   ro code   0x804'9b8c     0x12  FrontendApplicationBase.o [1]
  .text                   ro code   0x804'9b9e      0xc  FrontendApplicationBase.o [1]
  .rodata                 const     0x804'9bac     0x10  MainScreenViewBase.o [1]
  .rodata                 const     0x804'9bbc     0x10  Screen1Presenter.o [1]
  .rodata                 const     0x804'9bcc     0x10  Texts.o [1]
  .rodata                 const     0x804'9bdc     0x10  TouchGFXConfiguration.o [1]
  .rodata                 const     0x804'9bec     0x10  TextProvider.o [7]
  .rodata                 const     0x804'9bfc     0x10  TextProvider.o [7]
  .rodata                 const     0x804'9c0c     0x10  Canvas.o [7]
  .rodata                 const     0x804'9c1c     0x10  RenderingBuffer.o [7]
  .rodata                 const     0x804'9c2c     0x10  Outline.o [7]
  .rodata                 const     0x804'9c3c     0x10  Scanline.o [7]
  .text                   ro code   0x804'9c4c     0x10  FrontendApplicationBase.o [1]
  .text                   ro code   0x804'9c5c     0x10  FrontendApplicationBase.o [1]
  .text                   ro code   0x804'9c6c     0x10  startup_stm32f429xx.o [1]
  .text                   ro code   0x804'9c7c     0x10  STM32DMA.o [1]
  FontFlashSection        const     0x804'9c8c     0x10  Table_times_8_4bpp.o [1]
  FontFlashSection        const     0x804'9c9c     0x10  Table_verdana_40_4bpp.o [1]
  FontSearchFlashSection  const     0x804'9cac     0x10  Kerning_verdana_11_4bpp.o [1]
  .rodata                 const     0x804'9cbc      0xc  Texts.o [1]
  .rodata                 const     0x804'9cc8      0xc  Texts.o [1]
  .rodata                 const     0x804'9cd4      0xc  TextProvider.o [7]
  .rodata                 const     0x804'9ce0      0xc  TextProvider.o [7]
  .rodata                 const     0x804'9cec      0xc  TextProvider.o [7]
  .rodata                 const     0x804'9cf8      0xc  TextProvider.o [7]
  .text                   ro code   0x804'9d04      0xc  MainScreenView.o [1]
  .text                   ro code   0x804'9d10      0x4  MainScreenView.o [1]
  .text                   ro code   0x804'9d14      0xc  TouchGFXConfiguration.o [1]
  .text                   ro code   0x804'9d20      0xc  TouchGFXHAL.o [1]
  .text                   ro code   0x804'9d2c      0xc  cstartup_M.o [5]
  FontFlashSection        const     0x804'9d38      0xc  Font_times_8_4bpp_0.o [1]
  SHT$$PREINIT_ARRAY                0x804'9d44      0x0  <Block>
  SHT$$INIT_ARRAY                   0x804'9d44      0xc  <Block>
    .init_array           const     0x804'9d44      0x4  CustomContainer1.o [1]
    .init_array           const     0x804'9d48      0x4  TouchGFXConfiguration.o [1]
    .init_array           const     0x804'9d4c      0x4  TypedTextDatabase.o [1]
  __iar_tls$$INIT_ARRAY             0x804'9d50      0x0  <Block>
  .rodata                 const     0x804'9d50      0x8  CustomContainer1Base.o [1]
  .rodata                 const     0x804'9d58      0x8  MainScreenViewBase.o [1]
  .rodata                 const     0x804'9d60      0x8  system_stm32f4xx.o [1]
  .text                   ro code   0x804'9d68      0x8  TouchGFXConfiguration.o [1]
  .text                   ro code   0x804'9d70      0x8  TouchGFXHAL.o [1]
  .text                   ro code   0x804'9d78      0x8  UnmappedDataFont.o [1]
  .text                   ro code   0x804'9d80      0x4  FrontendApplicationBase.o [1]
  .text                   ro code   0x804'9d84      0x4  FrontendApplicationBase.o [1]
  .text                   ro code   0x804'9d88      0x4  GeneratedFont.o [1]
  .text                   ro code   0x804'9d8c      0x4  MainScreenViewBase.o [1]
  .text                   ro code   0x804'9d90      0x4  MainScreenViewBase.o [1]
  .text                   ro code   0x804'9d94      0x4  startup_stm32f429xx.o [1]
  .text                   ro code   0x804'9d98      0x4  startup_stm32f429xx.o [1]
  .text                   ro code   0x804'9d9c      0x4  startup_stm32f429xx.o [1]
  .text                   ro code   0x804'9da0      0x4  startup_stm32f429xx.o [1]
  .text                   ro code   0x804'9da4      0x4  startup_stm32f429xx.o [1]
  .text                   ro code   0x804'9da8      0x4  startup_stm32f429xx.o [1]
  .text                   ro code   0x804'9dac      0x4  startup_stm32f429xx.o [1]
  .text                   ro code   0x804'9db0      0x4  startup_stm32f429xx.o [1]
  .text                   ro code   0x804'9db4      0x4  startup_stm32f429xx.o [1]
  .text                   ro code   0x804'9db8      0x4  startup_stm32f429xx.o [1]
  .text                   ro code   0x804'9dbc      0x4  startup_stm32f429xx.o [1]
  .text                   ro code   0x804'9dc0      0x4  startup_stm32f429xx.o [1]
  .text                   ro code   0x804'9dc4      0x4  startup_stm32f429xx.o [1]
  .text                   ro code   0x804'9dc8      0x4  startup_stm32f429xx.o [1]
  .text                   ro code   0x804'9dcc      0x4  startup_stm32f429xx.o [1]
  .text                   ro code   0x804'9dd0      0x4  startup_stm32f429xx.o [1]
  .text                   ro code   0x804'9dd4      0x4  startup_stm32f429xx.o [1]
  .text                   ro code   0x804'9dd8      0x4  startup_stm32f429xx.o [1]
  .text                   ro code   0x804'9ddc      0x4  startup_stm32f429xx.o [1]
  .text                   ro code   0x804'9de0      0x4  startup_stm32f429xx.o [1]
  .text                   ro code   0x804'9de4      0x4  startup_stm32f429xx.o [1]
  .text                   ro code   0x804'9de8      0x4  startup_stm32f429xx.o [1]
  .text                   ro code   0x804'9dec      0x4  startup_stm32f429xx.o [1]
  .text                   ro code   0x804'9df0      0x4  startup_stm32f429xx.o [1]
  .text                   ro code   0x804'9df4      0x4  startup_stm32f429xx.o [1]
  .text                   ro code   0x804'9df8      0x4  startup_stm32f429xx.o [1]
  .text                   ro code   0x804'9dfc      0x4  startup_stm32f429xx.o [1]
  .text                   ro code   0x804'9e00      0x4  startup_stm32f429xx.o [1]
  .text                   ro code   0x804'9e04      0x4  startup_stm32f429xx.o [1]
  .text                   ro code   0x804'9e08      0x4  startup_stm32f429xx.o [1]
  .text                   ro code   0x804'9e0c      0x4  startup_stm32f429xx.o [1]
  .text                   ro code   0x804'9e10      0x4  startup_stm32f429xx.o [1]
  .text                   ro code   0x804'9e14      0x4  startup_stm32f429xx.o [1]
  .text                   ro code   0x804'9e18      0x4  startup_stm32f429xx.o [1]
  .text                   ro code   0x804'9e1c      0x4  startup_stm32f429xx.o [1]
  .text                   ro code   0x804'9e20      0x4  startup_stm32f429xx.o [1]
  .text                   ro code   0x804'9e24      0x4  startup_stm32f429xx.o [1]
  .text                   ro code   0x804'9e28      0x4  startup_stm32f429xx.o [1]
  .text                   ro code   0x804'9e2c      0x4  startup_stm32f429xx.o [1]
  .text                   ro code   0x804'9e30      0x4  startup_stm32f429xx.o [1]
  .text                   ro code   0x804'9e34      0x4  startup_stm32f429xx.o [1]
  .text                   ro code   0x804'9e38      0x4  startup_stm32f429xx.o [1]
  .text                   ro code   0x804'9e3c      0x4  startup_stm32f429xx.o [1]
  .text                   ro code   0x804'9e40      0x4  startup_stm32f429xx.o [1]
  .text                   ro code   0x804'9e44      0x4  startup_stm32f429xx.o [1]
  .text                   ro code   0x804'9e48      0x4  startup_stm32f429xx.o [1]
  .text                   ro code   0x804'9e4c      0x4  startup_stm32f429xx.o [1]
  .text                   ro code   0x804'9e50      0x4  startup_stm32f429xx.o [1]
  .text                   ro code   0x804'9e54      0x4  startup_stm32f429xx.o [1]
  .text                   ro code   0x804'9e58      0x4  startup_stm32f429xx.o [1]
  .text                   ro code   0x804'9e5c      0x4  startup_stm32f429xx.o [1]
  .text                   ro code   0x804'9e60      0x4  startup_stm32f429xx.o [1]
  .text                   ro code   0x804'9e64      0x4  startup_stm32f429xx.o [1]
  .text                   ro code   0x804'9e68      0x4  startup_stm32f429xx.o [1]
  .text                   ro code   0x804'9e6c      0x4  startup_stm32f429xx.o [1]
  .text                   ro code   0x804'9e70      0x4  startup_stm32f429xx.o [1]
  .text                   ro code   0x804'9e74      0x4  startup_stm32f429xx.o [1]
  .text                   ro code   0x804'9e78      0x4  startup_stm32f429xx.o [1]
  .text                   ro code   0x804'9e7c      0x4  startup_stm32f429xx.o [1]
  .text                   ro code   0x804'9e80      0x4  startup_stm32f429xx.o [1]
[...]
                         0x804'76e0     0x88  Data  Gb  TextProvider.o [7]
touchgfx::TextProvider::circularBuffer<(unsigned int)10>::replaceAt1(unsigned short)::string
                         0x804'9cc8      0xc  Data  Gb  Texts.o [1]
touchgfx::TextProvider::circularBuffer<(unsigned int)10>::replaceAt1(unsigned short)::string (instance 2)
                         0x804'6370     0xc0  Data  Gb  Texts.o [1]
touchgfx::TextProvider::circularBuffer<(unsigned int)2>::allocateFront(unsigned short)::string
                         0x804'98bc     0x14  Data  Gb  TextProvider.o [7]
touchgfx::TextProvider::circularBuffer<(unsigned int)2>::allocateFront(unsigned short)::string (instance 2)
                         0x804'7548     0x88  Data  Gb  TextProvider.o [7]
touchgfx::TextProvider::circularBuffer<(unsigned int)2>::peekChar(unsigned short)::string
                         0x804'9bfc     0x10  Data  Gb  TextProvider.o [7]
touchgfx::TextProvider::circularBuffer<(unsigned int)2>::peekChar(unsigned short)::string (instance 2)
                         0x804'77f0     0x88  Data  Gb  TextProvider.o [7]
touchgfx::TextProvider::fillInputBuffer()
                         0x803'2083     0xe2  Code  Gb  TextProvider.o [7]
touchgfx::TextProvider::getNextChar()
                         0x803'18af     0x5e  Code  Gb  TextProvider.o [7]
touchgfx::TextProvider::getNextCharInternal()
                         0x803'1a75     0x62  Code  Gb  TextProvider.o [7]
touchgfx::TextProvider::getNextLigature(unsigned char)
                         0x802'd8db     0xbe  Code  Gb  Texts.o [1]
touchgfx::TextProvider::getNextLigature(unsigned char, touchgfx::Font const *, touchgfx::GlyphNode const *&)
                         0x803'190d     0xa8  Code  Gb  TextProvider.o [7]
touchgfx::TextProvider::getNextLigature(unsigned char, touchgfx::Font const *, touchgfx::GlyphNode const *&, unsigned char const *&, unsigned char &)
                         0x803'19b5     0xb0  Code  Gb  TextProvider.o [7]
touchgfx::TextProvider::gsubRuleMatch(unsigned short const *, unsigned short, unsigned short, unsigned short)
                         0x803'2227     0xa6  Code  Gb  TextProvider.o [7]
touchgfx::TextProvider::gsubTableBinarySearch(unsigned short, unsigned short const *, unsigned short) const
                         0x803'2319     0x46  Code  Gb  TextProvider.o [7]
touchgfx::TextProvider::initialize(unsigned short const *, __va_list, unsigned short const *)
                         0x803'1ad7     0x18  Code  Gb  TextProvider.o [7]
touchgfx::TextProvider::initializeInternal()
                         0x802'd999      0x4  Code  Gb  Texts.o [1]
touchgfx::TextProvider::replaceInputCharacters(unsigned short, unsigned short, unsigned short const *)
                         0x803'1f6d    0x116  Code  Gb  TextProvider.o [7]
touchgfx::TextProvider::substituteGlyphs()
                         0x803'2165     0x58  Code  Gb  TextProvider.o [7]
touchgfx::TextProvider::thaiLookupGlyph(touchgfx::GlyphNode const *, touchgfx::Font const *, unsigned short) const
                         0x803'1b23     0x16  Code  Gb  TextProvider.o [7]
touchgfx::Texts::currentLanguage
                        0x2000'c444      0x2  Data  Gb  Texts.o [1]
touchgfx::Texts::getText(unsigned short) const
                         0x802'da05     0x10  Code  Gb  Texts.o [1]
touchgfx::Texts::setLanguage(unsigned short)
                         0x802'd9b5     0x50  Code  Gb  Texts.o [1]
touchgfx::TouchCalibration::clzu(unsigned int)
                         0x803'c94d     0x3a  Code  Gb  TouchCalibration.o [7]
touchgfx::TouchCalibration::matrix
                        0x2000'c254     0x2c  Data  Gb  TouchCalibration.o [7]
touchgfx::TouchCalibration::muldiv(int, int, int, int, int &)
                         0x803'c805     0x96  Code  Gb  TouchCalibration.o [7]
touchgfx::TouchCalibration::muldivu(unsigned int, unsigned int, unsigned int, unsigned int, unsigned int, unsigned int &)
                         0x803'c89b     0xac  Code  Gb  TouchCalibration.o [7]
touchgfx::TouchCalibration::translatePoint(touchgfx::Point &)
                         0x803'c987     0x74  Code  Gb  TouchCalibration.o [7]
touchgfx::Transition::Transition()
                         0x804'23b9     0x10  Code  Gb  FrontendApplicationBase.o [1]
touchgfx::Transition::Transition() [subobject]
                         0x804'21ed      0x4  Code  Gb  FrontendApplicationBase.o [1]
touchgfx::Transition::handleTickEvent()
                         0x804'5db5      0x2  Code  Gb  FrontendApplicationBase.o [1]
touchgfx::Transition::init()
                         0x804'9161      0x2  Code  Gb  FrontendApplicationBase.o [1]
touchgfx::Transition::invalidate()
                         0x804'9c4d     0x10  Code  Gb  FrontendApplicationBase.o [1]
touchgfx::Transition::setScreenContainer(touchgfx::Container &)
                         0x804'9d81      0x4  Code  Gb  FrontendApplicationBase.o [1]
touchgfx::Transition::tearDown()
                         0x803'54d3      0x2  Code  Gb  FrontendApplicationBase.o [1]
touchgfx::Transition::~Transition()
                         0x803'5447      0x2  Code  Gb  FrontendApplicationBase.o [1]
touchgfx::TypedText::TypedText(unsigned short)
                         0x802'd151      0xc  Code  Gb  MainScreenViewBase.o [1]
touchgfx::TypedText::assertValid() const::string (instance 2)
                         0x804'8d88     0x44  Data  Gb  MainScreenViewBase.o [1]
touchgfx::TypedText::assertValid() const::string (instance 3)
                         0x804'6668     0xbc  Data  Gb  MainScreenViewBase.o [1]
touchgfx::TypedText::assertValid() const::string (instance 5)
                         0x804'8acc     0x54  Data  Gb  MainScreenViewBase.o [1]
touchgfx::TypedText::fonts
                        0x2000'c490      0x4  Data  Gb  TypedText.o [7]
touchgfx::TypedText::numberOfTypedTexts
                        0x2000'c49a      0x2  Data  Gb  TypedText.o [7]
touchgfx::TypedText::operator =(const touchgfx::TypedText&)
                         0x804'281d      0x6  Code  Gb  LogoScreenViewBase.o [1]
touchgfx::TypedText::registerTexts(touchgfx::Texts const *)
                         0x804'11d1      0xc  Code  Gb  TouchGFXConfiguration.o [1]
touchgfx::TypedText::registerTypedTextDatabase(touchgfx::TypedText::TypedTextData const *, touchgfx::Font const *const *, unsigned short)
                         0x803'2ded     0x1c  Code  Gb  Texts.o [1]
touchgfx::TypedText::texts
                        0x2000'c48c      0x4  Data  Gb  TypedText.o [7]
touchgfx::TypedText::typedTexts
                        0x2000'c488      0x4  Data  Gb  TypedText.o [7]
touchgfx::UIEventListener::handleClickEvent(touchgfx::ClickEvent const &)
                         0x804'20c3      0x2  Code  Gb  Application.o [7]
touchgfx::UIEventListener::handleDragEvent(touchgfx::DragEvent const &)
                         0x804'210b      0x2  Code  Gb  Application.o [7]
touchgfx::UIEventListener::handleGestureEvent(touchgfx::GestureEvent const &)
                         0x804'236f      0x2  Code  Gb  Application.o [7]
touchgfx::UIEventListener::handleKeyEvent(unsigned char)
                         0x804'23b7      0x2  Code  Gb  Application.o [7]
touchgfx::UIEventListener::handleTickEvent()
                         0x804'27df      0x2  Code  Gb  Application.o [7]
touchgfx::Unicode::composeString(unsigned short const *&, unsigned short, unsigned short, bool, bool, int, bool, int, bool, int &, unsigned short, unsigned short *)
                         0x802'de73    0x15a  Code  Gb  Unicode.o [7]
touchgfx::Unicode::parseFlagsAndPrecision(unsigned short const *&, char const *&, unsigned short &, bool &, bool &, bool &, bool &, int &, bool &, int &)
                         0x802'dfcd    0x1ae  Code  Gb  Unicode.o [7]
touchgfx::Unicode::snprintf(unsigned short *, unsigned short, char const *, ...)
                         0x802'de5d     0x10  Code  Gb  Unicode.o [7]
touchgfx::Unicode::strlen(unsigned short const *)
                         0x802'da41     0x1a  Code  Gb  Unicode.o [7]
touchgfx::Unicode::strncpy(unsigned short *, char const *, unsigned short)
                         0x802'da5b     0x24  Code  Gb  Unicode.o [7]
touchgfx::Unicode::vsnprintf(unsigned short *, unsigned short, unsigned short const *, char const *, __va_list)
                         0x802'da85    0x3c8  Code  Gb  Unicode.o [7]
touchgfx::Vector<touchgfx::Drawable *, (unsigned short)32>::add(touchgfx::Drawable *)::string (instance 2)
                         0x804'9194     0x30  Data  Gb  Application.o [7]
touchgfx::Vector<touchgfx::Drawable *, (unsigned short)32>::add(touchgfx::Drawable *)::string (instance 3)
                         0x804'7f50     0x84  Data  Gb  Application.o [7]
touchgfx::Vector<touchgfx::Rect, (unsigned short)8>::Vector()
                         0x803'48b9     0x1c  Code  Gb  Application.o [7]
touchgfx::Vector<touchgfx::Rect, (unsigned short)8>::add(touchgfx::Rect)
                         0x803'49d1     0x4c  Code  Gb  Application.o [7]
touchgfx::Vector<touchgfx::Rect, (unsigned short)8>::add(touchgfx::Rect)::string (instance 2)
                         0x804'9164     0x30  Data  Gb  Application.o [7]
touchgfx::Vector<touchgfx::Rect, (unsigned short)8>::add(touchgfx::Rect)::string (instance 3)
                         0x804'7ecc     0x84  Data  Gb  Application.o [7]
touchgfx::Vector<touchgfx::Rect, (unsigned short)8>::quickRemoveAt(unsigned short)
                         0x803'495d     0x30  Code  Gb  Application.o [7]
touchgfx::View<LogoScreenPresenter>::View()
                         0x804'2801     0x18  Code  Gb  LogoScreenViewBase.o [1]
touchgfx::View<LogoScreenPresenter>::View() [subobject]
                         0x804'23c9      0x4  Code  Gb  LogoScreenViewBase.o [1]
touchgfx::View<LogoScreenPresenter>::bind(LogoScreenPresenter &)
                         0x804'1ae5      0x4  Code  Gb  FrontendApplicationBase.o [1]
touchgfx::View<LogoScreenPresenter>::~View()
                         0x803'dedb      0x2  Code  Gb  LogoScreenViewBase.o [1]
touchgfx::View<MainScreenPresenter>::View()
                         0x802'e385     0x18  Code  Gb  MainScreenViewBase.o [1]
touchgfx::View<MainScreenPresenter>::View() [subobject]
                         0x802'9acb      0x4  Code  Gb  MainScreenViewBase.o [1]
touchgfx::View<MainScreenPresenter>::bind(MainScreenPresenter &)
                         0x804'20f1      0x4  Code  Gb  FrontendApplicationBase.o [1]
touchgfx::View<MainScreenPresenter>::~View()
                         0x804'13a3      0x2  Code  Gb  MainScreenViewBase.o [1]
touchgfx::Widget::Widget()
                         0x803'34a7      0xc  Code  Gb  Screen1ViewBase.o [1]
touchgfx::Widget::Widget() [subobject]
                         0x802'e3b1      0x4  Code  Gb  Screen1ViewBase.o [1]
touchgfx::Widget::getLastChild(short, short, touchgfx::Drawable **)
                         0x804'96d9     0x1c  Code  Gb  FrontendApplicationBase.o [1]
touchgfx::clzu(unsigned int)
                         0x802'eb43     0x3a  Code  Gb  Utils.o [7]
touchgfx::colortype::colortype()
                         0x802'ecc5      0x6  Code  Gb  STM32DMA.o [1]
touchgfx::colortype::colortype(unsigned int)
                         0x802'a8c5      0x4  Code  Gb  Screen1ViewBase.o [1]
touchgfx::colortype::operator unsigned int() const
                         0x803'17eb      0x4  Code  Gb  STM32DMA.o [1]
touchgfx::memset(void *, unsigned char, unsigned int)
                         0x802'eb35      0xe  Code  Gb  Utils.o [7]
touchgfx::muldiv(int, int, int)
                         0x802'ec57     0x38  Code  Gb  Utils.o [7]
touchgfx::muldiv(int, int, int, int &)
                         0x802'eb7d     0x3c  Code  Gb  Utils.o [7]
touchgfx::muldivu(unsigned int, unsigned int, unsigned int, unsigned int &)
                         0x802'ebb9     0x9e  Code  Gb  Utils.o [7]
touchgfx_fonts          0x2000'c404     0x20  Data  Gb  TypedTextDatabase.o [1]
touchgfx_init            0x804'0757     0x40  Code  Gb  TouchGFXConfiguration.o [1]
touchgfx_taskEntry       0x804'0797      0x6  Code  Gb  TouchGFXConfiguration.o [1]
typedTextDatabaseArray   0x804'9f40      0x4  Data  Gb  TypedTextDatabase.o [1]
typedText_database_DEFAULT
                         0x804'7cb8     0x88  Data  Gb  TypedTextDatabase.o [1]
ucHeap                  0x2000'6378   0x3c00  Data  Lc  heap_4.o [1]
ucMaxSysCallPriority    0x2000'0000      0x1  Data  Lc  port.o [1]
ulMaxPRIGROUPValue      0x2000'0008      0x4  Data  Lc  port.o [1]
unicodes_times_8_4bpp    0x803'52ac      0x4  Data  Gb  Table_times_8_4bpp.o [1]
unicodes_times_8_4bpp_0
                         0x804'9d38      0xc  Data  Gb  Font_times_8_4bpp_0.o [1]
unicodes_timesbd_28_4bpp
                         0x803'5140      0x4  Data  Gb  Table_timesbd_28_4bpp.o [1]
unicodes_timesbd_28_4bpp_0
                         0x804'440c    0x1f0  Data  Gb  Font_timesbd_28_4bpp_0.o [1]
unicodes_verdana_10_4bpp
                         0x803'50e4      0x4  Data  Gb  Table_verdana_10_4bpp.o [1]
unicodes_verdana_10_4bpp_0
                         0x804'28f4    0x410  Data  Gb  Font_verdana_10_4bpp_0.o [1]
unicodes_verdana_11_4bpp
                         0x803'51f8      0x4  Data  Gb  Table_verdana_11_4bpp.o [1]
unicodes_verdana_11_4bpp_0
                         0x804'3480    0x30c  Data  Gb  Font_verdana_11_4bpp_0.o [1]
unicodes_verdana_17_4bpp
                         0x803'5254      0x4  Data  Gb  Table_verdana_17_4bpp.o [1]
unicodes_verdana_17_4bpp_0
                         0x804'3a54    0x2c8  Data  Gb  Font_verdana_17_4bpp_0.o [1]
unicodes_verdana_20_4bpp
                         0x803'5030      0x4  Data  Gb  Table_verdana_20_4bpp.o [1]
unicodes_verdana_20_4bpp_0
                         0x804'3100    0x380  Data  Gb  Font_verdana_20_4bpp_0.o [1]
unicodes_verdana_40_4bpp
                         0x803'5088      0x4  Data  Gb  Table_verdana_40_4bpp.o [1]
unicodes_verdana_40_4bpp_0
                         0x804'54b8    0x118  Data  Gb  Font_verdana_40_4bpp_0.o [1]
unicodes_verdana_7_4bpp
                         0x803'519c      0x4  Data  Gb  Table_verdana_7_4bpp.o [1]
unicodes_verdana_7_4bpp_0
                         0x804'6e8c     0x98  Data  Gb  Font_verdana_7_4bpp_0.o [1]
uwTick                  0x2000'0010      0x4  Data  Gb  stm32f4xx_hal.o [1]
uwTickFreq              0x2000'000c      0x1  Data  Gb  stm32f4xx_hal.o [1]
uwTickPrio              0x2000'0014      0x4  Data  Gb  stm32f4xx_hal.o [1]
uxCriticalNesting       0x2000'0004      0x4  Data  Lc  port.o [1]
uxCurrentNumberOfTasks  0x2000'c0c0      0x4  Data  Lc  tasks.o [1]
uxDeletedTasksWaitingCleanUp
                        0x2000'c0a8      0x4  Data  Lc  tasks.o [1]
uxListRemove             0x803'deb5     0x26  Code  Gb  list.o [1]
uxPendedTicks           0x2000'c0d0      0x4  Data  Lc  tasks.o [1]
uxSchedulerSuspended    0x2000'c0e8      0x4  Data  Lc  tasks.o [1]
uxTaskNumber            0x2000'c0dc      0x4  Data  Lc  tasks.o [1]
uxTopReadyPriority      0x2000'c0c8      0x4  Data  Lc  tasks.o [1]
vApplicationGetIdleTaskMemory
                         0x803'e0f1     0x18  Code  Gb  freertos.o [1]
vListInitialise          0x803'de49     0x1a  Code  Gb  list.o [1]
vListInitialiseItem      0x803'de63      0x6  Code  Gb  list.o [1]
vListInsert              0x803'de81     0x34  Code  Gb  list.o [1]
vListInsertEnd           0x803'de69     0x18  Code  Gb  list.o [1]
vPortEnableVFP           0x803'e19d           Code  Gb  portasm.o [1]
vPortEnterCritical       0x803'dfe1     0x32  Code  Gb  port.o [1]
vPortExitCritical        0x803'e013     0x26  Code  Gb  port.o [1]
vPortFree                0x803'dd49     0x5e  Code  Gb  heap_4.o [1]
vPortStartFirstTask      0x803'e17d           Code  Gb  portasm.o [1]
vPortValidateInterruptPriority
                         0x803'e061     0x44  Code  Gb  port.o [1]
vTaskDelay               0x803'cdb7     0x4c  Code  Gb  tasks.o [1]
vTaskInternalSetTimeOutState
                         0x803'd10b      0xe  Code  Gb  tasks.o [1]
vTaskMissedYield         0x803'd191      0x8  Code  Gb  tasks.o [1]
vTaskPlaceOnEventList    0x803'd069     0x30  Code  Gb  tasks.o [1]
vTaskPriorityDisinheritAfterTimeout
                         0x803'd3df     0xa4  Code  Gb  tasks.o [1]
vTaskStartScheduler      0x803'ce05     0x66  Code  Gb  tasks.o [1]
vTaskSuspendAll          0x803'ce75      0xc  Code  Gb  tasks.o [1]
vTaskSwitchContext       0x803'd00f     0x5a  Code  Gb  tasks.o [1]
void touchgfx::Circle::setArc<int>(int, int)
                         0x802'e1c5     0x22  Code  Gb  MainScreenViewBase.o [1]
void touchgfx::Circle::setCenter<int>(int, int)
                         0x802'e17f     0x22  Code  Gb  MainScreenViewBase.o [1]
void touchgfx::Circle::setLineWidth<int>(int)
                         0x802'e1b3     0x12  Code  Gb  MainScreenViewBase.o [1]
void touchgfx::Circle::setRadius<int>(int)
                         0x802'e1a1     0x12  Code  Gb  MainScreenViewBase.o [1]
vsync_sem               0x2000'c470      0x4  Data  Lc  OSWrappers.o [1]
xBlockAllocatedBit      0x2000'6374      0x4  Data  Lc  heap_4.o [1]
xDelayedTaskList1       0x2000'c0ec     0x14  Data  Lc  tasks.o [1]
xDelayedTaskList2       0x2000'c100     0x14  Data  Lc  tasks.o [1]
xFreeBytesRemaining     0x2000'636c      0x4  Data  Lc  heap_4.o [1]
xIdleStack              0x2000'9fcc   0x2000  Data  Lc  freertos.o [1]
xIdleTaskHandle         0x2000'c0e4      0x4  Data  Lc  tasks.o [1]
xIdleTaskTCBBuffer      0x2000'9f78     0x54  Data  Lc  freertos.o [1]
xMinimumEverFreeBytesRemaining
                        0x2000'6370      0x4  Data  Lc  heap_4.o [1]
xNextTaskUnblockTime    0x2000'c0e0      0x4  Data  Lc  tasks.o [1]
xNumOfOverflows         0x2000'c0d8      0x4  Data  Lc  tasks.o [1]
xPendingReadyList       0x2000'c074     0x14  Data  Lc  tasks.o [1]
xPortStartScheduler      0x803'df21     0xc0  Code  Gb  port.o [1]
xQueueGenericCreate      0x803'd64b     0x4c  Code  Gb  queue.o [1]
xQueueGenericCreateStatic
                         0x803'd5a7     0xa4  Code  Gb  queue.o [1]
xQueueGenericReset       0x803'd519     0x8e  Code  Gb  queue.o [1]
xQueueGenericSend        0x803'd6b1    0x17c  Code  Gb  queue.o [1]
xQueueGiveFromISR        0x803'd82d     0xae  Code  Gb  queue.o [1]
xQueueReceiveFromISR     0x803'da71     0xa4  Code  Gb  queue.o [1]
xQueueSemaphoreTake      0x803'd8db    0x196  Code  Gb  queue.o [1]
xSchedulerRunning       0x2000'c0cc      0x4  Data  Lc  tasks.o [1]
xStart                  0x2000'6360      0x8  Data  Lc  heap_4.o [1]
xSuspendedTaskList      0x2000'c0ac     0x14  Data  Lc  tasks.o [1]
xTaskCheckForTimeOut     0x803'd119     0x78  Code  Gb  tasks.o [1]
xTaskCreate              0x803'cc21     0x66  Code  Gb  tasks.o [1]
xTaskCreateStatic        0x803'cba5     0x7c  Code  Gb  tasks.o [1]
xTaskGetSchedulerState   0x803'd29d     0x1c  Code  Gb  tasks.o [1]
xTaskIncrementTick       0x803'cf41     0xce  Code  Gb  tasks.o [1]
xTaskPriorityDisinherit
                         0x803'd347     0x98  Code  Gb  tasks.o [1]
xTaskPriorityInherit     0x803'd2b9     0x8e  Code  Gb  tasks.o [1]
xTaskRemoveFromEventList
                         0x803'd099     0x72  Code  Gb  tasks.o [1]
xTaskResumeAll           0x803'ce81     0xc0  Code  Gb  tasks.o [1]
xTasksWaitingTermination
                        0x2000'c088     0x14  Data  Lc  tasks.o [1]
xTickCount              0x2000'c0c4      0x4  Data  Lc  tasks.o [1]
xYieldPending           0x2000'c0d4      0x4  Data  Lc  tasks.o [1]


[1] = C:\Users\Ahmad\WorkSpace\PosheshHayeNanoSakhtar\LCD_BOARD_Firmware\Panel\Panel_V.14_LTDC_NEW_4.3_(V13-Modified)\EWARM\Panel_V10\Obj
[2] = dl7M_tlf.a
[3] = dlpp7M_tl_fc.a
[4] = m7M_tls.a
[5] = rt7M_tl.a
[6] = shb_l.a
[7] = touchgfx_core.a

  108 705 bytes of readonly  code memory
  194 373 bytes of readonly  data memory
   51 358 bytes of readwrite data memory

Errors: none
Warnings: none
