###############################################################################
#
# IAR ELF Linker V8.32.1.169/W32 for ARM                  10/Feb/2022  17:45:17
# Copyright 2007-2018 IAR Systems AB.
#
#    Output file  =  
#        C:\Users\Ahmad\WorkSpace\PosheshHayeNanoSakhtar\LCD_BOARD_Firmware\Panel\Panel_V.14_LTDC_NEW_4.3_(V13-Modified)\EWARM\Panel_V10\Exe\Panel_V10.out
#    Map file     =  
#        C:\Users\Ahmad\WorkSpace\PosheshHayeNanoSakhtar\LCD_BOARD_Firmware\Panel\Panel_V.14_LTDC_NEW_4.3_(V13-Modified)\EWARM\Panel_V10\List\Panel_V10.map
#    Command line =  
#        -f C:\Users\Ahmad\AppData\Local\Temp\EW30BD.tmp
#        ("C:\Users\Ahmad\WorkSpace\PosheshHayeNanoSakhtar\LCD_BOARD_Firmware\Panel\Panel_V.14_LTDC_NEW_4.3_(V13-Modified)\EWARM\Panel_V10\Obj\app_touchgfx.o"
#        "C:\Users\Ahmad\WorkSpace\PosheshHayeNanoSakhtar\LCD_BOARD_Firmware\Panel\Panel_V.14_LTDC_NEW_4.3_(V13-Modified)\EWARM\Panel_V10\Obj\ApplicationFontProvider.o"
#        "C:\Users\Ahmad\WorkSpace\PosheshHayeNanoSakhtar\LCD_BOARD_Firmware\Panel\Panel_V.14_LTDC_NEW_4.3_(V13-Modified)\EWARM\Panel_V10\Obj\BitmapDatabase.o"
#        "C:\Users\Ahmad\WorkSpace\PosheshHayeNanoSakhtar\LCD_BOARD_Firmware\Panel\Panel_V.14_LTDC_NEW_4.3_(V13-Modified)\EWARM\Panel_V10\Obj\CachedFont.o"
#        "C:\Users\Ahmad\WorkSpace\PosheshHayeNanoSakhtar\LCD_BOARD_Firmware\Panel\Panel_V.14_LTDC_NEW_4.3_(V13-Modified)\EWARM\Panel_V10\Obj\cmsis_os.o"
#        "C:\Users\Ahmad\WorkSpace\PosheshHayeNanoSakhtar\LCD_BOARD_Firmware\Panel\Panel_V.14_LTDC_NEW_4.3_(V13-Modified)\EWARM\Panel_V10\Obj\croutine.o"
#        "C:\Users\Ahmad\WorkSpace\PosheshHayeNanoSakhtar\LCD_BOARD_Firmware\Panel\Panel_V.14_LTDC_NEW_4.3_(V13-Modified)\EWARM\Panel_V10\Obj\CustomContainer1.o"
#        "C:\Users\Ahmad\WorkSpace\PosheshHayeNanoSakhtar\LCD_BOARD_Firmware\Panel\Panel_V.14_LTDC_NEW_4.3_(V13-Modified)\EWARM\Panel_V10\Obj\CustomContainer1Base.o"
#        "C:\Users\Ahmad\WorkSpace\PosheshHayeNanoSakhtar\LCD_BOARD_Firmware\Panel\Panel_V.14_LTDC_NEW_4.3_(V13-Modified)\EWARM\Panel_V10\Obj\CustomContainer2.o"
#        "C:\Users\Ahmad\WorkSpace\PosheshHayeNanoSakhtar\LCD_BOARD_Firmware\Panel\Panel_V.14_LTDC_NEW_4.3_(V13-Modified)\EWARM\Panel_V10\Obj\CustomContainer2Base.o"
#        "C:\Users\Ahmad\WorkSpace\PosheshHayeNanoSakhtar\LCD_BOARD_Firmware\Panel\Panel_V.14_LTDC_NEW_4.3_(V13-Modified)\EWARM\Panel_V10\Obj\delay.o"
#        "C:\Users\Ahmad\WorkSpace\PosheshHayeNanoSakhtar\LCD_BOARD_Firmware\Panel\Panel_V.14_LTDC_NEW_4.3_(V13-Modified)\EWARM\Panel_V10\Obj\event_groups.o"
#        "C:\Users\Ahmad\WorkSpace\PosheshHayeNanoSakhtar\LCD_BOARD_Firmware\Panel\Panel_V.14_LTDC_NEW_4.3_(V13-Modified)\EWARM\Panel_V10\Obj\Font_times_8_4bpp_0.o"
#        "C:\Users\Ahmad\WorkSpace\PosheshHayeNanoSakhtar\LCD_BOARD_Firmware\Panel\Panel_V.14_LTDC_NEW_4.3_(V13-Modified)\EWARM\Panel_V10\Obj\Font_timesbd_28_4bpp_0.o"
#        "C:\Users\Ahmad\WorkSpace\PosheshHayeNanoSakhtar\LCD_BOARD_Firmware\Panel\Panel_V.14_LTDC_NEW_4.3_(V13-Modified)\EWARM\Panel_V10\Obj\Font_verdana_10_4bpp_0.o"
#        "C:\Users\Ahmad\WorkSpace\PosheshHayeNanoSakhtar\LCD_BOARD_Firmware\Panel\Panel_V.14_LTDC_NEW_4.3_(V13-Modified)\EWARM\Panel_V10\Obj\Font_verdana_11_4bpp_0.o"
#        "C:\Users\Ahmad\WorkSpace\PosheshHayeNanoSakhtar\LCD_BOARD_Firmware\Panel\Panel_V.14_LTDC_NEW_4.3_(V13-Modified)\EWARM\Panel_V10\Obj\Font_verdana_14_4bpp_0.o"
#        "C:\Users\Ahmad\WorkSpace\PosheshHayeNanoSakhtar\LCD_BOARD_Firmware\Panel\Panel_V.14_LTDC_NEW_4.3_(V13-Modified)\EWARM\Panel_V10\Obj\Font_verdana_17_4bpp_0.o"
#        "C:\Users\Ahmad\WorkSpace\PosheshHayeNanoSakhtar\LCD_BOARD_Firmware\Panel\Panel_V.14_LTDC_NEW_4.3_(V13-Modified)\EWARM\Panel_V10\Obj\Font_verdana_20_4bpp_0.o"
#        "C:\Users\Ahmad\WorkSpace\PosheshHayeNanoSakhtar\LCD_BOARD_Firmware\Panel\Panel_V.14_LTDC_NEW_4.3_(V13-Modified)\EWARM\Panel_V10\Obj\Font_verdana_40_4bpp_0.o"
#        "C:\Users\Ahmad\WorkSpace\PosheshHayeNanoSakhtar\LCD_BOARD_Firmware\Panel\Panel_V.14_LTDC_NEW_4.3_(V13-Modified)\EWARM\Panel_V10\Obj\Font_verdana_7_4bpp_0.o"
#        "C:\Users\Ahmad\WorkSpace\PosheshHayeNanoSakhtar\LCD_BOARD_Firmware\Panel\Panel_V.14_LTDC_NEW_4.3_(V13-Modified)\EWARM\Panel_V10\Obj\FontCache.o"
#        "C:\Users\Ahmad\WorkSpace\PosheshHayeNanoSakhtar\LCD_BOARD_Firmware\Panel\Panel_V.14_LTDC_NEW_4.3_(V13-Modified)\EWARM\Panel_V10\Obj\freertos.o"
#        "C:\Users\Ahmad\WorkSpace\PosheshHayeNanoSakhtar\LCD_BOARD_Firmware\Panel\Panel_V.14_LTDC_NEW_4.3_(V13-Modified)\EWARM\Panel_V10\Obj\FrontendApplication.o"
#        "C:\Users\Ahmad\WorkSpace\PosheshHayeNanoSakhtar\LCD_BOARD_Firmware\Panel\Panel_V.14_LTDC_NEW_4.3_(V13-Modified)\EWARM\Panel_V10\Obj\FrontendApplicationBase.o"
#        "C:\Users\Ahmad\WorkSpace\PosheshHayeNanoSakhtar\LCD_BOARD_Firmware\Panel\Panel_V.14_LTDC_NEW_4.3_(V13-Modified)\EWARM\Panel_V10\Obj\GeneratedFont.o"
#        "C:\Users\Ahmad\WorkSpace\PosheshHayeNanoSakhtar\LCD_BOARD_Firmware\Panel\Panel_V.14_LTDC_NEW_4.3_(V13-Modified)\EWARM\Panel_V10\Obj\heap_4.o"
#        "C:\Users\Ahmad\WorkSpace\PosheshHayeNanoSakhtar\LCD_BOARD_Firmware\Panel\Panel_V.14_LTDC_NEW_4.3_(V13-Modified)\EWARM\Panel_V10\Obj\image_Blue_Buttons_Round_Edge_small.o"
#        "C:\Users\Ahmad\WorkSpace\PosheshHayeNanoSakhtar\LCD_BOARD_Firmware\Panel\Panel_V.14_LTDC_NEW_4.3_(V13-Modified)\EWARM\Panel_V10\Obj\image_Blue_Buttons_Round_Edge_small_pressed.o"
#        "C:\Users\Ahmad\WorkSpace\PosheshHayeNanoSakhtar\LCD_BOARD_Firmware\Panel\Panel_V.14_LTDC_NEW_4.3_(V13-Modified)\EWARM\Panel_V10\Obj\image_Blue_Icons_Down_arrow_32.o"
#        "C:\Users\Ahmad\WorkSpace\PosheshHayeNanoSakhtar\LCD_BOARD_Firmware\Panel\Panel_V.14_LTDC_NEW_4.3_(V13-Modified)\EWARM\Panel_V10\Obj\image_Blue_Textures_church.o"
#        "C:\Users\Ahmad\WorkSpace\PosheshHayeNanoSakhtar\LCD_BOARD_Firmware\Panel\Panel_V.14_LTDC_NEW_4.3_(V13-Modified)\EWARM\Panel_V10\Obj\image_touchgfx_logo.o"
#        "C:\Users\Ahmad\WorkSpace\PosheshHayeNanoSakhtar\LCD_BOARD_Firmware\Panel\Panel_V.14_LTDC_NEW_4.3_(V13-Modified)\EWARM\Panel_V10\Obj\Kerning_times_8_4bpp.o"
#        "C:\Users\Ahmad\WorkSpace\PosheshHayeNanoSakhtar\LCD_BOARD_Firmware\Panel\Panel_V.14_LTDC_NEW_4.3_(V13-Modified)\EWARM\Panel_V10\Obj\Kerning_timesbd_28_4bpp.o"
#        "C:\Users\Ahmad\WorkSpace\PosheshHayeNanoSakhtar\LCD_BOARD_Firmware\Panel\Panel_V.14_LTDC_NEW_4.3_(V13-Modified)\EWARM\Panel_V10\Obj\Kerning_verdana_10_4bpp.o"
#        "C:\Users\Ahmad\WorkSpace\PosheshHayeNanoSakhtar\LCD_BOARD_Firmware\Panel\Panel_V.14_LTDC_NEW_4.3_(V13-Modified)\EWARM\Panel_V10\Obj\Kerning_verdana_11_4bpp.o"
#        "C:\Users\Ahmad\WorkSpace\PosheshHayeNanoSakhtar\LCD_BOARD_Firmware\Panel\Panel_V.14_LTDC_NEW_4.3_(V13-Modified)\EWARM\Panel_V10\Obj\Kerning_verdana_14_4bpp.o"
#        "C:\Users\Ahmad\WorkSpace\PosheshHayeNanoSakhtar\LCD_BOARD_Firmware\Panel\Panel_V.14_LTDC_NEW_4.3_(V13-Modified)\EWARM\Panel_V10\Obj\Kerning_verdana_17_4bpp.o"
#        "C:\Users\Ahmad\WorkSpace\PosheshHayeNanoSakhtar\LCD_BOARD_Firmware\Panel\Panel_V.14_LTDC_NEW_4.3_(V13-Modified)\EWARM\Panel_V10\Obj\Kerning_verdana_20_4bpp.o"
#        "C:\Users\Ahmad\WorkSpace\PosheshHayeNanoSakhtar\LCD_BOARD_Firmware\Panel\Panel_V.14_LTDC_NEW_4.3_(V13-Modified)\EWARM\Panel_V10\Obj\Kerning_verdana_40_4bpp.o"
#        "C:\Users\Ahmad\WorkSpace\PosheshHayeNanoSakhtar\LCD_BOARD_Firmware\Panel\Panel_V.14_LTDC_NEW_4.3_(V13-Modified)\EWARM\Panel_V10\Obj\Kerning_verdana_7_4bpp.o"
#        "C:\Users\Ahmad\WorkSpace\PosheshHayeNanoSakhtar\LCD_BOARD_Firmware\Panel\Panel_V.14_LTDC_NEW_4.3_(V13-Modified)\EWARM\Panel_V10\Obj\LanguageGb.o"
#        "C:\Users\Ahmad\WorkSpace\PosheshHayeNanoSakhtar\LCD_BOARD_Firmware\Panel\Panel_V.14_LTDC_NEW_4.3_(V13-Modified)\EWARM\Panel_V10\Obj\list.o"
#        "C:\Users\Ahmad\WorkSpace\PosheshHayeNanoSakhtar\LCD_BOARD_Firmware\Panel\Panel_V.14_LTDC_NEW_4.3_(V13-Modified)\EWARM\Panel_V10\Obj\LogoScreenPresenter.o"
#        "C:\Users\Ahmad\WorkSpace\PosheshHayeNanoSakhtar\LCD_BOARD_Firmware\Panel\Panel_V.14_LTDC_NEW_4.3_(V13-Modified)\EWARM\Panel_V10\Obj\LogoScreenView.o"
#        "C:\Users\Ahmad\WorkSpace\PosheshHayeNanoSakhtar\LCD_BOARD_Firmware\Panel\Panel_V.14_LTDC_NEW_4.3_(V13-Modified)\EWARM\Panel_V10\Obj\LogoScreenViewBase.o"
#        "C:\Users\Ahmad\WorkSpace\PosheshHayeNanoSakhtar\LCD_BOARD_Firmware\Panel\Panel_V.14_LTDC_NEW_4.3_(V13-Modified)\EWARM\Panel_V10\Obj\main.o"
#        "C:\Users\Ahmad\WorkSpace\PosheshHayeNanoSakhtar\LCD_BOARD_Firmware\Panel\Panel_V.14_LTDC_NEW_4.3_(V13-Modified)\EWARM\Panel_V10\Obj\MainScreenPresenter.o"
#        "C:\Users\Ahmad\WorkSpace\PosheshHayeNanoSakhtar\LCD_BOARD_Firmware\Panel\Panel_V.14_LTDC_NEW_4.3_(V13-Modified)\EWARM\Panel_V10\Obj\MainScreenView.o"
#        "C:\Users\Ahmad\WorkSpace\PosheshHayeNanoSakhtar\LCD_BOARD_Firmware\Panel\Panel_V.14_LTDC_NEW_4.3_(V13-Modified)\EWARM\Panel_V10\Obj\MainScreenViewBase.o"
#        "C:\Users\Ahmad\WorkSpace\PosheshHayeNanoSakhtar\LCD_BOARD_Firmware\Panel\Panel_V.14_LTDC_NEW_4.3_(V13-Modified)\EWARM\Panel_V10\Obj\Model.o"
#        "C:\Users\Ahmad\WorkSpace\PosheshHayeNanoSakhtar\LCD_BOARD_Firmware\Panel\Panel_V.14_LTDC_NEW_4.3_(V13-Modified)\EWARM\Panel_V10\Obj\OSWrappers.o"
#        "C:\Users\Ahmad\WorkSpace\PosheshHayeNanoSakhtar\LCD_BOARD_Firmware\Panel\Panel_V.14_LTDC_NEW_4.3_(V13-Modified)\EWARM\Panel_V10\Obj\port.o"
#        "C:\Users\Ahmad\WorkSpace\PosheshHayeNanoSakhtar\LCD_BOARD_Firmware\Panel\Panel_V.14_LTDC_NEW_4.3_(V13-Modified)\EWARM\Panel_V10\Obj\portasm.o"
#        "C:\Users\Ahmad\WorkSpace\PosheshHayeNanoSakhtar\LCD_BOARD_Firmware\Panel\Panel_V.14_LTDC_NEW_4.3_(V13-Modified)\EWARM\Panel_V10\Obj\queue.o"
#        "C:\Users\Ahmad\WorkSpace\PosheshHayeNanoSakhtar\LCD_BOARD_Firmware\Panel\Panel_V.14_LTDC_NEW_4.3_(V13-Modified)\EWARM\Panel_V10\Obj\Screen1Presenter.o"
#        "C:\Users\Ahmad\WorkSpace\PosheshHayeNanoSakhtar\LCD_BOARD_Firmware\Panel\Panel_V.14_LTDC_NEW_4.3_(V13-Modified)\EWARM\Panel_V10\Obj\Screen1View.o"
#        "C:\Users\Ahmad\WorkSpace\PosheshHayeNanoSakhtar\LCD_BOARD_Firmware\Panel\Panel_V.14_LTDC_NEW_4.3_(V13-Modified)\EWARM\Panel_V10\Obj\Screen1ViewBase.o"
#        "C:\Users\Ahmad\WorkSpace\PosheshHayeNanoSakhtar\LCD_BOARD_Firmware\Panel\Panel_V.14_LTDC_NEW_4.3_(V13-Modified)\EWARM\Panel_V10\Obj\startup_stm32f429xx.o"
#        "C:\Users\Ahmad\WorkSpace\PosheshHayeNanoSakhtar\LCD_BOARD_Firmware\Panel\Panel_V.14_LTDC_NEW_4.3_(V13-Modified)\EWARM\Panel_V10\Obj\STM32DMA.o"
#        "C:\Users\Ahmad\WorkSpace\PosheshHayeNanoSakhtar\LCD_BOARD_Firmware\Panel\Panel_V.14_LTDC_NEW_4.3_(V13-Modified)\EWARM\Panel_V10\Obj\stm32f4xx_hal.o"
#        "C:\Users\Ahmad\WorkSpace\PosheshHayeNanoSakhtar\LCD_BOARD_Firmware\Panel\Panel_V.14_LTDC_NEW_4.3_(V13-Modified)\EWARM\Panel_V10\Obj\stm32f4xx_hal_cortex.o"
#        "C:\Users\Ahmad\WorkSpace\PosheshHayeNanoSakhtar\LCD_BOARD_Firmware\Panel\Panel_V.14_LTDC_NEW_4.3_(V13-Modified)\EWARM\Panel_V10\Obj\stm32f4xx_hal_crc.o"
#        "C:\Users\Ahmad\WorkSpace\PosheshHayeNanoSakhtar\LCD_BOARD_Firmware\Panel\Panel_V.14_LTDC_NEW_4.3_(V13-Modified)\EWARM\Panel_V10\Obj\stm32f4xx_hal_dma.o"
#        "C:\Users\Ahmad\WorkSpace\PosheshHayeNanoSakhtar\LCD_BOARD_Firmware\Panel\Panel_V.14_LTDC_NEW_4.3_(V13-Modified)\EWARM\Panel_V10\Obj\stm32f4xx_hal_dma2d.o"
#        "C:\Users\Ahmad\WorkSpace\PosheshHayeNanoSakhtar\LCD_BOARD_Firmware\Panel\Panel_V.14_LTDC_NEW_4.3_(V13-Modified)\EWARM\Panel_V10\Obj\stm32f4xx_hal_dma_ex.o"
#        "C:\Users\Ahmad\WorkSpace\PosheshHayeNanoSakhtar\LCD_BOARD_Firmware\Panel\Panel_V.14_LTDC_NEW_4.3_(V13-Modified)\EWARM\Panel_V10\Obj\stm32f4xx_hal_dsi.o"
#        "C:\Users\Ahmad\WorkSpace\PosheshHayeNanoSakhtar\LCD_BOARD_Firmware\Panel\Panel_V.14_LTDC_NEW_4.3_(V13-Modified)\EWARM\Panel_V10\Obj\stm32f4xx_hal_exti.o"
#        "C:\Users\Ahmad\WorkSpace\PosheshHayeNanoSakhtar\LCD_BOARD_Firmware\Panel\Panel_V.14_LTDC_NEW_4.3_(V13-Modified)\EWARM\Panel_V10\Obj\stm32f4xx_hal_flash.o"
#        "C:\Users\Ahmad\WorkSpace\PosheshHayeNanoSakhtar\LCD_BOARD_Firmware\Panel\Panel_V.14_LTDC_NEW_4.3_(V13-Modified)\EWARM\Panel_V10\Obj\stm32f4xx_hal_flash_ex.o"
#        "C:\Users\Ahmad\WorkSpace\PosheshHayeNanoSakhtar\LCD_BOARD_Firmware\Panel\Panel_V.14_LTDC_NEW_4.3_(V13-Modified)\EWARM\Panel_V10\Obj\stm32f4xx_hal_flash_ramfunc.o"
#        "C:\Users\Ahmad\WorkSpace\PosheshHayeNanoSakhtar\LCD_BOARD_Firmware\Panel\Panel_V.14_LTDC_NEW_4.3_(V13-Modified)\EWARM\Panel_V10\Obj\stm32f4xx_hal_gpio.o"
#        "C:\Users\Ahmad\WorkSpace\PosheshHayeNanoSakhtar\LCD_BOARD_Firmware\Panel\Panel_V.14_LTDC_NEW_4.3_(V13-Modified)\EWARM\Panel_V10\Obj\stm32f4xx_hal_ltdc.o"
#        "C:\Users\Ahmad\WorkSpace\PosheshHayeNanoSakhtar\LCD_BOARD_Firmware\Panel\Panel_V.14_LTDC_NEW_4.3_(V13-Modified)\EWARM\Panel_V10\Obj\stm32f4xx_hal_ltdc_ex.o"
#        "C:\Users\Ahmad\WorkSpace\PosheshHayeNanoSakhtar\LCD_BOARD_Firmware\Panel\Panel_V.14_LTDC_NEW_4.3_(V13-Modified)\EWARM\Panel_V10\Obj\stm32f4xx_hal_msp.o"
#        "C:\Users\Ahmad\WorkSpace\PosheshHayeNanoSakhtar\LCD_BOARD_Firmware\Panel\Panel_V.14_LTDC_NEW_4.3_(V13-Modified)\EWARM\Panel_V10\Obj\stm32f4xx_hal_pwr.o"
#        "C:\Users\Ahmad\WorkSpace\PosheshHayeNanoSakhtar\LCD_BOARD_Firmware\Panel\Panel_V.14_LTDC_NEW_4.3_(V13-Modified)\EWARM\Panel_V10\Obj\stm32f4xx_hal_pwr_ex.o"
#        "C:\Users\Ahmad\WorkSpace\PosheshHayeNanoSakhtar\LCD_BOARD_Firmware\Panel\Panel_V.14_LTDC_NEW_4.3_(V13-Modified)\EWARM\Panel_V10\Obj\stm32f4xx_hal_rcc.o"
#        "C:\Users\Ahmad\WorkSpace\PosheshHayeNanoSakhtar\LCD_BOARD_Firmware\Panel\Panel_V.14_LTDC_NEW_4.3_(V13-Modified)\EWARM\Panel_V10\Obj\stm32f4xx_hal_rcc_ex.o"
#        "C:\Users\Ahmad\WorkSpace\PosheshHayeNanoSakhtar\LCD_BOARD_Firmware\Panel\Panel_V.14_LTDC_NEW_4.3_(V13-Modified)\EWARM\Panel_V10\Obj\stm32f4xx_hal_sdram.o"
#        "C:\Users\Ahmad\WorkSpace\PosheshHayeNanoSakhtar\LCD_BOARD_Firmware\Panel\Panel_V.14_LTDC_NEW_4.3_(V13-Modified)\EWARM\Panel_V10\Obj\stm32f4xx_hal_tim.o"
#        "C:\Users\Ahmad\WorkSpace\PosheshHayeNanoSakhtar\LCD_BOARD_Firmware\Panel\Panel_V.14_LTDC_NEW_4.3_(V13-Modified)\EWARM\Panel_V10\Obj\stm32f4xx_hal_tim_ex.o"
#        "C:\Users\Ahmad\WorkSpace\PosheshHayeNanoSakhtar\LCD_BOARD_Firmware\Panel\Panel_V.14_LTDC_NEW_4.3_(V13-Modified)\EWARM\Panel_V10\Obj\stm32f4xx_hal_timebase_tim.o"
#        "C:\Users\Ahmad\WorkSpace\PosheshHayeNanoSakhtar\LCD_BOARD_Firmware\Panel\Panel_V.14_LTDC_NEW_4.3_(V13-Modified)\EWARM\Panel_V10\Obj\stm32f4xx_it.o"
#        "C:\Users\Ahmad\WorkSpace\PosheshHayeNanoSakhtar\LCD_BOARD_Firmware\Panel\Panel_V.14_LTDC_NEW_4.3_(V13-Modified)\EWARM\Panel_V10\Obj\stm32f4xx_ll_fmc.o"
#        "C:\Users\Ahmad\WorkSpace\PosheshHayeNanoSakhtar\LCD_BOARD_Firmware\Panel\Panel_V.14_LTDC_NEW_4.3_(V13-Modified)\EWARM\Panel_V10\Obj\STM32TouchController.o"
#        "C:\Users\Ahmad\WorkSpace\PosheshHayeNanoSakhtar\LCD_BOARD_Firmware\Panel\Panel_V.14_LTDC_NEW_4.3_(V13-Modified)\EWARM\Panel_V10\Obj\stream_buffer.o"
#        "C:\Users\Ahmad\WorkSpace\PosheshHayeNanoSakhtar\LCD_BOARD_Firmware\Panel\Panel_V.14_LTDC_NEW_4.3_(V13-Modified)\EWARM\Panel_V10\Obj\system_stm32f4xx.o"
#        "C:\Users\Ahmad\WorkSpace\PosheshHayeNanoSakhtar\LCD_BOARD_Firmware\Panel\Panel_V.14_LTDC_NEW_4.3_(V13-Modified)\EWARM\Panel_V10\Obj\Table_times_8_4bpp.o"
#        "C:\Users\Ahmad\WorkSpace\PosheshHayeNanoSakhtar\LCD_BOARD_Firmware\Panel\Panel_V.14_LTDC_NEW_4.3_(V13-Modified)\EWARM\Panel_V10\Obj\Table_timesbd_28_4bpp.o"
#        "C:\Users\Ahmad\WorkSpace\PosheshHayeNanoSakhtar\LCD_BOARD_Firmware\Panel\Panel_V.14_LTDC_NEW_4.3_(V13-Modified)\EWARM\Panel_V10\Obj\Table_verdana_10_4bpp.o"
#        "C:\Users\Ahmad\WorkSpace\PosheshHayeNanoSakhtar\LCD_BOARD_Firmware\Panel\Panel_V.14_LTDC_NEW_4.3_(V13-Modified)\EWARM\Panel_V10\Obj\Table_verdana_11_4bpp.o"
#        "C:\Users\Ahmad\WorkSpace\PosheshHayeNanoSakhtar\LCD_BOARD_Firmware\Panel\Panel_V.14_LTDC_NEW_4.3_(V13-Modified)\EWARM\Panel_V10\Obj\Table_verdana_14_4bpp.o"
#        "C:\Users\Ahmad\WorkSpace\PosheshHayeNanoSakhtar\LCD_BOARD_Firmware\Panel\Panel_V.14_LTDC_NEW_4.3_(V13-Modified)\EWARM\Panel_V10\Obj\Table_verdana_17_4bpp.o"
#        "C:\Users\Ahmad\WorkSpace\PosheshHayeNanoSakhtar\LCD_BOARD_Firmware\Panel\Panel_V.14_LTDC_NEW_4.3_(V13-Modified)\EWARM\Panel_V10\Obj\Table_verdana_20_4bpp.o"
#        "C:\Users\Ahmad\WorkSpace\PosheshHayeNanoSakhtar\LCD_BOARD_Firmware\Panel\Panel_V.14_LTDC_NEW_4.3_(V13-Modified)\EWARM\Panel_V10\Obj\Table_verdana_40_4bpp.o"
#        "C:\Users\Ahmad\WorkSpace\PosheshHayeNanoSakhtar\LCD_BOARD_Firmware\Panel\Panel_V.14_LTDC_NEW_4.3_(V13-Modified)\EWARM\Panel_V10\Obj\Table_verdana_7_4bpp.o"
#        "C:\Users\Ahmad\WorkSpace\PosheshHayeNanoSakhtar\LCD_BOARD_Firmware\Panel\Panel_V.14_LTDC_NEW_4.3_(V13-Modified)\EWARM\Panel_V10\Obj\tasks.o"
#        "C:\Users\Ahmad\WorkSpace\PosheshHayeNanoSakhtar\LCD_BOARD_Firmware\Panel\Panel_V.14_LTDC_NEW_4.3_(V13-Modified)\EWARM\Panel_V10\Obj\Texts.o"
#        "C:\Users\Ahmad\WorkSpace\PosheshHayeNanoSakhtar\LCD_BOARD_Firmware\Panel\Panel_V.14_LTDC_NEW_4.3_(V13-Modified)\EWARM\Panel_V10\Obj\timers.o"
#        "C:\Users\Ahmad\WorkSpace\PosheshHayeNanoSakhtar\LCD_BOARD_Firmware\Panel\Panel_V.14_LTDC_NEW_4.3_(V13-Modified)\EWARM\Panel_V10\Obj\TouchGFXConfiguration.o"
#        "C:\Users\Ahmad\WorkSpace\PosheshHayeNanoSakhtar\LCD_BOARD_Firmware\Panel\Panel_V.14_LTDC_NEW_4.3_(V13-Modified)\EWARM\Panel_V10\Obj\TouchGFXGeneratedHAL.o"
#        "C:\Users\Ahmad\WorkSpace\PosheshHayeNanoSakhtar\LCD_BOARD_Firmware\Panel\Panel_V.14_LTDC_NEW_4.3_(V13-Modified)\EWARM\Panel_V10\Obj\TouchGFXGPIO.o"
#        "C:\Users\Ahmad\WorkSpace\PosheshHayeNanoSakhtar\LCD_BOARD_Firmware\Panel\Panel_V.14_LTDC_NEW_4.3_(V13-Modified)\EWARM\Panel_V10\Obj\TouchGFXHAL.o"
#        "C:\Users\Ahmad\WorkSpace\PosheshHayeNanoSakhtar\LCD_BOARD_Firmware\Panel\Panel_V.14_LTDC_NEW_4.3_(V13-Modified)\EWARM\Panel_V10\Obj\TypedTextDatabase.o"
#        "C:\Users\Ahmad\WorkSpace\PosheshHayeNanoSakhtar\LCD_BOARD_Firmware\Panel\Panel_V.14_LTDC_NEW_4.3_(V13-Modified)\EWARM\Panel_V10\Obj\UnmappedDataFont.o"
#        "C:\Users\Ahmad\WorkSpace\PosheshHayeNanoSakhtar\LCD_BOARD_Firmware\Panel\Panel_V.14_LTDC_NEW_4.3_(V13-Modified)\EWARM\Panel_V10\Obj\xpt2046.o"
#        --redirect _Printf=_PrintfFull --redirect _Scanf=_ScanfFull
#        --no_out_extension -o
#        "C:\Users\Ahmad\WorkSpace\PosheshHayeNanoSakhtar\LCD_BOARD_Firmware\Panel\Panel_V.14_LTDC_NEW_4.3_(V13-Modified)\EWARM\Panel_V10\Exe\Panel_V10.out"
#        --map
#        "C:\Users\Ahmad\WorkSpace\PosheshHayeNanoSakhtar\LCD_BOARD_Firmware\Panel\Panel_V.14_LTDC_NEW_4.3_(V13-Modified)\EWARM\Panel_V10\List\Panel_V10.map"
#        --config
#        "C:\Users\Ahmad\WorkSpace\PosheshHayeNanoSakhtar\LCD_BOARD_Firmware\Panel\Panel_V.14_LTDC_NEW_4.3_(V13-Modified)\EWARM/stm32f429xx_flash.icf"
#        --semihosting
#        "C:\Users\Ahmad\WorkSpace\PosheshHayeNanoSakhtar\LCD_BOARD_Firmware\Panel\Panel_V.14_LTDC_NEW_4.3_(V13-Modified)\EWARM/../Middlewares/ST/touchgfx/lib/core/cortex_m4f/IAR8.x/touchgfx_core.a"
#        --entry __iar_program_start --vfe --text_out locale)
#
###############################################################################

*******************************************************************************
*** RUNTIME MODEL ATTRIBUTES
***

CppFlavor                     = *
__CPP_Exceptions              = Disabled
__CPP_Language                = C++14
__Heap_Handler                = Basic
__SystemLibrary               = DLib
__dlib_dynamic_initialization = normal
__dlib_version                = 6


*******************************************************************************
*** HEAP SELECTION
***

The basic heap was selected because no calls to memory allocation
functions were found in the application outside of system library
functions, and there are calls to deallocation functions in the
application.


*******************************************************************************
*** PLACEMENT SUMMARY
***

"A0":  place at 0x800'0000 { ro section .intvec };
"P1":  place in [from 0x800'0000 to 0x81f'ffff] { ro };
define block CSTACK with size = 1K, alignment = 8 { };
define block HEAP with size = 512, alignment = 8 { };
"P2":  place in [from 0x2000'0000 to 0x2002'ffff] {
          rw, block CSTACK, block HEAP };
initialize by copy { rw };

  Section                 Kind         Address     Size  Object
  -------                 ----         -------     ----  ------
"A0":                                             0x1ac
  .intvec                 ro code   0x800'0000    0x1ac  startup_stm32f429xx.o [1]
                                  - 0x800'01ac    0x1ac

"P1":                                           0x47ecc
  ExtFlashSection         const     0x800'01ac  0x10000  image_touchgfx_logo.o [1]
  ExtFlashSection         const     0x801'01ac   0x9f60  image_Blue_Buttons_Round_Edge_small.o [1]
  ExtFlashSection         const     0x801'a10c   0x9f60  image_Blue_Buttons_Round_Edge_small_pressed.o [1]
  ExtFlashSection         const     0x802'406c   0x4e20  image_Blue_Textures_church.o [1]
  .text                   ro code   0x802'8e8c   0x2172  MainScreenViewBase.o [1]
  .text                   ro code   0x802'affe      0x4  MainScreenViewBase.o [1]
  .text                   ro code   0x802'b002     0x7a  lz77_init_single.o [5]
  .text                   ro code   0x802'b07c     0x30  Screen1ViewBase.o [1]
  .text                   ro code   0x802'b0ac     0x24  MainScreenViewBase.o [1]
  .text                   ro code   0x802'b0d0     0x1c  MainScreenViewBase.o [1]
  .text                   ro code   0x802'b0ec    0xd0c  GraphElements.o [7]
  .text                   ro code   0x802'bdf8      0x4  Screen1ViewBase.o [1]
  .text                   ro code   0x802'bdfc     0x2c  MainScreenViewBase.o [1]
  .text                   ro code   0x802'be28     0x14  MainScreenViewBase.o [1]
  .text                   ro code   0x802'be3c     0x14  MainScreenViewBase.o [1]
  .text                   ro code   0x802'be50     0x14  MainScreenViewBase.o [1]
  .text                   ro code   0x802'be64     0x14  MainScreenViewBase.o [1]
  .text                   ro code   0x802'be78     0x5c  MainScreenViewBase.o [1]
  .text                   ro code   0x802'bed4     0x48  MainScreenViewBase.o [1]
  .text                   ro code   0x802'bf1c     0x18  MainScreenViewBase.o [1]
  .text                   ro code   0x802'bf34    0x818  Circle.o [7]
  .text                   ro code   0x802'c74c    0x39c  SlideMenu.o [7]
  .text                   ro code   0x802'cae8     0x38  CustomContainer2.o [1]
  .text                   ro code   0x802'cb20    0x1d8  CustomContainer1.o [1]
  .text                   ro code   0x802'ccf8     0x20  MainScreenViewBase.o [1]
  .text                   ro code   0x802'cd18     0xf4  CanvasWidgetRenderer.o [7]
  .text                   ro code   0x802'ce0c     0x1c  Screen1ViewBase.o [1]
  .text                   ro code   0x802'ce28     0x40  Screen1ViewBase.o [1]
  .text                   ro code   0x802'ce68      0x4  Screen1ViewBase.o [1]
  .text                   ro code   0x802'ce6c      0x4  MainScreenViewBase.o [1]
  .text                   ro code   0x802'ce70      0x4  MainScreenViewBase.o [1]
  .text                   ro code   0x802'ce74    0x88c  AbstractDataGraph.o [7]
  .text                   ro code   0x802'd700      0x6  MainScreenViewBase.o [1]
  .text                   ro code   0x802'd706     0x3a  zero_init3.o [5]
  .text                   ro code   0x802'd740    0xf68  GraphLabels.o [7]
  .text                   ro code   0x802'e6a8      0xc  MainScreenViewBase.o [1]
  .text                   ro code   0x802'e6b4     0x26  MainScreenViewBase.o [1]
  .text                   ro code   0x802'e6da     0x1e  UnmappedDataFont.o [1]
  .text                   ro code   0x802'e6f8    0x214  CanvasWidget.o [7]
  .text                   ro code   0x802'e90c     0x10  MainScreenViewBase.o [1]
  .text                   ro code   0x802'e91c      0x6  MainScreenViewBase.o [1]
  .text                   ro code   0x802'e922     0x16  MainScreenViewBase.o [1]
  .text                   ro code   0x802'e938      0x4  MainScreenViewBase.o [1]
  .text                   ro code   0x802'e93c     0x1a  Screen1ViewBase.o [1]
  .text                   ro code   0x802'e956     0x1a  LCD16bpp.o [7]
  .text                   ro code   0x802'e970    0x47c  TextArea.o [7]
  .text                   ro code   0x802'edec     0x24  ABIassert.o [6]
  .text                   ro code   0x802'ee10    0x188  Texts.o [1]
  .text                   ro code   0x802'ef98    0x73a  Unicode.o [7]
  .text                   ro code   0x802'f6d2      0x4  MainScreenViewBase.o [1]
  .text                   ro code   0x802'f6d6     0x22  MainScreenViewBase.o [1]
  .text                   ro code   0x802'f6f8     0x12  MainScreenViewBase.o [1]
  .text                   ro code   0x802'f70a     0x12  MainScreenViewBase.o [1]
  .text                   ro code   0x802'f71c     0x22  MainScreenViewBase.o [1]
  .text                   ro code   0x802'f73e      0x4  Screen1ViewBase.o [1]
  .text                   ro code   0x802'f742      0x6  MainScreenViewBase.o [1]
  .text                   ro code   0x802'f748      0x6  Screen1ViewBase.o [1]
  .text                   ro code   0x802'f74e      0xe  FrontendApplicationBase.o [1]
  .text                   ro code   0x802'f75c    0x180  Drawable.o [7]
  .text                   ro code   0x802'f8dc     0x18  MainScreenViewBase.o [1]
  .text                   ro code   0x802'f8f4     0x14  memset.o [5]
  .text                   ro code   0x802'f908      0x4  Screen1ViewBase.o [1]
  .text                   ro code   0x802'f90c      0x4  MainScreenViewBase.o [1]
  .text                   ro code   0x802'f910     0xd4  GraphScroll.o [7]
  .text                   ro code   0x802'f9e4     0xa6  ABImemcpy.o [5]
  .text                   ro code   0x802'fa8a     0x86  GraphElements.o [7]
  .text                   ro code   0x802'fb10     0x18  GraphElements.o [7]
  .text                   ro code   0x802'fb28     0x1c  Screen1ViewBase.o [1]
  .text                   ro code   0x802'fb44    0x4dc  Canvas.o [7]
  .text                   ro code   0x803'0020     0x90  GraphElements.o [7]
  .text                   ro code   0x803'00b0     0x14  GraphElements.o [7]
  .text                   ro code   0x803'00c4    0x15a  Utils.o [7]
  .text                   ro code   0x803'021e     0x2a  GraphElements.o [7]
  .text                   ro code   0x803'0248      0x4  MainScreenViewBase.o [1]
  .text                   ro code   0x803'024c      0x4  MainScreenViewBase.o [1]
  .text                   ro code   0x803'0250      0x4  MainScreenViewBase.o [1]
  .text                   ro code   0x803'0254      0x6  STM32DMA.o [1]
  .text                   ro code   0x803'025a      0xa  TouchGFXConfiguration.o [1]
  .text                   ro code   0x803'0264    0x248  Container.o [7]
  .text                   ro code   0x803'04ac      0x4  MainScreenViewBase.o [1]
  .text                   ro code   0x803'04b0     0x78  Circle.o [7]
  .text                   ro code   0x803'0528     0x64  Circle.o [7]
  .text                   ro code   0x803'058c      0x4  Screen1ViewBase.o [1]
  .text                   ro code   0x803'0590     0x2c  SlideMenu.o [7]
  .text                   ro code   0x803'05bc     0x34  Screen1ViewBase.o [1]
  .text                   ro code   0x803'05f0     0x3c  LogoScreenViewBase.o [1]
  .text                   ro code   0x803'062c    0xf48  Application.o [7]
  .text                   ro code   0x803'1574     0xf4  Image.o [7]
  .text                   ro code   0x803'1668     0x20  SlideMenu.o [7]
  .text                   ro code   0x803'1688     0x12  MainScreenViewBase.o [1]
  .text                   ro code   0x803'169a     0x5a  SlideMenu.o [7]
  .text                   ro code   0x803'16f4   0x1024  CustomContainer2Base.o [1]
  .text                   ro code   0x803'2718      0x2  CustomContainer2Base.o [1]
  .text                   ro code   0x803'271a      0xa  TouchGFXHAL.o [1]
  .text                   ro code   0x803'2724    0x134  Model.o [1]
  .text                   ro code   0x803'2858   0x14a0  CustomContainer1Base.o [1]
  .text                   ro code   0x803'3cf8      0x2  CustomContainer1Base.o [1]
  .text                   ro code   0x803'3cfa      0x2  CustomContainer1Base.o [1]
  .text                   ro code   0x803'3cfc      0x2  CustomContainer1Base.o [1]
  .text                   ro code   0x803'3cfe      0x2  CustomContainer1Base.o [1]
  .text                   ro code   0x803'3d00      0x2  CustomContainer1Base.o [1]
  .text                   ro code   0x803'3d02      0x2  CustomContainer1Base.o [1]
  .text                   ro code   0x803'3d04      0x2  CustomContainer1Base.o [1]
  .text                   ro code   0x803'3d06      0x2  CustomContainer1Base.o [1]
  .text                   ro code   0x803'3d08      0x2  CustomContainer1Base.o [1]
  .text                   ro code   0x803'3d0a      0x2  CustomContainer1Base.o [1]
  .text                   ro code   0x803'3d0c      0x2  CustomContainer1Base.o [1]
  .text                   ro code   0x803'3d0e      0x2  CustomContainer1Base.o [1]
  .text                   ro code   0x803'3d10      0x2  CustomContainer1Base.o [1]
  .text                   ro code   0x803'3d12      0x2  CustomContainer1Base.o [1]
  .text                   ro code   0x803'3d14      0x2  CustomContainer1Base.o [1]
  .text                   ro code   0x803'3d16      0x2  CustomContainer1Base.o [1]
  .text                   ro code   0x803'3d18      0x2  CustomContainer1Base.o [1]
  .text                   ro code   0x803'3d1a      0x2  MainScreenViewBase.o [1]
  .text                   ro code   0x803'3d1c      0x4  MainScreenViewBase.o [1]
  .text                   ro code   0x803'3d20     0x1a  Screen1ViewBase.o [1]
  .text                   ro code   0x803'3d3a      0xa  UnmappedDataFont.o [1]
  .text                   ro code   0x803'3d44      0xc  TouchGFXGeneratedHAL.o [1]
  .text                   ro code   0x803'3d50     0x18  MainScreenViewBase.o [1]
  .text                   ro code   0x803'3d68     0x28  AbstractDataGraph.o [7]
  .text                   ro code   0x803'3d90      0x4  STM32DMA.o [1]
  .text                   ro code   0x803'3d94      0xc  TouchGFXConfiguration.o [1]
  .text                   ro code   0x803'3da0     0x44  CanvasWidget.o [7]
  .text                   ro code   0x803'3de4     0x36  TextAreaWithWildcard.o [7]
  .text                   ro code   0x803'3e1a      0x6  FrontendApplicationBase.o [1]
  .text                   ro code   0x803'3e20    0xaea  TextProvider.o [7]
  .text                   ro code   0x803'490a      0x6  STM32DMA.o [1]
  .text                   ro code   0x803'4910    0x86c  LCD.o [7]
  .text                   ro code   0x803'517c      0x6  abort.o [2]
  .text                   ro code   0x803'5182    0x1d2  Font.o [7]
  .text                   ro code   0x803'5354     0x48  TypedTextDatabase.o [1]
  .text                   ro code   0x803'539c     0x1c  Texts.o [1]
  .text                   ro code   0x803'53b8      0x4  MainScreenViewBase.o [1]
  .text                   ro code   0x803'53bc    0x634  Screen.o [7]
  .text                   ro code   0x803'59f0     0x66  ABImemset.o [5]
  .text                   ro code   0x803'5a56      0xc  Screen1ViewBase.o [1]
  .text                   ro code   0x803'5a62      0x6  STM32DMA.o [1]
  .text                   ro code   0x803'5a68     0x30  RenderingBuffer.o [7]
  .text                   ro code   0x803'5a98    0xfd8  Outline.o [7]
  .text                   ro code   0x803'6a70     0xdc  Scanline.o [7]
  .text                   ro code   0x803'6b4c     0xe4  DisplayTransformation.o [7]
  .text                   ro code   0x803'6c30    0x184  Canvas.o [7]
  .text                   ro code   0x803'6db4     0x68  MainScreenViewBase.o [1]
  .text                   ro code   0x803'6e1c     0x14  MainScreenViewBase.o [1]
  .text                   ro code   0x803'6e30     0x34  Screen1ViewBase.o [1]
  .text                   ro code   0x803'6e64      0x4  Screen1ViewBase.o [1]
  .text                   ro code   0x803'6e68     0x1c  Application.o [7]
  .text                   ro code   0x803'6e84     0x88  stm32_crc_lock.o [7]
  .text                   ro code   0x803'6f0c     0x30  Application.o [7]
  .text                   ro code   0x803'6f3c     0x44  Bitmap.o [7]
  .text                   ro code   0x803'6f80     0x4c  Application.o [7]
  .text                   ro code   0x803'6fcc      0x6  ABImemclr4.o [5]
  .text                   ro code   0x803'6fd2      0x6  TouchGFXConfiguration.o [1]
  .text                   ro code   0x803'6fd8    0x464  Bitmap.o [7]
  .text                   ro code   0x803'743c     0x94  SlideMenu.o [7]
  .text                   ro code   0x803'74d0      0x4  MainScreenViewBase.o [1]
  .text                   ro code   0x803'74d4     0x20  CustomContainer2Base.o [1]
  .text                   ro code   0x803'74f4      0x4  MainScreenViewBase.o [1]
  .text                   ro code   0x803'74f8      0x4  MainScreenViewBase.o [1]
  .text                   ro code   0x803'74fc     0x20  CustomContainer1Base.o [1]
  .text                   ro code   0x803'751c      0x2  MainScreenViewBase.o [1]
  .text                   ro code   0x803'751e     0x74  LCD.o [7]
  .text                   ro code   0x803'7592      0x6  UnmappedDataFont.o [1]
  .text                   ro code   0x803'7598     0x14  exit.o [6]
  .text                   ro code   0x803'75ac     0x58  Table_verdana_20_4bpp.o [1]
  .text                   ro code   0x803'7604     0x58  Table_verdana_40_4bpp.o [1]
  .text                   ro code   0x803'765c     0x5c  Table_verdana_10_4bpp.o [1]
  .text                   ro code   0x803'76b8     0x5c  Table_timesbd_28_4bpp.o [1]
  .text                   ro code   0x803'7714     0x5c  Table_verdana_7_4bpp.o [1]
  .text                   ro code   0x803'7770     0x5c  Table_verdana_11_4bpp.o [1]
  .text                   ro code   0x803'77cc     0x5c  Table_verdana_17_4bpp.o [1]
  .text                   ro code   0x803'7828     0x58  Table_times_8_4bpp.o [1]
  .text                   ro code   0x803'7880     0x58  Table_verdana_14_4bpp.o [1]
  .text                   ro code   0x803'78d8     0x3e  Screen.o [7]
  .text                   ro code   0x803'7916     0x28  Screen.o [7]
  .text                   ro code   0x803'793e     0x28  Screen.o [7]
  .text                   ro code   0x803'7966      0x6  Circle.o [7]
  .text                   ro code   0x803'796c     0x20  Screen.o [7]
  .text                   ro code   0x803'798c     0x1c  Screen.o [7]
  .text                   ro code   0x803'79a8      0x6  ABImemclr.o [5]
  .text                   ro code   0x803'79ae     0x12  Screen1ViewBase.o [1]
  .text                   ro code   0x803'79c0     0x26  Canvas.o [7]
  .text                   ro code   0x803'79e6     0x7c  Canvas.o [7]
  .text                   ro code   0x803'7a62      0x4  MainScreenViewBase.o [1]
  .text                   ro code   0x803'7a66      0x4  MainScreenViewBase.o [1]
  .text                   ro code   0x803'7a6a      0x4  MainScreenViewBase.o [1]
  .text                   ro code   0x803'7a6e      0x2  FrontendApplicationBase.o [1]
  .text                   ro code   0x803'7a70     0x30  Screen1ViewBase.o [1]
  .text                   ro code   0x803'7aa0     0x28  cxxabi.o [3]
  .text                   ro code   0x803'7ac8     0x32  ABImemset48.o [5]
  .text                   ro code   0x803'7afa      0x2  FrontendApplicationBase.o [1]
  .text                   ro code   0x803'7afc     0xb4  GeneratedFont.o [1]
  .text                   ro code   0x803'7bb0      0xe  MainScreenViewBase.o [1]
  .text                   ro code   0x803'7bbe      0x2  FrontendApplicationBase.o [1]
  .text                   ro code   0x803'7bc0     0x2c  MainScreenViewBase.o [1]
  .text                   ro code   0x803'7bec      0x6  Screen1ViewBase.o [1]
  .text                   ro code   0x803'7bf2      0x2  FrontendApplicationBase.o [1]
  .text                   ro code   0x803'7bf4    0x12a  ConstFont.o [7]
  .text                   ro code   0x803'7d1e      0x2  FrontendApplicationBase.o [1]
  .text                   ro code   0x803'7d20   0x162c  LCD16bpp.o [7]
  .text                   ro code   0x803'934c    0x840  HAL.o [7]
  .text                   ro code   0x803'9b8c     0xac  OSWrappers.o [1]
  .text                   ro code   0x803'9c38      0x6  TouchGFXGPIO.o [1]
  .text                   ro code   0x803'9c3e      0x2  LogoScreenPresenter.o [1]
  .text                   ro code   0x803'9c40    0x16c  Gestures.o [7]
  .text                   ro code   0x803'9dac    0x23a  DMA.o [7]
  .text                   ro code   0x803'9fe6      0x2  LogoScreenView.o [1]
  .text                   ro code   0x803'9fe8     0x24  HAL.o [7]
  .text                   ro code   0x803'a00c    0x1fc  TouchCalibration.o [7]
  .text                   ro code   0x803'a208    0x198  cmsis_os.o [1]
  .text                   ro code   0x803'a3a0      0xc  memcpy.o [5]
  .text                   ro code   0x803'a3ac    0x974  tasks.o [1]
  .text                   ro code   0x803'ad20    0x754  queue.o [1]
  .text                   ro code   0x803'b474    0x1dc  heap_4.o [1]
  .text                   ro code   0x803'b650     0x92  list.o [1]
  .text                   ro code   0x803'b6e2      0x2  LogoScreenViewBase.o [1]
  .text                   ro code   0x803'b6e4    0x214  port.o [1]
  .text                   ro code   0x803'b8f8     0x18  freertos.o [1]
  CODE                    ro code   0x803'b910     0xb0  portasm.o [1]
  ExtFlashSection         const     0x803'b9c0    0x7f8  image_Blue_Icons_Down_arrow_32.o [1]
  .text                   ro code   0x803'c1b8    0x70c  MainScreenView.o [1]
  .text                   ro code   0x803'c8c4      0x2  Screen1ViewBase.o [1]
  .text                   ro code   0x803'c8c6      0x2  MainScreenViewBase.o [1]
  .text                   ro code   0x803'c8c8      0x2  MainScreenViewBase.o [1]
  .text                   ro code   0x803'c8ca      0x2  MainScreenViewBase.o [1]
  .text                   ro code   0x803'c8cc      0x2  MainScreenViewBase.o [1]
  .text                   ro code   0x803'c8ce      0x2  MainScreenViewBase.o [1]
  .text                   ro code   0x803'c8d0      0x2  MainScreenViewBase.o [1]
  .text                   ro code   0x803'c8d2      0x2  MainScreenViewBase.o [1]
  .text                   ro code   0x803'c8d4      0x2  MainScreenViewBase.o [1]
  .text                   ro code   0x803'c8d6      0x2  MainScreenViewBase.o [1]
  .text                   ro code   0x803'c8d8      0x2  MainScreenViewBase.o [1]
  .text                   ro code   0x803'c8da      0x2  LogoScreenViewBase.o [1]
  .text                   ro code   0x803'c8dc    0x660  main.o [1]
  .text                   ro code   0x803'cf3c     0x9c  stm32f4xx_hal_sdram.o [1]
  .text                   ro code   0x803'cfd8     0x28  stm32f4xx_hal.o [1]
  .text                   ro code   0x803'd000     0x34  stm32f4xx_hal.o [1]
  .text                   ro code   0x803'd034      0x8  app_touchgfx.o [1]
  .text                   ro code   0x803'd03c    0x214  stm32f4xx_hal_gpio.o [1]
  .text                   ro code   0x803'd250    0x33c  stm32f4xx_hal_rcc.o [1]
  .text                   ro code   0x803'd58c     0x70  stm32f4xx_hal_pwr_ex.o [1]
  .text                   ro code   0x803'd5fc    0x1e4  stm32f4xx_hal_rcc.o [1]
  .text                   ro code   0x803'd7e0    0x25c  stm32f4xx_hal_rcc_ex.o [1]
  .text                   ro code   0x803'da3c     0x22  stm32f4xx_hal_crc.o [1]
  .text                   ro code   0x803'da5e      0x2  MainScreenPresenter.o [1]
  .text                   ro code   0x803'da60    0x224  stm32f4xx_hal_dma2d.o [1]
  .text                   ro code   0x803'dc84    0x3b8  stm32f4xx_hal_ltdc.o [1]
  .text                   ro code   0x803'e03c     0x10  stm32f4xx_hal.o [1]
  .text                   ro code   0x803'e04c    0x36c  stm32f4xx_hal_msp.o [1]
  .text                   ro code   0x803'e3b8    0x14c  stm32f4xx_ll_fmc.o [1]
  .text                   ro code   0x803'e504      0xc  stm32f4xx_hal.o [1]
  .text                   ro code   0x803'e510     0xc0  stm32f4xx_hal_cortex.o [1]
  .text                   ro code   0x803'e5d0     0x80  stm32f4xx_hal_timebase_tim.o [1]
  .text                   ro code   0x803'e650     0x80  TouchGFXConfiguration.o [1]
  .text                   ro code   0x803'e6d0    0x230  I64DivMod.o [5]
  .text                   ro code   0x803'e900      0x2  stm32f4xx_hal_dma2d.o [1]
  .text                   ro code   0x803'e902      0x2  stm32f4xx_hal_dma2d.o [1]
  .text                   ro code   0x803'e904      0x2  stm32f4xx_hal_ltdc.o [1]
  .text                   ro code   0x803'e906      0x2  MainScreenViewBase.o [1]
  .text                   ro code   0x803'e908    0x194  TouchGFXGeneratedHAL.o [1]
  .text                   ro code   0x803'ea9c      0x2  stm32f4xx_hal_ltdc.o [1]
  .text                   ro code   0x803'ea9e      0x2  MainScreenViewBase.o [1]
  .text                   ro code   0x803'eaa0    0x286  stm32f4xx_hal_tim.o [1]
  .text                   ro code   0x803'ed26      0x2  MainScreenViewBase.o [1]
  .text                   ro code   0x803'ed28    0x3a8  STM32DMA.o [1]
  .text                   ro code   0x803'f0d0     0x20  TouchGFXConfiguration.o [1]
  .text                   ro code   0x803'f0f0      0xc  BitmapDatabase.o [1]
  .text                   ro code   0x803'f0fc      0xc  TouchGFXConfiguration.o [1]
  .text                   ro code   0x803'f108      0xc  FontManager.o [7]
  .text                   ro code   0x803'f114     0x24  TouchGFXConfiguration.o [1]
  .text                   ro code   0x803'f138     0x24  TouchGFXHAL.o [1]
  .text                   ro code   0x803'f15c      0x2  I64DivZer.o [5]
  .text                   ro code   0x803'f15e      0x4  TouchGFXGeneratedHAL.o [1]
  .text                   ro code   0x803'f162      0x2  MainScreenViewBase.o [1]
  .text                   ro code   0x803'f164     0x44  TouchGFXGeneratedHAL.o [1]
  .text                   ro code   0x803'f1a8      0x6  TouchGFXGeneratedHAL.o [1]
  .text                   ro code   0x803'f1ae      0xc  TouchGFXGeneratedHAL.o [1]
  .text                   ro code   0x803'f1ba      0x6  TouchGFXGeneratedHAL.o [1]
  .text                   ro code   0x803'f1c0      0x2  stm32f4xx_hal_tim.o [1]
  .text                   ro code   0x803'f1c2      0x2  stm32f4xx_hal_tim.o [1]
  .text                   ro code   0x803'f1c4      0x2  stm32f4xx_hal_tim.o [1]
  .text                   ro code   0x803'f1c6      0x2  stm32f4xx_hal_tim_ex.o [1]
  .text                   ro code   0x803'f1c8      0x2  stm32f4xx_hal_tim.o [1]
  .text                   ro code   0x803'f1ca      0x2  stm32f4xx_hal_tim_ex.o [1]
  .text                   ro code   0x803'f1cc      0x8  STM32DMA.o [1]
  .text                   ro code   0x803'f1d4      0x4  STM32DMA.o [1]
  .text                   ro code   0x803'f1d8     0x40  STM32DMA.o [1]
  .text                   ro code   0x803'f218     0x38  STM32DMA.o [1]
  .text                   ro code   0x803'f250     0x10  TouchGFXConfiguration.o [1]
  .text                   ro code   0x803'f260     0x64  TouchGFXConfiguration.o [1]
  .text                   ro code   0x803'f2c4      0xa  STM32DMA.o [1]
  .text                   ro code   0x803'f2ce      0x2  MainScreenViewBase.o [1]
  .text                   ro code   0x803'f2d0     0x20  TouchGFXConfiguration.o [1]
  .text                   ro code   0x803'f2f0      0xc  TouchGFXConfiguration.o [1]
  .text                   ro code   0x803'f2fc     0x14  TouchGFXConfiguration.o [1]
  .text                   ro code   0x803'f310     0x14  TouchGFXConfiguration.o [1]
  .text                   ro code   0x803'f324     0x14  TouchGFXConfiguration.o [1]
  .text                   ro code   0x803'f338     0x18  FrontendApplication.o [1]
  .text                   ro code   0x803'f350      0x6  TouchGFXConfiguration.o [1]
  .text                   ro code   0x803'f356     0x10  TouchGFXConfiguration.o [1]
  .text                   ro code   0x803'f366      0x2  MainScreenViewBase.o [1]
  .text                   ro code   0x803'f368     0x1c  TouchGFXConfiguration.o [1]
  .text                   ro code   0x803'f384      0x8  AbstractPartition.o [7]
  .text                   ro code   0x803'f38c     0xe4  FrontendApplicationBase.o [1]
  .text                   ro code   0x803'f470     0xac  TouchGFXConfiguration.o [1]
  .text                   ro code   0x803'f51c      0xc  TouchGFXConfiguration.o [1]
  .text                   ro code   0x803'f528      0x4  FrontendApplicationBase.o [1]
  .text                   ro code   0x803'f52c     0x28  FrontendApplicationBase.o [1]
  LCD16bpp_enableTextureMapperAll
                          ro code   0x803'f554     0x2a  LCD16bpp.o [7]
  .text                   ro code   0x803'f57e      0x2  Screen1Presenter.o [1]
  .text                   ro code   0x803'f580     0x20  FrontendApplicationBase.o [1]
  .text                   ro code   0x803'f5a0     0x1a  FrontendApplicationBase.o [1]
  .text                   ro code   0x803'f5ba      0x2  Screen1Presenter.o [1]
  .text                   ro code   0x803'f5bc    0x180  FrontendApplicationBase.o [1]
  .text                   ro code   0x803'f73c    0x180  FrontendApplicationBase.o [1]
  .text                   ro code   0x803'f8bc     0x12  TouchGFXConfiguration.o [1]
  .text                   ro code   0x803'f8ce      0x2  Screen1Presenter.o [1]
  .text                   ro code   0x803'f8d0     0x18  TouchGFXConfiguration.o [1]
  .text                   ro code   0x803'f8e8     0x28  FrontendApplicationBase.o [1]
  .text                   ro code   0x803'f910      0x4  FrontendApplicationBase.o [1]
  LCD16bpp_enableTextureMapperA4
                          ro code   0x803'f914     0x12  LCD16bpp.o [7]
  LCD16bpp_enableTextureMapperARGB8888
                          ro code   0x803'f926     0x12  LCD16bpp.o [7]
  LCD16bpp_enableTextureMapperL8_ARGB8888
                          ro code   0x803'f938     0x12  LCD16bpp.o [7]
  LCD16bpp_enableTextureMapperL8_RGB565
                          ro code   0x803'f94a     0x12  LCD16bpp.o [7]
  LCD16bpp_enableTextureMapperL8_RGB888
                          ro code   0x803'f95c     0x12  LCD16bpp.o [7]
  LCD16bpp_enableTextureMapperRGB565
                          ro code   0x803'f96e     0x1e  LCD16bpp.o [7]
  .text                   ro code   0x803'f98c      0x2  FrontendApplicationBase.o [1]
  .text                   ro code   0x803'f98e      0x6  FrontendApplicationBase.o [1]
  .text                   ro code   0x803'f994      0x4  FrontendApplicationBase.o [1]
  .text                   ro code   0x803'f998     0x14  FrontendApplicationBase.o [1]
  .text                   ro code   0x803'f9ac      0x6  FrontendApplicationBase.o [1]
  .text                   ro code   0x803'f9b2      0x2  Screen1ViewBase.o [1]
  .text                   ro code   0x803'f9b4     0x20  LogoScreenView.o [1]
  .text                   ro code   0x803'f9d4      0x6  FrontendApplicationBase.o [1]
  .text                   ro code   0x803'f9da      0x2  Screen1ViewBase.o [1]
  .text                   ro code   0x803'f9dc     0x2c  LogoScreenPresenter.o [1]
  .text                   ro code   0x803'fa08      0x4  FrontendApplicationBase.o [1]
  .text                   ro code   0x803'fa0c      0x4  FrontendApplicationBase.o [1]
  .text                   ro code   0x803'fa10      0x4  FrontendApplicationBase.o [1]
  .text                   ro code   0x803'fa14      0x6  FrontendApplicationBase.o [1]
  .text                   ro code   0x803'fa1a      0x2  Screen1ViewBase.o [1]
  .text                   ro code   0x803'fa1c     0x74  FrontendApplicationBase.o [1]
  .text                   ro code   0x803'fa90      0x6  FrontendApplicationBase.o [1]
  .text                   ro code   0x803'fa96      0x6  FrontendApplicationBase.o [1]
  .text                   ro code   0x803'fa9c     0x2c  MainScreenPresenter.o [1]
  .text                   ro code   0x803'fac8      0x4  FrontendApplicationBase.o [1]
  .text                   ro code   0x803'facc     0x14  TouchGFXConfiguration.o [1]
  .text                   ro code   0x803'fae0      0x2  FrontendApplicationBase.o [1]
  .text                   ro code   0x803'fae2      0x2  Screen1ViewBase.o [1]
  LCD16bpp_enableTextureMapperA4_BilinearInterpolation
                          ro code   0x803'fae4     0x10  LCD16bpp.o [7]
  LCD16bpp_enableTextureMapperA4_NearestNeighbor
                          ro code   0x803'faf4     0x10  LCD16bpp.o [7]
  LCD16bpp_enableTextureMapperARGB8888_BilinearInterpolation
                          ro code   0x803'fb04     0x10  LCD16bpp.o [7]
  LCD16bpp_enableTextureMapperARGB8888_NearestNeighbor
                          ro code   0x803'fb14     0x10  LCD16bpp.o [7]
  LCD16bpp_enableTextureMapperL8_ARGB8888_BilinearInterpolation
                          ro code   0x803'fb24     0x10  LCD16bpp.o [7]
  LCD16bpp_enableTextureMapperL8_ARGB8888_NearestNeighbor
                          ro code   0x803'fb34     0x10  LCD16bpp.o [7]
  LCD16bpp_enableTextureMapperL8_RGB565_BilinearInterpolation
                          ro code   0x803'fb44     0x10  LCD16bpp.o [7]
  LCD16bpp_enableTextureMapperL8_RGB565_NearestNeighbor
                          ro code   0x803'fb54     0x10  LCD16bpp.o [7]
  LCD16bpp_enableTextureMapperL8_RGB888_BilinearInterpolation
                          ro code   0x803'fb64     0x10  LCD16bpp.o [7]
  LCD16bpp_enableTextureMapperL8_RGB888_NearestNeighbor
                          ro code   0x803'fb74     0x10  LCD16bpp.o [7]
  LCD16bpp_enableTextureMapperRGB565_Opaque_BilinearInterpolation
                          ro code   0x803'fb84     0x10  LCD16bpp.o [7]
  LCD16bpp_enableTextureMapperRGB565_Opaque_NearestNeighbor
                          ro code   0x803'fb94     0x10  LCD16bpp.o [7]
  LCD16bpp_enableTextureMapperRGB565_NonOpaque_BilinearInterpolation
                          ro code   0x803'fba4     0x10  LCD16bpp.o [7]
  LCD16bpp_enableTextureMapperRGB565_NonOpaque_NearestNeighbor
                          ro code   0x803'fbb4     0x10  LCD16bpp.o [7]
  .text                   ro code   0x803'fbc4      0x4  FrontendApplicationBase.o [1]
  .text                   ro code   0x803'fbc8    0x174  LogoScreenViewBase.o [1]
  .text                   ro code   0x803'fd3c      0x4  Screen1Presenter.o [1]
  .text                   ro code   0x803'fd40      0x4  Screen1Presenter.o [1]
  .text                   ro code   0x803'fd44     0x20  FrontendApplicationBase.o [1]
  .text                   ro code   0x803'fd64     0x14  FrontendApplicationBase.o [1]
  .text                   ro code   0x803'fd78     0x10  FrontendApplicationBase.o [1]
  .text                   ro code   0x803'fd88      0x4  LogoScreenViewBase.o [1]
  .text                   ro code   0x803'fd8c    0x2a0  ButtonWithLabel.o [7]
  .text                   ro code   0x804'002c     0x20  LogoScreenViewBase.o [1]
  .text                   ro code   0x804'004c    0x12c  Button.o [7]
  .text                   ro code   0x804'0178     0x16  LogoScreenViewBase.o [1]
  .text                   ro code   0x804'018e      0x4  LogoScreenViewBase.o [1]
  .text                   ro code   0x804'0192      0x4  LogoScreenViewBase.o [1]
  .text                   ro code   0x804'0196      0x4  LogoScreenViewBase.o [1]
  .text                   ro code   0x804'019a      0x4  LogoScreenViewBase.o [1]
  .text                   ro code   0x804'019e      0x2  Application.o [7]
  .text                   ro code   0x804'01a0      0xc  Screen1Presenter.o [1]
  .text                   ro code   0x804'01ac     0x10  Screen1Presenter.o [1]
  .text                   ro code   0x804'01bc      0x4  FrontendApplicationBase.o [1]
  .text                   ro code   0x804'01c0     0x18  LogoScreenViewBase.o [1]
  .text                   ro code   0x804'01d8      0x4  LogoScreenViewBase.o [1]
  .text                   ro code   0x804'01dc      0x6  LogoScreenViewBase.o [1]
  .text                   ro code   0x804'01e2      0x2  Application.o [7]
  .text                   ro code   0x804'01e4     0xcc  LogoScreenViewBase.o [1]
  .text                   ro code   0x804'02b0      0x2  FrontendApplicationBase.o [1]
  .text                   ro code   0x804'02b2      0x2  LogoScreenViewBase.o [1]
  FontFlashSection        const     0x804'02b4    0x410  Font_verdana_10_4bpp_0.o [1]
  .rodata                 const     0x804'06c4    0x3fc  LCD16bpp.o [7]
  FontFlashSection        const     0x804'0ac0    0x380  Font_verdana_20_4bpp_0.o [1]
  FontFlashSection        const     0x804'0e40    0x324  Font_verdana_11_4bpp_0.o [1]
  TextFlashSection        const     0x804'1164    0x324  Texts.o [1]
  .rodata                 const     0x804'1488    0x2c8  Bitmap.o [7]
  FontFlashSection        const     0x804'1750    0x2c8  Font_verdana_17_4bpp_0.o [1]
  FontFlashSection        const     0x804'1a18    0x290  Font_verdana_14_4bpp_0.o [1]
  FontFlashSection        const     0x804'1ca8    0x278  Table_verdana_10_4bpp.o [1]
  .rodata                 const     0x804'1f20    0x218  HAL.o [7]
  FontFlashSection        const     0x804'2138    0x1f0  Font_timesbd_28_4bpp_0.o [1]
  FontFlashSection        const     0x804'2328    0x1d0  Table_verdana_11_4bpp.o [1]
  .text                   ro code   0x804'24f8    0x1be  xpt2046.o [1]
  .text                   ro code   0x804'26b6      0x2  Application.o [7]
  .text                   ro code   0x804'26b8     0x40  delay.o [1]
  TextFlashSection        const     0x804'26f8    0x198  LanguageGb.o [1]
  .text                   ro code   0x804'2890    0x18c  PainterRGB565.o [7]
  .text                   ro code   0x804'2a1c    0x180  TextAreaWithWildcard.o [7]
  .text                   ro code   0x804'2b9c    0x17a  EasingEquations.o [7]
  .text                   ro code   0x804'2d16      0x2  Application.o [7]
  .text                   ro code   0x804'2d18    0x16c  BoxWithBorder.o [7]
  .text                   ro code   0x804'2e84     0x68  Box.o [7]
  .text                   ro code   0x804'2eec    0x132  AbstractPainterRGB565.o [7]
  .text                   ro code   0x804'301e      0x2  Application.o [7]
  .rodata                 const     0x804'3020    0x128  MainScreenViewBase.o [1]
  .rodata                 const     0x804'3148    0x128  GraphScroll.o [7]
  .rodata                 const     0x804'3270    0x124  AbstractDataGraph.o [7]
  FontFlashSection        const     0x804'3394    0x118  Font_verdana_40_4bpp_0.o [1]
  .rodata                 const     0x804'34ac    0x108  OSWrappers.o [1]
  .rodata                 const     0x804'35b4    0x100  SlideMenu.o [7]
  .rodata                 const     0x804'36b4     0xfc  CanvasWidgetRenderer.o [7]
  FontFlashSection        const     0x804'37b0     0xfc  Table_verdana_7_4bpp.o [1]
  .rodata                 const     0x804'38ac     0xf8  Container.o [7]
  .rodata                 const     0x804'39a4     0xf0  AbstractDataGraph.o [7]
  .text                   ro code   0x804'3a94     0xf0  FrontendApplicationBase.o [1]
  .text                   ro code   0x804'3b84      0x2  FrontendApplicationBase.o [1]
  .text                   ro code   0x804'3b86      0x2  Screen.o [7]
  .text                   ro code   0x804'3b88     0xf0  TextAreaWithWildcard.o [7]
  FontFlashSection        const     0x804'3c78     0xf0  Table_verdana_14_4bpp.o [1]
  .rodata                 const     0x804'3d68     0xd8  MainScreenViewBase.o [1]
  .rodata                 const     0x804'3e40     0xd0  CustomContainer1.o [1]
  .rodata                 const     0x804'3f10     0xd0  CustomContainer1Base.o [1]
  .rodata                 const     0x804'3fe0     0xd0  DMA.o [7]
  TextFlashSection        const     0x804'40b0     0xcc  TypedTextDatabase.o [1]
  .rodata                 const     0x804'417c     0xc0  Texts.o [1]
  .rodata                 const     0x804'423c     0xc0  Texts.o [1]
  .rodata                 const     0x804'42fc     0xc0  Texts.o [1]
  .rodata                 const     0x804'43bc     0xc0  Canvas.o [7]
  .rodata                 const     0x804'447c     0xbc  FrontendApplicationBase.o [1]
  .rodata                 const     0x804'4538     0xbc  FrontendApplicationBase.o [1]
  .rodata                 const     0x804'45f4     0xbc  MainScreenViewBase.o [1]
  .rodata                 const     0x804'46b0     0xbc  TouchGFXGeneratedHAL.o [1]
  .rodata                 const     0x804'476c     0xbc  TouchGFXHAL.o [1]
  .rodata                 const     0x804'4828     0xb8  Screen1ViewBase.o [1]
  .rodata                 const     0x804'48e0     0xb8  TouchGFXHAL.o [1]
  .rodata                 const     0x804'4998     0xb8  Circle.o [7]
  .rodata                 const     0x804'4a50     0xa4  FrontendApplicationBase.o [1]
  .rodata                 const     0x804'4af4     0xa4  FrontendApplicationBase.o [1]
  .rodata                 const     0x804'4b98     0xa4  FrontendApplicationBase.o [1]
  .rodata                 const     0x804'4c3c     0xa4  FrontendApplicationBase.o [1]
  FontFlashSection        const     0x804'4ce0     0x9c  Table_verdana_17_4bpp.o [1]
  FontFlashSection        const     0x804'4d7c     0x9c  Table_verdana_20_4bpp.o [1]
  FontFlashSection        const     0x804'4e18     0x98  Font_verdana_7_4bpp_0.o [1]
  .rodata                 const     0x804'4eb0     0x94  MainScreenViewBase.o [1]
  .rodata                 const     0x804'4f44     0x94  MainScreenViewBase.o [1]
  .rodata                 const     0x804'4fd8     0x94  MainScreenViewBase.o [1]
  .rodata                 const     0x804'506c     0x90  CustomContainer2.o [1]
  .rodata                 const     0x804'50fc     0x90  CustomContainer2Base.o [1]
  .rodata                 const     0x804'518c     0x90  FrontendApplicationBase.o [1]
  .rodata                 const     0x804'521c     0x90  FrontendApplicationBase.o [1]
  .rodata                 const     0x804'52ac     0x90  LCD16bpp.o [7]
  .rodata                 const     0x804'533c     0x90  SlideMenu.o [7]
  .rodata                 const     0x804'53cc     0x90  CanvasWidget.o [7]
  .rodata                 const     0x804'545c     0x88  Container.o [7]
  .rodata                 const     0x804'54e4     0x88  TextProvider.o [7]
  .rodata                 const     0x804'556c     0x88  TextProvider.o [7]
  .rodata                 const     0x804'55f4     0x88  TextProvider.o [7]
  .rodata                 const     0x804'567c     0x88  TextProvider.o [7]
  .rodata                 const     0x804'5704     0x88  TextProvider.o [7]
  .rodata                 const     0x804'578c     0x88  TextProvider.o [7]
  .rodata                 const     0x804'5814     0x88  TextProvider.o [7]
  .rodata                 const     0x804'589c     0x88  TextProvider.o [7]
  .rodata                 const     0x804'5924     0x88  GraphLabels.o [7]
  .rodata                 const     0x804'59ac     0x88  GraphLabels.o [7]
  .rodata                 const     0x804'5a34     0x88  GraphLabels.o [7]
  .rodata                 const     0x804'5abc     0x88  GraphLabels.o [7]
  .rodata                 const     0x804'5b44     0x88  GraphElements.o [7]
  .rodata                 const     0x804'5bcc     0x88  GraphElements.o [7]
  .rodata                 const     0x804'5c54     0x88  GraphElements.o [7]
  .rodata                 const     0x804'5cdc     0x88  GraphElements.o [7]
  .rodata                 const     0x804'5d64     0x84  STM32DMA.o [1]
  .rodata                 const     0x804'5de8     0x84  STM32DMA.o [1]
  .rodata                 const     0x804'5e6c     0x84  STM32DMA.o [1]
  .rodata                 const     0x804'5ef0     0x84  Application.o [7]
  .rodata                 const     0x804'5f74     0x84  Application.o [7]
  .rodata                 const     0x804'5ff8     0x84  Button.o [7]
  .rodata                 const     0x804'607c     0x80  Application.o [7]
  .rodata                 const     0x804'60fc     0x80  GraphElements.o [7]
  .rodata                 const     0x804'617c     0x80  GraphElements.o [7]
  .rodata                 const     0x804'61fc     0x7c  CanvasWidget.o [7]
  .rodata                 const     0x804'6278     0x7c  Circle.o [7]
  .rodata                 const     0x804'62f4     0x78  TextArea.o [7]
  .rodata                 const     0x804'636c     0x78  TextAreaWithWildcard.o [7]
  .rodata                 const     0x804'63e4     0x70  ButtonWithLabel.o [7]
  .rodata                 const     0x804'6454     0x70  Button.o [7]
  .text                   ro code   0x804'64c4     0x70  TextAreaWithWildcard.o [7]
  .rodata                 const     0x804'6534     0x6c  AbstractDataGraph.o [7]
  .rodata                 const     0x804'65a0     0x6c  AbstractButton.o [7]
  .rodata                 const     0x804'660c     0x68  Image.o [7]
  .text                   ro code   0x804'6674     0x68  TouchGFXHAL.o [1]
  .rodata                 const     0x804'66dc     0x64  BitmapDatabase.o [1]
  .rodata                 const     0x804'6740     0x64  FrontendApplicationBase.o [1]
  .rodata                 const     0x804'67a4     0x64  MainScreenView.o [1]
  .rodata                 const     0x804'6808     0x64  MainScreenViewBase.o [1]
  .rodata                 const     0x804'686c     0x64  BoxWithBorder.o [7]
  .rodata                 const     0x804'68d0     0x64  Box.o [7]
  .rodata                 const     0x804'6934     0x60  main.o [1]
  .rodata                 const     0x804'6994     0x60  MainScreenViewBase.o [1]
  .text                   ro code   0x804'69f4     0x60  system_stm32f4xx.o [1]
  .text                   ro code   0x804'6a54     0x58  TouchGFXHAL.o [1]
  .rodata                 const     0x804'6aac     0x54  GeneratedFont.o [1]
  .rodata                 const     0x804'6b00     0x54  MainScreenViewBase.o [1]
  .rodata                 const     0x804'6b54     0x54  LCD16bpp.o [7]
  .text                   ro code   0x804'6ba8     0x52  MainScreenViewBase.o [1]
  .text                   ro code   0x804'6bfa      0x6  MainScreenViewBase.o [1]
  .text                   ro code   0x804'6c00      0x4  MainScreenViewBase.o [1]
  .text                   ro code   0x804'6c04      0xc  MainScreenViewBase.o [1]
  .rodata                 const     0x804'6c10     0x50  STM32DMA.o [1]
  .rodata                 const     0x804'6c60     0x48  Screen.o [7]
  FontFlashSection        const     0x804'6ca8     0x48  Table_timesbd_28_4bpp.o [1]
  .rodata                 const     0x804'6cf0     0x44  FrontendApplication.o [1]
  .rodata                 const     0x804'6d34     0x44  FrontendApplicationBase.o [1]
  .rodata                 const     0x804'6d78     0x44  FrontendApplicationBase.o [1]
  .rodata                 const     0x804'6dbc     0x44  MainScreenViewBase.o [1]
  .rodata                 const     0x804'6e00     0x44  Screen1ViewBase.o [1]
  .rodata                 const     0x804'6e44     0x44  Application.o [7]
  .rodata                 const     0x804'6e88     0x44  LCD16bpp.o [7]
  .text                   ro code   0x804'6ecc     0x40  AbstractButton.o [7]
  .rodata                 const     0x804'6f0c     0x3c  Button.o [7]
  .text                   ro code   0x804'6f48     0x3c  MainScreenViewBase.o [1]
  .text                   ro code   0x804'6f84      0x2  MainScreenViewBase.o [1]
  .rodata                 const     0x804'6f86      0x1  unwind_debug.o [6]
  .rodata                 const     0x804'6f88     0x38  TouchGFXHAL.o [1]
  .rodata                 const     0x804'6fc0     0x34  LogoScreenView.o [1]
  .rodata                 const     0x804'6ff4     0x34  LogoScreenViewBase.o [1]
  .rodata                 const     0x804'7028     0x34  LogoScreenViewBase.o [1]
  .rodata                 const     0x804'705c     0x34  MainScreenViewBase.o [1]
  .rodata                 const     0x804'7090     0x34  TouchGFXConfiguration.o [1]
  .rodata                 const     0x804'70c4     0x34  TouchGFXConfiguration.o [1]
  .rodata                 const     0x804'70f8     0x34  TouchGFXConfiguration.o [1]
  .rodata                 const     0x804'712c     0x34  Screen.o [7]
  .text                   ro code   0x804'7160     0x34  FrontendApplicationBase.o [1]
  .text                   ro code   0x804'7194      0x2  FrontendApplicationBase.o [1]
  .rodata                 const     0x804'7198     0x30  Application.o [7]
  .rodata                 const     0x804'71c8     0x30  Application.o [7]
  .text                   ro code   0x804'71f8     0x2e  FrontendApplicationBase.o [1]
  .text                   ro code   0x804'7226      0x6  FrontendApplicationBase.o [1]
  .text                   ro code   0x804'722c      0x6  FrontendApplicationBase.o [1]
  .rodata                 const     0x804'7234     0x2c  FrontendApplicationBase.o [1]
  .text                   ro code   0x804'7260     0x2c  LCD16bpp.o [7]
  .rodata                 const     0x804'728c     0x28  LogoScreenPresenter.o [1]
  .rodata                 const     0x804'72b4     0x28  MainScreenPresenter.o [1]
  .rodata                 const     0x804'72dc     0x28  Application.o [7]
  .rodata                 const     0x804'7304     0x28  PainterRGB565.o [7]
  .rodata                 const     0x804'732c     0x28  AbstractPainterRGB565.o [7]
  .text                   ro code   0x804'7354     0x28  FrontendApplicationBase.o [1]
  .text                   ro code   0x804'737c     0x28  data_init.o [5]
  .rodata                 const     0x804'73a4     0x24  FrontendApplicationBase.o [1]
  .rodata                 const     0x804'73c8     0x24  FrontendApplicationBase.o [1]
  .rodata                 const     0x804'73ec     0x24  DMA.o [7]
  .text                   ro code   0x804'7410     0x24  CustomContainer1Base.o [1]
  .text                   ro code   0x804'7434     0x24  CustomContainer2Base.o [1]
  .text                   ro code   0x804'7458     0x24  FrontendApplicationBase.o [1]
  .text                   ro code   0x804'747c     0x24  LogoScreenViewBase.o [1]
  .text                   ro code   0x804'74a0     0x24  MainScreenViewBase.o [1]
  .text                   ro code   0x804'74c4     0x24  MainScreenViewBase.o [1]
  .text                   ro code   0x804'74e8     0x24  stm32f4xx_it.o [1]
  .text                   ro code   0x804'750c     0x22  fpinit_M.o [4]
  .iar.init_table         const     0x804'7530     0x24  - Linker created -
  .text                   ro code   0x804'7554     0x20  CustomContainer1Base.o [1]
  .text                   ro code   0x804'7574     0x20  CustomContainer2Base.o [1]
  .text                   ro code   0x804'7594     0x20  FrontendApplicationBase.o [1]
  .text                   ro code   0x804'75b4     0x20  LogoScreenViewBase.o [1]
  .text                   ro code   0x804'75d4     0x20  MainScreenViewBase.o [1]
  .text                   ro code   0x804'75f4     0x20  STM32TouchController.o [1]
  .text                   ro code   0x804'7614     0x20  SlideMenu.o [7]
  .text                   ro code   0x804'7634     0x20  SlideMenu.o [7]
  .text                   ro code   0x804'7654     0x20  AbstractButton.o [7]
  .text                   ro code   0x804'7674     0x20  cmain_call_ctors.o [5]
  .text                   ro code   0x804'7694     0x18  cppinit.o [2]
  .text                   ro code   0x804'76ac     0x1e  cmain.o [5]
  .text                   ro code   0x804'76ca      0x4  low_level_init.o [2]
  .text                   ro code   0x804'76ce      0x4  exit.o [2]
  .text                   ro code   0x804'76d4      0xa  cexit.o [5]
  .rodata                 const     0x804'76e0     0x1c  main.o [1]
  .rodata                 const     0x804'76fc     0x1c  STM32DMA.o [1]
  .rodata                 const     0x804'7718     0x1c  STM32DMA.o [1]
  .text                   ro code   0x804'7734     0x1c  FrontendApplicationBase.o [1]
  .text                   ro code   0x804'7750     0x1c  FrontendApplicationBase.o [1]
  .text                   ro code   0x804'776c      0x6  FrontendApplicationBase.o [1]
  .text                   ro code   0x804'7772      0x6  FrontendApplicationBase.o [1]
  .text                   ro code   0x804'7778     0x1c  MainScreenViewBase.o [1]
  .rodata                 const     0x804'7794     0x18  CustomContainer1Base.o [1]
  .rodata                 const     0x804'77ac     0x18  CustomContainer2Base.o [1]
  .rodata                 const     0x804'77c4     0x18  FrontendApplicationBase.o [1]
  .rodata                 const     0x804'77dc     0x18  FrontendApplicationBase.o [1]
  .rodata                 const     0x804'77f4     0x18  FrontendApplicationBase.o [1]
  .rodata                 const     0x804'780c     0x18  LogoScreenViewBase.o [1]
  .rodata                 const     0x804'7824     0x18  MainScreenViewBase.o [1]
  .rodata                 const     0x804'783c     0x18  Screen1Presenter.o [1]
  .rodata                 const     0x804'7854     0x18  STM32TouchController.o [1]
  .rodata                 const     0x804'786c     0x18  SlideMenu.o [7]
  .rodata                 const     0x804'7884     0x18  SlideMenu.o [7]
  .text                   ro code   0x804'789c     0x18  FrontendApplicationBase.o [1]
  .text                   ro code   0x804'78b4     0x18  SlideMenu.o [7]
  .text                   ro code   0x804'78cc     0x18  SlideMenu.o [7]
  .text                   ro code   0x804'78e4     0x16  FrontendApplication.o [1]
  .text                   ro code   0x804'78fa     0x16  TouchGFXHAL.o [1]
  .rodata                 const     0x804'7910     0x14  ApplicationFontProvider.o [1]
  .rodata                 const     0x804'7924     0x14  TouchGFXConfiguration.o [1]
  .rodata                 const     0x804'7938     0x14  TouchGFXConfiguration.o [1]
  .rodata                 const     0x804'794c     0x14  TextProvider.o [7]
  .rodata                 const     0x804'7960     0x14  TextProvider.o [7]
  .rodata                 const     0x804'7974     0x14  LCD16bpp.o [7]
  .rodata                 const     0x804'7988     0x14  LCD16bpp.o [7]
  .rodata                 const     0x804'799c     0x14  LCD16bpp.o [7]
  .rodata                 const     0x804'79b0     0x14  LCD16bpp.o [7]
  .rodata                 const     0x804'79c4     0x14  LCD16bpp.o [7]
  .rodata                 const     0x804'79d8     0x14  LCD16bpp.o [7]
  .rodata                 const     0x804'79ec     0x14  LCD16bpp.o [7]
  .rodata                 const     0x804'7a00     0x14  LCD16bpp.o [7]
  .rodata                 const     0x804'7a14     0x14  LCD16bpp.o [7]
  .rodata                 const     0x804'7a28     0x14  LCD16bpp.o [7]
  .rodata                 const     0x804'7a3c     0x14  LCD16bpp.o [7]
  .rodata                 const     0x804'7a50     0x14  LCD16bpp.o [7]
  .rodata                 const     0x804'7a64     0x14  LCD16bpp.o [7]
  .rodata                 const     0x804'7a78     0x14  LCD16bpp.o [7]
  .rodata                 const     0x804'7a8c     0x14  LCD16bpp.o [7]
  .rodata                 const     0x804'7aa0     0x14  LCD16bpp.o [7]
  .rodata                 const     0x804'7ab4     0x14  LCD16bpp.o [7]
  .rodata                 const     0x804'7ac8     0x14  LCD16bpp.o [7]
  .rodata                 const     0x804'7adc     0x14  LCD16bpp.o [7]
  .rodata                 const     0x804'7af0     0x14  LCD16bpp.o [7]
  .rodata                 const     0x804'7b04     0x14  LCD16bpp.o [7]
  .rodata                 const     0x804'7b18     0x14  LCD16bpp.o [7]
  .rodata                 const     0x804'7b2c     0x14  LCD16bpp.o [7]
  .rodata                 const     0x804'7b40     0x14  LCD16bpp.o [7]
  .rodata                 const     0x804'7b54     0x14  LCD16bpp.o [7]
  .rodata                 const     0x804'7b68     0x14  LCD16bpp.o [7]
  .rodata                 const     0x804'7b7c     0x14  LCD16bpp.o [7]
  .rodata                 const     0x804'7b90     0x14  LCD16bpp.o [7]
  .rodata                 const     0x804'7ba4     0x14  Gestures.o [7]
  .rodata                 const     0x804'7bb8     0x14  Gestures.o [7]
  .rodata                 const     0x804'7bcc     0x14  Gestures.o [7]
  .text                   ro code   0x804'7be0     0x14  TouchGFXHAL.o [1]
  .text                   ro code   0x804'7bf4     0x14  TextAreaWithWildcard.o [7]
  FontSearchFlashSection  const     0x804'7c08     0x14  Kerning_verdana_17_4bpp.o [1]
  .text                   ro code   0x804'7c1c     0x12  FrontendApplicationBase.o [1]
  .text                   ro code   0x804'7c2e      0xc  FrontendApplicationBase.o [1]
  .rodata                 const     0x804'7c3c     0x10  MainScreenViewBase.o [1]
  .rodata                 const     0x804'7c4c     0x10  Screen1Presenter.o [1]
  .rodata                 const     0x804'7c5c     0x10  Texts.o [1]
  .rodata                 const     0x804'7c6c     0x10  TouchGFXConfiguration.o [1]
  .rodata                 const     0x804'7c7c     0x10  TextProvider.o [7]
  .rodata                 const     0x804'7c8c     0x10  TextProvider.o [7]
  .rodata                 const     0x804'7c9c     0x10  Canvas.o [7]
  .rodata                 const     0x804'7cac     0x10  RenderingBuffer.o [7]
  .rodata                 const     0x804'7cbc     0x10  Outline.o [7]
  .rodata                 const     0x804'7ccc     0x10  Scanline.o [7]
  .text                   ro code   0x804'7cdc     0x10  FrontendApplicationBase.o [1]
  .text                   ro code   0x804'7cec     0x10  FrontendApplicationBase.o [1]
  .text                   ro code   0x804'7cfc     0x10  startup_stm32f429xx.o [1]
  .text                   ro code   0x804'7d0c     0x10  STM32DMA.o [1]
  FontFlashSection        const     0x804'7d1c     0x10  Table_times_8_4bpp.o [1]
  FontFlashSection        const     0x804'7d2c     0x10  Table_verdana_40_4bpp.o [1]
  FontSearchFlashSection  const     0x804'7d3c     0x10  Kerning_verdana_11_4bpp.o [1]
  .rodata                 const     0x804'7d4c      0xc  Texts.o [1]
  .rodata                 const     0x804'7d58      0xc  Texts.o [1]
  .rodata                 const     0x804'7d64      0xc  TextProvider.o [7]
  .rodata                 const     0x804'7d70      0xc  TextProvider.o [7]
  .rodata                 const     0x804'7d7c      0xc  TextProvider.o [7]
  .rodata                 const     0x804'7d88      0xc  TextProvider.o [7]
  .text                   ro code   0x804'7d94      0xc  MainScreenView.o [1]
  .text                   ro code   0x804'7da0      0x4  MainScreenView.o [1]
  .text                   ro code   0x804'7da4      0xc  TouchGFXConfiguration.o [1]
  .text                   ro code   0x804'7db0      0xc  TouchGFXHAL.o [1]
  .text                   ro code   0x804'7dbc      0xc  cstartup_M.o [5]
  FontFlashSection        const     0x804'7dc8      0xc  Font_times_8_4bpp_0.o [1]
  SHT$$PREINIT_ARRAY                0x804'7dd4      0x0  <Block>
  SHT$$INIT_ARRAY                   0x804'7dd4      0xc  <Block>
    .init_array           const     0x804'7dd4      0x4  CustomContainer1.o [1]
    .init_array           const     0x804'7dd8      0x4  TouchGFXConfiguration.o [1]
    .init_array           const     0x804'7ddc      0x4  TypedTextDatabase.o [1]
  __iar_tls$$INIT_ARRAY             0x804'7de0      0x0  <Block>
  .rodata                 const     0x804'7de0      0x8  CustomContainer1Base.o [1]
  .rodata                 const     0x804'7de8      0x8  MainScreenViewBase.o [1]
  .rodata                 const     0x804'7df0      0x8  system_stm32f4xx.o [1]
  .text                   ro code   0x804'7df8      0x8  TouchGFXConfiguration.o [1]
  .text                   ro code   0x804'7e00      0x8  TouchGFXHAL.o [1]
  .text                   ro code   0x804'7e08      0x8  UnmappedDataFont.o [1]
  .text                   ro code   0x804'7e10      0x4  FrontendApplicationBase.o [1]
  .text                   ro code   0x804'7e14      0x4  FrontendApplicationBase.o [1]
  .text                   ro code   0x804'7e18      0x4  GeneratedFont.o [1]
  .text                   ro code   0x804'7e1c      0x4  MainScreenViewBase.o [1]
  .text                   ro code   0x804'7e20      0x4  MainScreenViewBase.o [1]
  .text                   ro code   0x804'7e24      0x4  startup_stm32f429xx.o [1]
  .text                   ro code   0x804'7e28      0x4  startup_stm32f429xx.o [1]
  .text                   ro code   0x804'7e2c      0x4  startup_stm32f429xx.o [1]
  .text                   ro code   0x804'7e30      0x4  startup_stm32f429xx.o [1]
  .text                   ro code   0x804'7e34      0x4  startup_stm32f429xx.o [1]
  .text                   ro code   0x804'7e38      0x4  startup_stm32f429xx.o [1]
  .text                   ro code   0x804'7e3c      0x4  startup_stm32f429xx.o [1]
  .text                   ro code   0x804'7e40      0x4  startup_stm32f429xx.o [1]
  .text                   ro code   0x804'7e44      0x4  startup_stm32f429xx.o [1]
  .text                   ro code   0x804'7e48      0x4  startup_stm32f429xx.o [1]
  .text                   ro code   0x804'7e4c      0x4  startup_stm32f429xx.o [1]
  .text                   ro code   0x804'7e50      0x4  startup_stm32f429xx.o [1]
  .text                   ro code   0x804'7e54      0x4  startup_stm32f429xx.o [1]
  .text                   ro code   0x804'7e58      0x4  startup_stm32f429xx.o [1]
  .text                   ro code   0x804'7e5c      0x4  startup_stm32f429xx.o [1]
  .text                   ro code   0x804'7e60      0x4  startup_stm32f429xx.o [1]
  .text                   ro code   0x804'7e64      0x4  startup_stm32f429xx.o [1]
  .text                   ro code   0x804'7e68      0x4  startup_stm32f429xx.o [1]
  .text                   ro code   0x804'7e6c      0x4  startup_stm32f429xx.o [1]
  .text                   ro code   0x804'7e70      0x4  startup_stm32f429xx.o [1]
  .text                   ro code   0x804'7e74      0x4  startup_stm32f429xx.o [1]
  .text                   ro code   0x804'7e78      0x4  startup_stm32f429xx.o [1]
  .text                   ro code   0x804'7e7c      0x4  startup_stm32f429xx.o [1]
  .text                   ro code   0x804'7e80      0x4  startup_stm32f429xx.o [1]
  .text                   ro code   0x804'7e84      0x4  startup_stm32f429xx.o [1]
  .text                   ro code   0x804'7e88      0x4  startup_stm32f429xx.o [1]
  .text                   ro code   0x804'7e8c      0x4  startup_stm32f429xx.o [1]
  .text                   ro code   0x804'7e90      0x4  startup_stm32f429xx.o [1]
  .text                   ro code   0x804'7e94      0x4  startup_stm32f429xx.o [1]
  .text                   ro code   0x804'7e98      0x4  startup_stm32f429xx.o [1]
  .text                   ro code   0x804'7e9c      0x4  startup_stm32f429xx.o [1]
  .text                   ro code   0x804'7ea0      0x4  startup_stm32f429xx.o [1]
  .text                   ro code   0x804'7ea4      0x4  startup_stm32f429xx.o [1]
  .text                   ro code   0x804'7ea8      0x4  startup_stm32f429xx.o [1]
  .text                   ro code   0x804'7eac      0x4  startup_stm32f429xx.o [1]
  .text                   ro code   0x804'7eb0      0x4  startup_stm32f429xx.o [1]
  .text                   ro code   0x804'7eb4      0x4  startup_stm32f429xx.o [1]
  .text                   ro code   0x804'7eb8      0x4  startup_stm32f429xx.o [1]
  .text                   ro code   0x804'7ebc      0x4  startup_stm32f429xx.o [1]
  .text                   ro code   0x804'7ec0      0x4  startup_stm32f429xx.o [1]
  .text                   ro code   0x804'7ec4      0x4  startup_stm32f429xx.o [1]
[...]
                         0x804'7d58      0xc  Data  Gb  Texts.o [1]
touchgfx::TextProvider::circularBuffer<(unsigned int)10>::replaceAt1(unsigned short)::string (instance 2)
                         0x804'42fc     0xc0  Data  Gb  Texts.o [1]
touchgfx::TextProvider::circularBuffer<(unsigned int)2>::allocateFront(unsigned short)::string
                         0x804'794c     0x14  Data  Gb  TextProvider.o [7]
touchgfx::TextProvider::circularBuffer<(unsigned int)2>::allocateFront(unsigned short)::string (instance 2)
                         0x804'55f4     0x88  Data  Gb  TextProvider.o [7]
touchgfx::TextProvider::circularBuffer<(unsigned int)2>::peekChar(unsigned short)::string
                         0x804'7c8c     0x10  Data  Gb  TextProvider.o [7]
touchgfx::TextProvider::circularBuffer<(unsigned int)2>::peekChar(unsigned short)::string (instance 2)
                         0x804'589c     0x88  Data  Gb  TextProvider.o [7]
touchgfx::TextProvider::fillInputBuffer()
                         0x803'462f     0xe2  Code  Gb  TextProvider.o [7]
touchgfx::TextProvider::getNextChar()
                         0x803'3e5b     0x5e  Code  Gb  TextProvider.o [7]
touchgfx::TextProvider::getNextCharInternal()
                         0x803'4021     0x62  Code  Gb  TextProvider.o [7]
touchgfx::TextProvider::getNextLigature(unsigned char)
                         0x802'ee33     0xbe  Code  Gb  Texts.o [1]
touchgfx::TextProvider::getNextLigature(unsigned char, touchgfx::Font const *, touchgfx::GlyphNode const *&)
                         0x803'3eb9     0xa8  Code  Gb  TextProvider.o [7]
touchgfx::TextProvider::getNextLigature(unsigned char, touchgfx::Font const *, touchgfx::GlyphNode const *&, unsigned char const *&, unsigned char &)
                         0x803'3f61     0xb0  Code  Gb  TextProvider.o [7]
touchgfx::TextProvider::gsubRuleMatch(unsigned short const *, unsigned short, unsigned short, unsigned short)
                         0x803'47d3     0xa6  Code  Gb  TextProvider.o [7]
touchgfx::TextProvider::gsubTableBinarySearch(unsigned short, unsigned short const *, unsigned short) const
                         0x803'48c5     0x46  Code  Gb  TextProvider.o [7]
touchgfx::TextProvider::initialize(unsigned short const *, __va_list, unsigned short const *)
                         0x803'4083     0x18  Code  Gb  TextProvider.o [7]
touchgfx::TextProvider::initializeInternal()
                         0x802'eef1      0x4  Code  Gb  Texts.o [1]
touchgfx::TextProvider::replaceInputCharacters(unsigned short, unsigned short, unsigned short const *)
                         0x803'4519    0x116  Code  Gb  TextProvider.o [7]
touchgfx::TextProvider::substituteGlyphs()
                         0x803'4711     0x58  Code  Gb  TextProvider.o [7]
touchgfx::TextProvider::thaiLookupGlyph(touchgfx::GlyphNode const *, touchgfx::Font const *, unsigned short) const
                         0x803'40cf     0x16  Code  Gb  TextProvider.o [7]
touchgfx::Texts::currentLanguage
                        0x2000'c814      0x2  Data  Gb  Texts.o [1]
touchgfx::Texts::getText(unsigned short) const
                         0x802'ef5d     0x10  Code  Gb  Texts.o [1]
touchgfx::Texts::setLanguage(unsigned short)
                         0x802'ef0d     0x50  Code  Gb  Texts.o [1]
touchgfx::TouchCalibration::clzu(unsigned int)
                         0x803'a155     0x3a  Code  Gb  TouchCalibration.o [7]
touchgfx::TouchCalibration::matrix
                        0x2000'c5f0     0x2c  Data  Gb  TouchCalibration.o [7]
touchgfx::TouchCalibration::muldiv(int, int, int, int, int &)
                         0x803'a00d     0x96  Code  Gb  TouchCalibration.o [7]
touchgfx::TouchCalibration::muldivu(unsigned int, unsigned int, unsigned int, unsigned int, unsigned int, unsigned int &)
                         0x803'a0a3     0xac  Code  Gb  TouchCalibration.o [7]
touchgfx::TouchCalibration::translatePoint(touchgfx::Point &)
                         0x803'a18f     0x74  Code  Gb  TouchCalibration.o [7]
touchgfx::Transition::Transition()
                         0x803'fd79     0x10  Code  Gb  FrontendApplicationBase.o [1]
touchgfx::Transition::Transition() [subobject]
                         0x803'fbc5      0x4  Code  Gb  FrontendApplicationBase.o [1]
touchgfx::Transition::handleTickEvent()
                         0x804'3b85      0x2  Code  Gb  FrontendApplicationBase.o [1]
touchgfx::Transition::init()
                         0x804'7195      0x2  Code  Gb  FrontendApplicationBase.o [1]
touchgfx::Transition::invalidate()
                         0x804'7cdd     0x10  Code  Gb  FrontendApplicationBase.o [1]
touchgfx::Transition::setScreenContainer(touchgfx::Container &)
                         0x804'7e11      0x4  Code  Gb  FrontendApplicationBase.o [1]
touchgfx::Transition::tearDown()
                         0x803'7afb      0x2  Code  Gb  FrontendApplicationBase.o [1]
touchgfx::Transition::~Transition()
                         0x803'7a6f      0x2  Code  Gb  FrontendApplicationBase.o [1]
touchgfx::TypedText::TypedText(unsigned short)
                         0x802'e6a9      0xc  Code  Gb  MainScreenViewBase.o [1]
touchgfx::TypedText::assertValid() const::string (instance 2)
                         0x804'6dbc     0x44  Data  Gb  MainScreenViewBase.o [1]
touchgfx::TypedText::assertValid() const::string (instance 3)
                         0x804'45f4     0xbc  Data  Gb  MainScreenViewBase.o [1]
touchgfx::TypedText::assertValid() const::string (instance 5)
                         0x804'6b00     0x54  Data  Gb  MainScreenViewBase.o [1]
touchgfx::TypedText::fonts
                        0x2000'c868      0x4  Data  Gb  TypedText.o [7]
touchgfx::TypedText::numberOfTypedTexts
                        0x2000'c870      0x2  Data  Gb  TypedText.o [7]
touchgfx::TypedText::operator =(const touchgfx::TypedText&)
                         0x804'01dd      0x6  Code  Gb  LogoScreenViewBase.o [1]
touchgfx::TypedText::registerTexts(touchgfx::Texts const *)
                         0x803'f0fd      0xc  Code  Gb  TouchGFXConfiguration.o [1]
touchgfx::TypedText::registerTypedTextDatabase(touchgfx::TypedText::TypedTextData const *, touchgfx::Font const *const *, unsigned short)
                         0x803'539d     0x1c  Code  Gb  Texts.o [1]
touchgfx::TypedText::texts
                        0x2000'c864      0x4  Data  Gb  TypedText.o [7]
touchgfx::TypedText::typedTexts
                        0x2000'c860      0x4  Data  Gb  TypedText.o [7]
touchgfx::UIEventListener::handleClickEvent(touchgfx::ClickEvent const &)
                         0x804'019f      0x2  Code  Gb  Application.o [7]
touchgfx::UIEventListener::handleDragEvent(touchgfx::DragEvent const &)
                         0x804'01e3      0x2  Code  Gb  Application.o [7]
touchgfx::UIEventListener::handleGestureEvent(touchgfx::GestureEvent const &)
                         0x804'26b7      0x2  Code  Gb  Application.o [7]
touchgfx::UIEventListener::handleKeyEvent(unsigned char)
                         0x804'2d17      0x2  Code  Gb  Application.o [7]
touchgfx::UIEventListener::handleTickEvent()
                         0x804'301f      0x2  Code  Gb  Application.o [7]
touchgfx::Unicode::composeString(unsigned short const *&, unsigned short, unsigned short, bool, bool, int, bool, int, bool, int &, unsigned short, unsigned short *)
                         0x802'f3cb    0x15a  Code  Gb  Unicode.o [7]
touchgfx::Unicode::parseFlagsAndPrecision(unsigned short const *&, char const *&, unsigned short &, bool &, bool &, bool &, bool &, int &, bool &, int &)
                         0x802'f525    0x1ae  Code  Gb  Unicode.o [7]
touchgfx::Unicode::snprintf(unsigned short *, unsigned short, char const *, ...)
                         0x802'f3b5     0x10  Code  Gb  Unicode.o [7]
touchgfx::Unicode::strlen(unsigned short const *)
                         0x802'ef99     0x1a  Code  Gb  Unicode.o [7]
touchgfx::Unicode::strncpy(unsigned short *, char const *, unsigned short)
                         0x802'efb3     0x24  Code  Gb  Unicode.o [7]
touchgfx::Unicode::vsnprintf(unsigned short *, unsigned short, unsigned short const *, char const *, __va_list)
                         0x802'efdd    0x3c8  Code  Gb  Unicode.o [7]
touchgfx::Vector<touchgfx::Drawable *, (unsigned short)32>::add(touchgfx::Drawable *)::string (instance 2)
                         0x804'71c8     0x30  Data  Gb  Application.o [7]
touchgfx::Vector<touchgfx::Drawable *, (unsigned short)32>::add(touchgfx::Drawable *)::string (instance 3)
                         0x804'5f74     0x84  Data  Gb  Application.o [7]
touchgfx::Vector<touchgfx::Rect, (unsigned short)8>::Vector()
                         0x803'6e69     0x1c  Code  Gb  Application.o [7]
touchgfx::Vector<touchgfx::Rect, (unsigned short)8>::add(touchgfx::Rect)
                         0x803'6f81     0x4c  Code  Gb  Application.o [7]
touchgfx::Vector<touchgfx::Rect, (unsigned short)8>::add(touchgfx::Rect)::string (instance 2)
                         0x804'7198     0x30  Data  Gb  Application.o [7]
touchgfx::Vector<touchgfx::Rect, (unsigned short)8>::add(touchgfx::Rect)::string (instance 3)
                         0x804'5ef0     0x84  Data  Gb  Application.o [7]
touchgfx::Vector<touchgfx::Rect, (unsigned short)8>::quickRemoveAt(unsigned short)
                         0x803'6f0d     0x30  Code  Gb  Application.o [7]
touchgfx::View<LogoScreenPresenter>::View()
                         0x804'01c1     0x18  Code  Gb  LogoScreenViewBase.o [1]
touchgfx::View<LogoScreenPresenter>::View() [subobject]
                         0x803'fd89      0x4  Code  Gb  LogoScreenViewBase.o [1]
touchgfx::View<LogoScreenPresenter>::bind(LogoScreenPresenter &)
                         0x803'fa11      0x4  Code  Gb  FrontendApplicationBase.o [1]
touchgfx::View<LogoScreenPresenter>::~View()
                         0x803'b6e3      0x2  Code  Gb  LogoScreenViewBase.o [1]
touchgfx::View<MainScreenPresenter>::View()
                         0x802'f8dd     0x18  Code  Gb  MainScreenViewBase.o [1]
touchgfx::View<MainScreenPresenter>::View() [subobject]
                         0x802'afff      0x4  Code  Gb  MainScreenViewBase.o [1]
touchgfx::View<MainScreenPresenter>::bind(MainScreenPresenter &)
                         0x803'fac9      0x4  Code  Gb  FrontendApplicationBase.o [1]
touchgfx::View<MainScreenPresenter>::~View()
                         0x803'f163      0x2  Code  Gb  MainScreenViewBase.o [1]
touchgfx::Widget::Widget()
                         0x803'5a57      0xc  Code  Gb  Screen1ViewBase.o [1]
touchgfx::Widget::Widget() [subobject]
                         0x802'f909      0x4  Code  Gb  Screen1ViewBase.o [1]
touchgfx::Widget::getLastChild(short, short, touchgfx::Drawable **)
                         0x804'7751     0x1c  Code  Gb  FrontendApplicationBase.o [1]
touchgfx::clzu(unsigned int)
                         0x803'00d3     0x3a  Code  Gb  Utils.o [7]
touchgfx::colortype::colortype()
                         0x803'0255      0x6  Code  Gb  STM32DMA.o [1]
touchgfx::colortype::colortype(unsigned int)
                         0x802'bdf9      0x4  Code  Gb  Screen1ViewBase.o [1]
touchgfx::colortype::operator unsigned int() const
                         0x803'3d91      0x4  Code  Gb  STM32DMA.o [1]
touchgfx::memset(void *, unsigned char, unsigned int)
                         0x803'00c5      0xe  Code  Gb  Utils.o [7]
touchgfx::muldiv(int, int, int)
                         0x803'01e7     0x38  Code  Gb  Utils.o [7]
touchgfx::muldiv(int, int, int, int &)
                         0x803'010d     0x3c  Code  Gb  Utils.o [7]
touchgfx::muldivu(unsigned int, unsigned int, unsigned int, unsigned int &)
                         0x803'0149     0x9e  Code  Gb  Utils.o [7]
touchgfx_fonts          0x2000'c7ac     0x24  Data  Gb  TypedTextDatabase.o [1]
touchgfx_init            0x803'e683     0x40  Code  Gb  TouchGFXConfiguration.o [1]
touchgfx_taskEntry       0x803'e6c3      0x6  Code  Gb  TouchGFXConfiguration.o [1]
typedTextDatabaseArray   0x804'7fd4      0x4  Data  Gb  TypedTextDatabase.o [1]
typedText_database_DEFAULT
                         0x804'40b0     0xcc  Data  Gb  TypedTextDatabase.o [1]
ucHeap                  0x2000'6714   0x3c00  Data  Lc  heap_4.o [1]
ucMaxSysCallPriority    0x2000'0000      0x1  Data  Lc  port.o [1]
ulMaxPRIGROUPValue      0x2000'0008      0x4  Data  Lc  port.o [1]
unicodes_times_8_4bpp    0x803'787c      0x4  Data  Gb  Table_times_8_4bpp.o [1]
unicodes_times_8_4bpp_0
                         0x804'7dc8      0xc  Data  Gb  Font_times_8_4bpp_0.o [1]
unicodes_timesbd_28_4bpp
                         0x803'7710      0x4  Data  Gb  Table_timesbd_28_4bpp.o [1]
unicodes_timesbd_28_4bpp_0
                         0x804'2138    0x1f0  Data  Gb  Font_timesbd_28_4bpp_0.o [1]
unicodes_verdana_10_4bpp
                         0x803'76b4      0x4  Data  Gb  Table_verdana_10_4bpp.o [1]
unicodes_verdana_10_4bpp_0
                         0x804'02b4    0x410  Data  Gb  Font_verdana_10_4bpp_0.o [1]
unicodes_verdana_11_4bpp
                         0x803'77c8      0x4  Data  Gb  Table_verdana_11_4bpp.o [1]
unicodes_verdana_11_4bpp_0
                         0x804'0e40    0x324  Data  Gb  Font_verdana_11_4bpp_0.o [1]
unicodes_verdana_14_4bpp
                         0x803'78d4      0x4  Data  Gb  Table_verdana_14_4bpp.o [1]
unicodes_verdana_14_4bpp_0
                         0x804'1a18    0x290  Data  Gb  Font_verdana_14_4bpp_0.o [1]
unicodes_verdana_17_4bpp
                         0x803'7824      0x4  Data  Gb  Table_verdana_17_4bpp.o [1]
unicodes_verdana_17_4bpp_0
                         0x804'1750    0x2c8  Data  Gb  Font_verdana_17_4bpp_0.o [1]
unicodes_verdana_20_4bpp
                         0x803'7600      0x4  Data  Gb  Table_verdana_20_4bpp.o [1]
unicodes_verdana_20_4bpp_0
                         0x804'0ac0    0x380  Data  Gb  Font_verdana_20_4bpp_0.o [1]
unicodes_verdana_40_4bpp
                         0x803'7658      0x4  Data  Gb  Table_verdana_40_4bpp.o [1]
unicodes_verdana_40_4bpp_0
                         0x804'3394    0x118  Data  Gb  Font_verdana_40_4bpp_0.o [1]
unicodes_verdana_7_4bpp
                         0x803'776c      0x4  Data  Gb  Table_verdana_7_4bpp.o [1]
unicodes_verdana_7_4bpp_0
                         0x804'4e18     0x98  Data  Gb  Font_verdana_7_4bpp_0.o [1]
uwTick                  0x2000'0010      0x4  Data  Gb  stm32f4xx_hal.o [1]
uwTickFreq              0x2000'000c      0x1  Data  Gb  stm32f4xx_hal.o [1]
uwTickPrio              0x2000'0014      0x4  Data  Gb  stm32f4xx_hal.o [1]
uxCriticalNesting       0x2000'0004      0x4  Data  Lc  port.o [1]
uxCurrentNumberOfTasks  0x2000'c45c      0x4  Data  Lc  tasks.o [1]
uxDeletedTasksWaitingCleanUp
                        0x2000'c444      0x4  Data  Lc  tasks.o [1]
uxListRemove             0x803'b6bd     0x26  Code  Gb  list.o [1]
uxPendedTicks           0x2000'c46c      0x4  Data  Lc  tasks.o [1]
uxSchedulerSuspended    0x2000'c484      0x4  Data  Lc  tasks.o [1]
uxTaskNumber            0x2000'c478      0x4  Data  Lc  tasks.o [1]
uxTopReadyPriority      0x2000'c464      0x4  Data  Lc  tasks.o [1]
vApplicationGetIdleTaskMemory
                         0x803'b8f9     0x18  Code  Gb  freertos.o [1]
vListInitialise          0x803'b651     0x1a  Code  Gb  list.o [1]
vListInitialiseItem      0x803'b66b      0x6  Code  Gb  list.o [1]
vListInsert              0x803'b689     0x34  Code  Gb  list.o [1]
vListInsertEnd           0x803'b671     0x18  Code  Gb  list.o [1]
vPortEnableVFP           0x803'b9a5           Code  Gb  portasm.o [1]
vPortEnterCritical       0x803'b7e9     0x32  Code  Gb  port.o [1]
vPortExitCritical        0x803'b81b     0x26  Code  Gb  port.o [1]
vPortFree                0x803'b551     0x5e  Code  Gb  heap_4.o [1]
vPortStartFirstTask      0x803'b985           Code  Gb  portasm.o [1]
vPortValidateInterruptPriority
                         0x803'b869     0x44  Code  Gb  port.o [1]
vTaskDelay               0x803'a5bf     0x4c  Code  Gb  tasks.o [1]
vTaskInternalSetTimeOutState
                         0x803'a913      0xe  Code  Gb  tasks.o [1]
vTaskMissedYield         0x803'a999      0x8  Code  Gb  tasks.o [1]
vTaskPlaceOnEventList    0x803'a871     0x30  Code  Gb  tasks.o [1]
vTaskPriorityDisinheritAfterTimeout
                         0x803'abe7     0xa4  Code  Gb  tasks.o [1]
vTaskStartScheduler      0x803'a60d     0x66  Code  Gb  tasks.o [1]
vTaskSuspendAll          0x803'a67d      0xc  Code  Gb  tasks.o [1]
vTaskSwitchContext       0x803'a817     0x5a  Code  Gb  tasks.o [1]
void touchgfx::Circle::setArc<int>(int, int)
                         0x802'f71d     0x22  Code  Gb  MainScreenViewBase.o [1]
void touchgfx::Circle::setCenter<int>(int, int)
                         0x802'f6d7     0x22  Code  Gb  MainScreenViewBase.o [1]
void touchgfx::Circle::setLineWidth<int>(int)
                         0x802'f70b     0x12  Code  Gb  MainScreenViewBase.o [1]
void touchgfx::Circle::setRadius<int>(int)
                         0x802'f6f9     0x12  Code  Gb  MainScreenViewBase.o [1]
vsync_sem               0x2000'c840      0x4  Data  Lc  OSWrappers.o [1]
xBlockAllocatedBit      0x2000'6710      0x4  Data  Lc  heap_4.o [1]
xDelayedTaskList1       0x2000'c488     0x14  Data  Lc  tasks.o [1]
xDelayedTaskList2       0x2000'c49c     0x14  Data  Lc  tasks.o [1]
xFreeBytesRemaining     0x2000'6708      0x4  Data  Lc  heap_4.o [1]
xIdleStack              0x2000'a368   0x2000  Data  Lc  freertos.o [1]
xIdleTaskHandle         0x2000'c480      0x4  Data  Lc  tasks.o [1]
xIdleTaskTCBBuffer      0x2000'a314     0x54  Data  Lc  freertos.o [1]
xMinimumEverFreeBytesRemaining
                        0x2000'670c      0x4  Data  Lc  heap_4.o [1]
xNextTaskUnblockTime    0x2000'c47c      0x4  Data  Lc  tasks.o [1]
xNumOfOverflows         0x2000'c474      0x4  Data  Lc  tasks.o [1]
xPendingReadyList       0x2000'c410     0x14  Data  Lc  tasks.o [1]
xPortStartScheduler      0x803'b729     0xc0  Code  Gb  port.o [1]
xQueueGenericCreate      0x803'ae53     0x4c  Code  Gb  queue.o [1]
xQueueGenericCreateStatic
                         0x803'adaf     0xa4  Code  Gb  queue.o [1]
xQueueGenericReset       0x803'ad21     0x8e  Code  Gb  queue.o [1]
xQueueGenericSend        0x803'aeb9    0x17c  Code  Gb  queue.o [1]
xQueueGiveFromISR        0x803'b035     0xae  Code  Gb  queue.o [1]
xQueueReceiveFromISR     0x803'b279     0xa4  Code  Gb  queue.o [1]
xQueueSemaphoreTake      0x803'b0e3    0x196  Code  Gb  queue.o [1]
xSchedulerRunning       0x2000'c468      0x4  Data  Lc  tasks.o [1]
xStart                  0x2000'66fc      0x8  Data  Lc  heap_4.o [1]
xSuspendedTaskList      0x2000'c448     0x14  Data  Lc  tasks.o [1]
xTaskCheckForTimeOut     0x803'a921     0x78  Code  Gb  tasks.o [1]
xTaskCreate              0x803'a429     0x66  Code  Gb  tasks.o [1]
xTaskCreateStatic        0x803'a3ad     0x7c  Code  Gb  tasks.o [1]
xTaskGetSchedulerState   0x803'aaa5     0x1c  Code  Gb  tasks.o [1]
xTaskIncrementTick       0x803'a749     0xce  Code  Gb  tasks.o [1]
xTaskPriorityDisinherit
                         0x803'ab4f     0x98  Code  Gb  tasks.o [1]
xTaskPriorityInherit     0x803'aac1     0x8e  Code  Gb  tasks.o [1]
xTaskRemoveFromEventList
                         0x803'a8a1     0x72  Code  Gb  tasks.o [1]
xTaskResumeAll           0x803'a689     0xc0  Code  Gb  tasks.o [1]
xTasksWaitingTermination
                        0x2000'c424     0x14  Data  Lc  tasks.o [1]
xTickCount              0x2000'c460      0x4  Data  Lc  tasks.o [1]
xYieldPending           0x2000'c470      0x4  Data  Lc  tasks.o [1]


[1] = C:\Users\Ahmad\WorkSpace\PosheshHayeNanoSakhtar\LCD_BOARD_Firmware\Panel\Panel_V.14_LTDC_NEW_4.3_(V13-Modified)\EWARM\Panel_V10\Obj
[2] = dl7M_tlf.a
[3] = dlpp7M_tl_fc.a
[4] = m7M_tls.a
[5] = rt7M_tl.a
[6] = shb_l.a
[7] = touchgfx_core.a

   98 984 bytes of readonly  code memory
  196 048 bytes of readonly  data memory
   52 340 bytes of readwrite data memory

Errors: none
Warnings: none
